*** WARNING : deprecated key derivation used.
Using -iter or -pbkdf2 would be better.
bad decrypt
40A725AAE0710000:error:1C800064:Provider routines:ossl_cipher_unpadblock:bad decrypt:../providers/implementations/ciphers/ciphercommon_block.c:124:
bad magic number
*** WARNING : deprecated key derivation used.
Using -iter or -pbkdf2 would be better.
bad decrypt
4077F0E64B7E0000:error:1C800064:Provider routines:ossl_cipher_unpadblock:bad decrypt:../providers/implementations/ciphers/ciphercommon_block.c:124:
*** WARNING : deprecated key derivation used.
Using -iter or -pbkdf2 would be better.
bad magic number
*** WARNING : deprecated key derivation used.
Using -iter or -pbkdf2 would be better.
*** WARNING : deprecated key derivation used.
Using -iter or -pbkdf2 would be better.
bad magic number
*** WARNING : deprecated key derivation used.
Using -iter or -pbkdf2 would be better.
*** WARNING : deprecated key derivation used.
Using -iter or -pbkdf2 would be better.
bad magic number
*** WARNING : deprecated key derivation used.
Using -iter or -pbkdf2 would be better.
*** WARNING : deprecated key derivation used.
Using -iter or -pbkdf2 would be better.
bad magic number
*** WARNING : deprecated key derivation used.
Using -iter or -pbkdf2 would be better.
*** WARNING : deprecated key derivation used.
Using -iter or -pbkdf2 would be better.
bad decrypt
40475DACE3720000:error:1C800064:Provider routines:ossl_cipher_unpadblock:bad decrypt:../providers/implementations/ciphers/ciphercommon_block.c:124:
bad magic number
*** WARNING : deprecated key derivation used.
Using -iter or -pbkdf2 would be better.
bad decrypt
40071DF7F8710000:error:1C800064:Provider routines:ossl_cipher_unpadblock:bad decrypt:../providers/implementations/ciphers/ciphercommon_block.c:124:
*** WARNING : deprecated key derivation used.
Using -iter or -pbkdf2 would be better.
bad magic number
*** WARNING : deprecated key derivation used.
Using -iter or -pbkdf2 would be better.
*** WARNING : deprecated key derivation used.
Using -iter or -pbkdf2 would be better.
bad decrypt
40970A6349720000:error:1C800064:Provider routines:ossl_cipher_unpadblock:bad decrypt:../providers/implementations/ciphers/ciphercommon_block.c:124:
bad magic number
*** WARNING : deprecated key derivation used.
Using -iter or -pbkdf2 would be better.
bad decrypt
40E779BD61740000:error:1C800064:Provider routines:ossl_cipher_unpadblock:bad decrypt:../providers/implementations/ciphers/ciphercommon_block.c:124:
*** WARNING : deprecated key derivation used.
Using -iter or -pbkdf2 would be better.
bad magic number
*** WARNING : deprecated key derivation used.
Using -iter or -pbkdf2 would be better.
*** WARNING : deprecated key derivation used.
Using -iter or -pbkdf2 would be better.
bad magic number
*** WARNING : deprecated key derivation used.
Using -iter or -pbkdf2 would be better.
*** WARNING : deprecated key derivation used.
Using -iter or -pbkdf2 would be better.
bad magic number
*** WARNING : deprecated key derivation used.
Using -iter or -pbkdf2 would be better.
*** WARNING : deprecated key derivation used.
Using -iter or -pbkdf2 would be better.
bad magic number
*** WARNING : deprecated key derivation used.
Using -iter or -pbkdf2 would be better.
*** WARNING : deprecated key derivation used.
Using -iter or -pbkdf2 would be better.
bad decrypt
40771F6A68720000:error:1C800064:Provider routines:ossl_cipher_unpadblock:bad decrypt:../providers/implementations/ciphers/ciphercommon_block.c:124:
bad magic number
*** WARNING : deprecated key derivation used.
Using -iter or -pbkdf2 would be better.
bad decrypt
4067536E2E7A0000:error:1C800064:Provider routines:ossl_cipher_unpadblock:bad decrypt:../providers/implementations/ciphers/ciphercommon_block.c:124:
*** WARNING : deprecated key derivation used.
Using -iter or -pbkdf2 would be better.
bad magic number
*** WARNING : deprecated key derivation used.
Using -iter or -pbkdf2 would be better.
*** WARNING : deprecated key derivation used.
Using -iter or -pbkdf2 would be better.
*** WARNING : deprecated key derivation used.
Using -iter or -pbkdf2 would be better.
*** WARNING : deprecated key derivation used.
Using -iter or -pbkdf2 would be better.
bad decrypt
408712D382790000:error:1C800064:Provider routines:ossl_cipher_unpadblock:bad decrypt:../providers/implementations/ciphers/ciphercommon_block.c:124:
*** WARNING : deprecated key derivation used.
Using -iter or -pbkdf2 would be better.
bad magic number
*** WARNING : deprecated key derivation used.
Using -iter or -pbkdf2 would be better.
*** WARNING : deprecated key derivation used.
Using -iter or -pbkdf2 would be better.
bad magic number
*** WARNING : deprecated key derivation used.
Using -iter or -pbkdf2 would be better.
*** WARNING : deprecated key derivation used.
Using -iter or -pbkdf2 would be better.
bad magic number
*** WARNING : deprecated key derivation used.
Using -iter or -pbkdf2 would be better.
*** WARNING : deprecated key derivation used.
Using -iter or -pbkdf2 would be better.
bad magic number
*** WARNING : deprecated key derivation used.
Using -iter or -pbkdf2 would be better.
*** WARNING : deprecated key derivation used.
Using -iter or -pbkdf2 would be better.
bad decrypt
40E73DC00C7A0000:error:1C800064:Provider routines:ossl_cipher_unpadblock:bad decrypt:../providers/implementations/ciphers/ciphercommon_block.c:124:
bad magic number
*** WARNING : deprecated key derivation used.
Using -iter or -pbkdf2 would be better.
bad decrypt
40A73B9393770000:error:1C800064:Provider routines:ossl_cipher_unpadblock:bad decrypt:../providers/implementations/ciphers/ciphercommon_block.c:124:
*** WARNING : deprecated key derivation used.
Using -iter or -pbkdf2 would be better.
bad magic number
*** WARNING : deprecated key derivation used.
Using -iter or -pbkdf2 would be better.
*** WARNING : deprecated key derivation used.
Using -iter or -pbkdf2 would be better.
bad decrypt
40777A7F43750000:error:1C800064:Provider routines:ossl_cipher_unpadblock:bad decrypt:../providers/implementations/ciphers/ciphercommon_block.c:124:
bad magic number
*** WARNING : deprecated key derivation used.
Using -iter or -pbkdf2 would be better.
bad decrypt
40673AF408790000:error:1C800064:Provider routines:ossl_cipher_unpadblock:bad decrypt:../providers/implementations/ciphers/ciphercommon_block.c:124:
*** WARNING : deprecated key derivation used.
Using -iter or -pbkdf2 would be better.
error writing output file
40D7652BFF710000:error:1C800066:Provider routines:aes_wrap_cipher_internal:cipher operation failed:../providers/implementations/ciphers/cipher_aes_wrp.c:212:
40D7652BFF710000:error:030000BD:digital envelope routines:EVP_DecryptUpdate:update error:../crypto/evp/evp_enc.c:837:
error reading input file
*** WARNING : deprecated key derivation used.
Using -iter or -pbkdf2 would be better.
error writing output file
40077CA3CE760000:error:1C800066:Provider routines:aes_wrap_cipher_internal:cipher operation failed:../providers/implementations/ciphers/cipher_aes_wrp.c:212:
40077CA3CE760000:error:030000BD:digital envelope routines:EVP_DecryptUpdate:update error:../crypto/evp/evp_enc.c:837:
*** WARNING : deprecated key derivation used.
Using -iter or -pbkdf2 would be better.
bad decrypt
4067BE41CB790000:error:1C800064:Provider routines:ossl_cipher_unpadblock:bad decrypt:../providers/implementations/ciphers/ciphercommon_block.c:124:
bad magic number
*** WARNING : deprecated key derivation used.
Using -iter or -pbkdf2 would be better.
bad decrypt
40872B56EC740000:error:1C800064:Provider routines:ossl_cipher_unpadblock:bad decrypt:../providers/implementations/ciphers/ciphercommon_block.c:124:
*** WARNING : deprecated key derivation used.
Using -iter or -pbkdf2 would be better.
error writing output file
40B733C7B47D0000:error:1C800066:Provider routines:aes_wrap_cipher_internal:cipher operation failed:../providers/implementations/ciphers/cipher_aes_wrp.c:212:
40B733C7B47D0000:error:030000BD:digital envelope routines:EVP_DecryptUpdate:update error:../crypto/evp/evp_enc.c:837:
error reading input file
*** WARNING : deprecated key derivation used.
Using -iter or -pbkdf2 would be better.
error writing output file
40D7111BEB780000:error:1C800066:Provider routines:aes_wrap_cipher_internal:cipher operation failed:../providers/implementations/ciphers/cipher_aes_wrp.c:212:
40D7111BEB780000:error:030000BD:digital envelope routines:EVP_DecryptUpdate:update error:../crypto/evp/evp_enc.c:837:
*** WARNING : deprecated key derivation used.
Using -iter or -pbkdf2 would be better.
*** WARNING : deprecated key derivation used.
Using -iter or -pbkdf2 would be better.
*** WARNING : deprecated key derivation used.
Using -iter or -pbkdf2 would be better.
bad decrypt
409702517F7C0000:error:1C800064:Provider routines:ossl_cipher_unpadblock:bad decrypt:../providers/implementations/ciphers/ciphercommon_block.c:124:
*** WARNING : deprecated key derivation used.
Using -iter or -pbkdf2 would be better.
error writing output file
40E71E8C7F710000:error:1C800066:Provider routines:aes_wrap_cipher_internal:cipher operation failed:../providers/implementations/ciphers/cipher_aes_wrp.c:212:
40E71E8C7F710000:error:030000BD:digital envelope routines:EVP_DecryptUpdate:update error:../crypto/evp/evp_enc.c:837:
error reading input file
*** WARNING : deprecated key derivation used.
Using -iter or -pbkdf2 would be better.
error writing output file
40D76A7A567E0000:error:1C800066:Provider routines:aes_wrap_cipher_internal:cipher operation failed:../providers/implementations/ciphers/cipher_aes_wrp.c:212:
40D76A7A567E0000:error:030000BD:digital envelope routines:EVP_DecryptUpdate:update error:../crypto/evp/evp_enc.c:837:
*** WARNING : deprecated key derivation used.
Using -iter or -pbkdf2 would be better.
error writing output file
4057DA0C0C710000:error:1C800066:Provider routines:aes_wrap_cipher_internal:cipher operation failed:../providers/implementations/ciphers/cipher_aes_wrp.c:212:
4057DA0C0C710000:error:030000BD:digital envelope routines:EVP_DecryptUpdate:update error:../crypto/evp/evp_enc.c:837:
error reading input file
*** WARNING : deprecated key derivation used.
Using -iter or -pbkdf2 would be better.
error writing output file
4017814F957F0000:error:1C800066:Provider routines:aes_wrap_cipher_internal:cipher operation failed:../providers/implementations/ciphers/cipher_aes_wrp.c:212:
4017814F957F0000:error:030000BD:digital envelope routines:EVP_DecryptUpdate:update error:../crypto/evp/evp_enc.c:837:
*** WARNING : deprecated key derivation used.
Using -iter or -pbkdf2 would be better.
error writing output file
4017205DC7730000:error:1C800066:Provider routines:aes_wrap_cipher_internal:cipher operation failed:../providers/implementations/ciphers/cipher_aes_wrp.c:212:
4017205DC7730000:error:030000BD:digital envelope routines:EVP_DecryptUpdate:update error:../crypto/evp/evp_enc.c:837:
error reading input file
*** WARNING : deprecated key derivation used.
Using -iter or -pbkdf2 would be better.
error writing output file
40F75803A8720000:error:1C800066:Provider routines:aes_wrap_cipher_internal:cipher operation failed:../providers/implementations/ciphers/cipher_aes_wrp.c:212:
40F75803A8720000:error:030000BD:digital envelope routines:EVP_DecryptUpdate:update error:../crypto/evp/evp_enc.c:837:
*** WARNING : deprecated key derivation used.
Using -iter or -pbkdf2 would be better.
error writing output file
4077CC399E760000:error:1C800066:Provider routines:aes_wrap_cipher_internal:cipher operation failed:../providers/implementations/ciphers/cipher_aes_wrp.c:212:
4077CC399E760000:error:030000BD:digital envelope routines:EVP_DecryptUpdate:update error:../crypto/evp/evp_enc.c:837:
error reading input file
*** WARNING : deprecated key derivation used.
Using -iter or -pbkdf2 would be better.
error writing output file
40071DEBE07D0000:error:1C800066:Provider routines:aes_wrap_cipher_internal:cipher operation failed:../providers/implementations/ciphers/cipher_aes_wrp.c:212:
40071DEBE07D0000:error:030000BD:digital envelope routines:EVP_DecryptUpdate:update error:../crypto/evp/evp_enc.c:837:
*** WARNING : deprecated key derivation used.
Using -iter or -pbkdf2 would be better.
error writing output file
403798FC7E7F0000:error:1C800066:Provider routines:aes_wrap_cipher_internal:cipher operation failed:../providers/implementations/ciphers/cipher_aes_wrp.c:212:
403798FC7E7F0000:error:030000BD:digital envelope routines:EVP_DecryptUpdate:update error:../crypto/evp/evp_enc.c:837:
error reading input file
*** WARNING : deprecated key derivation used.
Using -iter or -pbkdf2 would be better.
error writing output file
40E70B47657C0000:error:1C800066:Provider routines:aes_wrap_cipher_internal:cipher operation failed:../providers/implementations/ciphers/cipher_aes_wrp.c:212:
40E70B47657C0000:error:030000BD:digital envelope routines:EVP_DecryptUpdate:update error:../crypto/evp/evp_enc.c:837:
*** WARNING : deprecated key derivation used.
Using -iter or -pbkdf2 would be better.
error writing output file
40E72E504E720000:error:1C800066:Provider routines:aes_wrap_cipher_internal:cipher operation failed:../providers/implementations/ciphers/cipher_aes_wrp.c:212:
40E72E504E720000:error:030000BD:digital envelope routines:EVP_DecryptUpdate:update error:../crypto/evp/evp_enc.c:837:
error reading input file
*** WARNING : deprecated key derivation used.
Using -iter or -pbkdf2 would be better.
error writing output file
40174FD974720000:error:1C800066:Provider routines:aes_wrap_cipher_internal:cipher operation failed:../providers/implementations/ciphers/cipher_aes_wrp.c:212:
40174FD974720000:error:030000BD:digital envelope routines:EVP_DecryptUpdate:update error:../crypto/evp/evp_enc.c:837:
*** WARNING : deprecated key derivation used.
Using -iter or -pbkdf2 would be better.
error writing output file
40478E7EF3750000:error:1C800066:Provider routines:aes_wrap_cipher_internal:cipher operation failed:../providers/implementations/ciphers/cipher_aes_wrp.c:212:
40478E7EF3750000:error:030000BD:digital envelope routines:EVP_DecryptUpdate:update error:../crypto/evp/evp_enc.c:837:
error reading input file
*** WARNING : deprecated key derivation used.
Using -iter or -pbkdf2 would be better.
error writing output file
40F7779B6E7E0000:error:1C800066:Provider routines:aes_wrap_cipher_internal:cipher operation failed:../providers/implementations/ciphers/cipher_aes_wrp.c:212:
40F7779B6E7E0000:error:030000BD:digital envelope routines:EVP_DecryptUpdate:update error:../crypto/evp/evp_enc.c:837:
*** WARNING : deprecated key derivation used.
Using -iter or -pbkdf2 would be better.
bad decrypt
4027C792587F0000:error:1C800064:Provider routines:ossl_cipher_unpadblock:bad decrypt:../providers/implementations/ciphers/ciphercommon_block.c:129:
*** WARNING : deprecated key derivation used.
Using -iter or -pbkdf2 would be better.
bad decrypt
40677EAF11750000:error:1C800064:Provider routines:ossl_cipher_unpadblock:bad decrypt:../providers/implementations/ciphers/ciphercommon_block.c:124:
*** WARNING : deprecated key derivation used.
Using -iter or -pbkdf2 would be better.
bad decrypt
4047B2FC947C0000:error:1C800064:Provider routines:ossl_cipher_unpadblock:bad decrypt:../providers/implementations/ciphers/ciphercommon_block.c:124:
*** WARNING : deprecated key derivation used.
Using -iter or -pbkdf2 would be better.
*** WARNING : deprecated key derivation used.
Using -iter or -pbkdf2 would be better.
*** WARNING : deprecated key derivation used.
Using -iter or -pbkdf2 would be better.
*** WARNING : deprecated key derivation used.
Using -iter or -pbkdf2 would be better.
*** WARNING : deprecated key derivation used.
Using -iter or -pbkdf2 would be better.
*** WARNING : deprecated key derivation used.
Using -iter or -pbkdf2 would be better.
*** WARNING : deprecated key derivation used.
Using -iter or -pbkdf2 would be better.
*** WARNING : deprecated key derivation used.
Using -iter or -pbkdf2 would be better.
*** WARNING : deprecated key derivation used.
Using -iter or -pbkdf2 would be better.
*** WARNING : deprecated key derivation used.
Using -iter or -pbkdf2 would be better.
*** WARNING : deprecated key derivation used.
Using -iter or -pbkdf2 would be better.
*** WARNING : deprecated key derivation used.
Using -iter or -pbkdf2 would be better.
*** WARNING : deprecated key derivation used.
Using -iter or -pbkdf2 would be better.
bad decrypt
4047869A9B720000:error:1C800064:Provider routines:ossl_cipher_unpadblock:bad decrypt:../providers/implementations/ciphers/ciphercommon_block.c:124:
*** WARNING : deprecated key derivation used.
Using -iter or -pbkdf2 would be better.
bad decrypt
40E7BAA44C760000:error:1C800064:Provider routines:ossl_cipher_unpadblock:bad decrypt:../providers/implementations/ciphers/ciphercommon_block.c:124:
*** WARNING : deprecated key derivation used.
Using -iter or -pbkdf2 would be better.
bad decrypt
4017B57DBA700000:error:1C800064:Provider routines:ossl_cipher_unpadblock:bad decrypt:../providers/implementations/ciphers/ciphercommon_block.c:124:
*** WARNING : deprecated key derivation used.
Using -iter or -pbkdf2 would be better.
*** WARNING : deprecated key derivation used.
Using -iter or -pbkdf2 would be better.
*** WARNING : deprecated key derivation used.
Using -iter or -pbkdf2 would be better.
*** WARNING : deprecated key derivation used.
Using -iter or -pbkdf2 would be better.
bad decrypt
409723935E790000:error:1C800064:Provider routines:ossl_cipher_unpadblock:bad decrypt:../providers/implementations/ciphers/ciphercommon_block.c:124:
*** WARNING : deprecated key derivation used.
Using -iter or -pbkdf2 would be better.
bad decrypt
40C7AA21BC7C0000:error:1C800064:Provider routines:ossl_cipher_unpadblock:bad decrypt:../providers/implementations/ciphers/ciphercommon_block.c:124:
*** WARNING : deprecated key derivation used.
Using -iter or -pbkdf2 would be better.
bad decrypt
4017239502790000:error:1C800064:Provider routines:ossl_cipher_unpadblock:bad decrypt:../providers/implementations/ciphers/ciphercommon_block.c:124:
*** WARNING : deprecated key derivation used.
Using -iter or -pbkdf2 would be better.
*** WARNING : deprecated key derivation used.
Using -iter or -pbkdf2 would be better.
*** WARNING : deprecated key derivation used.
Using -iter or -pbkdf2 would be better.
*** WARNING : deprecated key derivation used.
Using -iter or -pbkdf2 would be better.
*** WARNING : deprecated key derivation used.
Using -iter or -pbkdf2 would be better.
*** WARNING : deprecated key derivation used.
Using -iter or -pbkdf2 would be better.
*** WARNING : deprecated key derivation used.
Using -iter or -pbkdf2 would be better.
*** WARNING : deprecated key derivation used.
Using -iter or -pbkdf2 would be better.
*** WARNING : deprecated key derivation used.
Using -iter or -pbkdf2 would be better.
*** WARNING : deprecated key derivation used.
Using -iter or -pbkdf2 would be better.
*** WARNING : deprecated key derivation used.
Using -iter or -pbkdf2 would be better.
*** WARNING : deprecated key derivation used.
Using -iter or -pbkdf2 would be better.
*** WARNING : deprecated key derivation used.
Using -iter or -pbkdf2 would be better.
bad decrypt
40F7C90938770000:error:1C800064:Provider routines:ossl_cipher_unpadblock:bad decrypt:../providers/implementations/ciphers/ciphercommon_block.c:124:
*** WARNING : deprecated key derivation used.
Using -iter or -pbkdf2 would be better.
bad decrypt
40C7BFE406740000:error:1C800064:Provider routines:ossl_cipher_unpadblock:bad decrypt:../providers/implementations/ciphers/ciphercommon_block.c:124:
*** WARNING : deprecated key derivation used.
Using -iter or -pbkdf2 would be better.
bad decrypt
40675A051C7D0000:error:1C800064:Provider routines:ossl_cipher_unpadblock:bad decrypt:../providers/implementations/ciphers/ciphercommon_block.c:124:
*** WARNING : deprecated key derivation used.
Using -iter or -pbkdf2 would be better.
*** WARNING : deprecated key derivation used.
Using -iter or -pbkdf2 would be better.
*** WARNING : deprecated key derivation used.
Using -iter or -pbkdf2 would be better.
*** WARNING : deprecated key derivation used.
Using -iter or -pbkdf2 would be better.
bad decrypt
40B710B4BA700000:error:1C800064:Provider routines:ossl_cipher_unpadblock:bad decrypt:../providers/implementations/ciphers/ciphercommon_block.c:124:
*** WARNING : deprecated key derivation used.
Using -iter or -pbkdf2 would be better.
bad decrypt
40D7CA47B47A0000:error:1C800064:Provider routines:ossl_cipher_unpadblock:bad decrypt:../providers/implementations/ciphers/ciphercommon_block.c:124:
*** WARNING : deprecated key derivation used.
Using -iter or -pbkdf2 would be better.
bad decrypt
40A77E10B47E0000:error:1C800064:Provider routines:ossl_cipher_unpadblock:bad decrypt:../providers/implementations/ciphers/ciphercommon_block.c:124:
*** WARNING : deprecated key derivation used.
Using -iter or -pbkdf2 would be better.
*** WARNING : deprecated key derivation used.
Using -iter or -pbkdf2 would be better.
*** WARNING : deprecated key derivation used.
Using -iter or -pbkdf2 would be better.
*** WARNING : deprecated key derivation used.
Using -iter or -pbkdf2 would be better.
*** WARNING : deprecated key derivation used.
Using -iter or -pbkdf2 would be better.
*** WARNING : deprecated key derivation used.
Using -iter or -pbkdf2 would be better.
*** WARNING : deprecated key derivation used.
Using -iter or -pbkdf2 would be better.
*** WARNING : deprecated key derivation used.
Using -iter or -pbkdf2 would be better.
*** WARNING : deprecated key derivation used.
Using -iter or -pbkdf2 would be better.
*** WARNING : deprecated key derivation used.
Using -iter or -pbkdf2 would be better.
*** WARNING : deprecated key derivation used.
Using -iter or -pbkdf2 would be better.
*** WARNING : deprecated key derivation used.
Using -iter or -pbkdf2 would be better.
*** WARNING : deprecated key derivation used.
Using -iter or -pbkdf2 would be better.
bad decrypt
4037B84351770000:error:1C800064:Provider routines:ossl_cipher_unpadblock:bad decrypt:../providers/implementations/ciphers/ciphercommon_block.c:124:
*** WARNING : deprecated key derivation used.
Using -iter or -pbkdf2 would be better.
bad decrypt
40F76941DC700000:error:1C800064:Provider routines:ossl_cipher_unpadblock:bad decrypt:../providers/implementations/ciphers/ciphercommon_block.c:124:
*** WARNING : deprecated key derivation used.
Using -iter or -pbkdf2 would be better.
bad decrypt
4037F29E84760000:error:1C800064:Provider routines:ossl_cipher_unpadblock:bad decrypt:../providers/implementations/ciphers/ciphercommon_block.c:124:
*** WARNING : deprecated key derivation used.
Using -iter or -pbkdf2 would be better.
*** WARNING : deprecated key derivation used.
Using -iter or -pbkdf2 would be better.
*** WARNING : deprecated key derivation used.
Using -iter or -pbkdf2 would be better.
*** WARNING : deprecated key derivation used.
Using -iter or -pbkdf2 would be better.
bad decrypt
402700CF49740000:error:1C800064:Provider routines:ossl_cipher_unpadblock:bad decrypt:../providers/implementations/ciphers/ciphercommon_block.c:129:
*** WARNING : deprecated key derivation used.
Using -iter or -pbkdf2 would be better.
bad decrypt
400754A6E67F0000:error:1C800064:Provider routines:ossl_cipher_unpadblock:bad decrypt:../providers/implementations/ciphers/ciphercommon_block.c:124:
*** WARNING : deprecated key derivation used.
Using -iter or -pbkdf2 would be better.
bad decrypt
40776920B8720000:error:1C800064:Provider routines:ossl_cipher_unpadblock:bad decrypt:../providers/implementations/ciphers/ciphercommon_block.c:124:
*** WARNING : deprecated key derivation used.
Using -iter or -pbkdf2 would be better.
error writing output file
40474311A87B0000:error:1C800066:Provider routines:aes_wrap_cipher_internal:cipher operation failed:../providers/implementations/ciphers/cipher_aes_wrp.c:212:
40474311A87B0000:error:030000BD:digital envelope routines:EVP_DecryptUpdate:update error:../crypto/evp/evp_enc.c:837:
*** WARNING : deprecated key derivation used.
Using -iter or -pbkdf2 would be better.
*** WARNING : deprecated key derivation used.
Using -iter or -pbkdf2 would be better.
*** WARNING : deprecated key derivation used.
Using -iter or -pbkdf2 would be better.
bad decrypt
40075EB75E760000:error:1C800064:Provider routines:ossl_cipher_unpadblock:bad decrypt:../providers/implementations/ciphers/ciphercommon_block.c:124:
*** WARNING : deprecated key derivation used.
Using -iter or -pbkdf2 would be better.
bad decrypt
40A7AA0B50770000:error:1C800064:Provider routines:ossl_cipher_unpadblock:bad decrypt:../providers/implementations/ciphers/ciphercommon_block.c:124:
*** WARNING : deprecated key derivation used.
Using -iter or -pbkdf2 would be better.
bad decrypt
40C78548807A0000:error:1C800064:Provider routines:ossl_cipher_unpadblock:bad decrypt:../providers/implementations/ciphers/ciphercommon_block.c:124:
*** WARNING : deprecated key derivation used.
Using -iter or -pbkdf2 would be better.
error writing output file
40F7E7DBD27B0000:error:1C800066:Provider routines:aes_wrap_cipher_internal:cipher operation failed:../providers/implementations/ciphers/cipher_aes_wrp.c:212:
40F7E7DBD27B0000:error:030000BD:digital envelope routines:EVP_DecryptUpdate:update error:../crypto/evp/evp_enc.c:837:
*** WARNING : deprecated key derivation used.
Using -iter or -pbkdf2 would be better.
*** WARNING : deprecated key derivation used.
Using -iter or -pbkdf2 would be better.
*** WARNING : deprecated key derivation used.
Using -iter or -pbkdf2 would be better.
bad decrypt
40B7B947977B0000:error:1C800064:Provider routines:ossl_cipher_unpadblock:bad decrypt:../providers/implementations/ciphers/ciphercommon_block.c:124:
*** WARNING : deprecated key derivation used.
Using -iter or -pbkdf2 would be better.
bad decrypt
40E74A6893760000:error:1C800064:Provider routines:ossl_cipher_unpadblock:bad decrypt:../providers/implementations/ciphers/ciphercommon_block.c:124:
*** WARNING : deprecated key derivation used.
Using -iter or -pbkdf2 would be better.
bad decrypt
40F783303B700000:error:1C800064:Provider routines:ossl_cipher_unpadblock:bad decrypt:../providers/implementations/ciphers/ciphercommon_block.c:124:
*** WARNING : deprecated key derivation used.
Using -iter or -pbkdf2 would be better.
error writing output file
40D7D69CAE790000:error:1C800066:Provider routines:aes_wrap_cipher_internal:cipher operation failed:../providers/implementations/ciphers/cipher_aes_wrp.c:212:
40D7D69CAE790000:error:030000BD:digital envelope routines:EVP_DecryptUpdate:update error:../crypto/evp/evp_enc.c:837:
*** WARNING : deprecated key derivation used.
Using -iter or -pbkdf2 would be better.
*** WARNING : deprecated key derivation used.
Using -iter or -pbkdf2 would be better.
*** WARNING : deprecated key derivation used.
Using -iter or -pbkdf2 would be better.
error writing output file
40375EA721780000:error:1C800066:Provider routines:aes_wrap_cipher_internal:cipher operation failed:../providers/implementations/ciphers/cipher_aes_wrp.c:212:
40375EA721780000:error:030000BD:digital envelope routines:EVP_DecryptUpdate:update error:../crypto/evp/evp_enc.c:837:
*** WARNING : deprecated key derivation used.
Using -iter or -pbkdf2 would be better.
*** WARNING : deprecated key derivation used.
Using -iter or -pbkdf2 would be better.
*** WARNING : deprecated key derivation used.
Using -iter or -pbkdf2 would be better.
error writing output file
402709E72C750000:error:1C800066:Provider routines:aes_wrap_cipher_internal:cipher operation failed:../providers/implementations/ciphers/cipher_aes_wrp.c:212:
402709E72C750000:error:030000BD:digital envelope routines:EVP_DecryptUpdate:update error:../crypto/evp/evp_enc.c:837:
*** WARNING : deprecated key derivation used.
Using -iter or -pbkdf2 would be better.
*** WARNING : deprecated key derivation used.
Using -iter or -pbkdf2 would be better.
*** WARNING : deprecated key derivation used.
Using -iter or -pbkdf2 would be better.
error writing output file
40572C1AAE740000:error:1C800066:Provider routines:aes_wrap_cipher_internal:cipher operation failed:../providers/implementations/ciphers/cipher_aes_wrp.c:212:
40572C1AAE740000:error:030000BD:digital envelope routines:EVP_DecryptUpdate:update error:../crypto/evp/evp_enc.c:837:
*** WARNING : deprecated key derivation used.
Using -iter or -pbkdf2 would be better.
*** WARNING : deprecated key derivation used.
Using -iter or -pbkdf2 would be better.
*** WARNING : deprecated key derivation used.
Using -iter or -pbkdf2 would be better.
error writing output file
4077F53AC87C0000:error:1C800066:Provider routines:aes_wrap_cipher_internal:cipher operation failed:../providers/implementations/ciphers/cipher_aes_wrp.c:212:
4077F53AC87C0000:error:030000BD:digital envelope routines:EVP_DecryptUpdate:update error:../crypto/evp/evp_enc.c:837:
*** WARNING : deprecated key derivation used.
Using -iter or -pbkdf2 would be better.
*** WARNING : deprecated key derivation used.
Using -iter or -pbkdf2 would be better.
*** WARNING : deprecated key derivation used.
Using -iter or -pbkdf2 would be better.
error writing output file
40A7AF4532770000:error:1C800066:Provider routines:aes_wrap_cipher_internal:cipher operation failed:../providers/implementations/ciphers/cipher_aes_wrp.c:212:
40A7AF4532770000:error:030000BD:digital envelope routines:EVP_DecryptUpdate:update error:../crypto/evp/evp_enc.c:837:
*** WARNING : deprecated key derivation used.
Using -iter or -pbkdf2 would be better.
*** WARNING : deprecated key derivation used.
Using -iter or -pbkdf2 would be better.
*** WARNING : deprecated key derivation used.
Using -iter or -pbkdf2 would be better.
error writing output file
40F7785C167C0000:error:1C800066:Provider routines:aes_wrap_cipher_internal:cipher operation failed:../providers/implementations/ciphers/cipher_aes_wrp.c:212:
40F7785C167C0000:error:030000BD:digital envelope routines:EVP_DecryptUpdate:update error:../crypto/evp/evp_enc.c:837:
*** WARNING : deprecated key derivation used.
Using -iter or -pbkdf2 would be better.
*** WARNING : deprecated key derivation used.
Using -iter or -pbkdf2 would be better.
*** WARNING : deprecated key derivation used.
Using -iter or -pbkdf2 would be better.
*** WARNING : deprecated key derivation used.
Using -iter or -pbkdf2 would be better.
*** WARNING : deprecated key derivation used.
Using -iter or -pbkdf2 would be better.
*** WARNING : deprecated key derivation used.
Using -iter or -pbkdf2 would be better.
*** WARNING : deprecated key derivation used.
Using -iter or -pbkdf2 would be better.
*** WARNING : deprecated key derivation used.
Using -iter or -pbkdf2 would be better.
*** WARNING : deprecated key derivation used.
Using -iter or -pbkdf2 would be better.
*** WARNING : deprecated key derivation used.
Using -iter or -pbkdf2 would be better.
*** WARNING : deprecated key derivation used.
Using -iter or -pbkdf2 would be better.
*** WARNING : deprecated key derivation used.
Using -iter or -pbkdf2 would be better.
*** WARNING : deprecated key derivation used.
Using -iter or -pbkdf2 would be better.
*** WARNING : deprecated key derivation used.
Using -iter or -pbkdf2 would be better.
*** WARNING : deprecated key derivation used.
Using -iter or -pbkdf2 would be better.
bad decrypt
4097167F4A770000:error:1C800064:Provider routines:ossl_cipher_unpadblock:bad decrypt:../providers/implementations/ciphers/ciphercommon_block.c:124:
*** WARNING : deprecated key derivation used.
Using -iter or -pbkdf2 would be better.
bad decrypt
4047B6FDC2790000:error:1C800064:Provider routines:ossl_cipher_unpadblock:bad decrypt:../providers/implementations/ciphers/ciphercommon_block.c:124:
*** WARNING : deprecated key derivation used.
Using -iter or -pbkdf2 would be better.
bad decrypt
40E7782E51710000:error:1C800064:Provider routines:ossl_cipher_unpadblock:bad decrypt:../providers/implementations/ciphers/ciphercommon_block.c:124:
*** WARNING : deprecated key derivation used.
Using -iter or -pbkdf2 would be better.
*** WARNING : deprecated key derivation used.
Using -iter or -pbkdf2 would be better.
*** WARNING : deprecated key derivation used.
Using -iter or -pbkdf2 would be better.
