The command rsautl was deprecated in version 3.0. Use 'pkeyutl' instead.
Could not open file or uri for loading private key from private.key
4027DD0780730000:error:16000069:STORE routines:ossl_store_get0_loader_int:unregistered scheme:../crypto/store/store_register.c:237:scheme=file
4027DD0780730000:error:80000002:system library:file_open:No such file or directory:../providers/implementations/storemgmt/file_store.c:267:calling stat(private.key)
The command rsautl was deprecated in version 3.0. Use 'pkeyutl' instead.
Could not open file or uri for loading private key from private.key
4097004E44780000:error:16000069:STORE routines:ossl_store_get0_loader_int:unregistered scheme:../crypto/store/store_register.c:237:scheme=file
4097004E44780000:error:80000002:system library:file_open:No such file or directory:../providers/implementations/storemgmt/file_store.c:267:calling stat(private.key)
The command rsautl was deprecated in version 3.0. Use 'pkeyutl' instead.
Could not open file or uri for loading private key from private.key
40773634117F0000:error:16000069:STORE routines:ossl_store_get0_loader_int:unregistered scheme:../crypto/store/store_register.c:237:scheme=file
40773634117F0000:error:80000002:system library:file_open:No such file or directory:../providers/implementations/storemgmt/file_store.c:267:calling stat(private.key)
The command rsautl was deprecated in version 3.0. Use 'pkeyutl' instead.
Could not open file or uri for loading private key from private.key
40A7768247720000:error:16000069:STORE routines:ossl_store_get0_loader_int:unregistered scheme:../crypto/store/store_register.c:237:scheme=file
40A7768247720000:error:80000002:system library:file_open:No such file or directory:../providers/implementations/storemgmt/file_store.c:267:calling stat(private.key)
The command rsautl was deprecated in version 3.0. Use 'pkeyutl' instead.
Could not open file or uri for loading private key from private.key
40D7186296760000:error:16000069:STORE routines:ossl_store_get0_loader_int:unregistered scheme:../crypto/store/store_register.c:237:scheme=file
40D7186296760000:error:80000002:system library:file_open:No such file or directory:../providers/implementations/storemgmt/file_store.c:267:calling stat(private.key)
The command rsautl was deprecated in version 3.0. Use 'pkeyutl' instead.
Could not open file or uri for loading private key from private.key
40A730C316730000:error:16000069:STORE routines:ossl_store_get0_loader_int:unregistered scheme:../crypto/store/store_register.c:237:scheme=file
40A730C316730000:error:80000002:system library:file_open:No such file or directory:../providers/implementations/storemgmt/file_store.c:267:calling stat(private.key)
The command rsautl was deprecated in version 3.0. Use 'pkeyutl' instead.
Could not open file or uri for loading private key from private.key
40F7DAD4127D0000:error:16000069:STORE routines:ossl_store_get0_loader_int:unregistered scheme:../crypto/store/store_register.c:237:scheme=file
40F7DAD4127D0000:error:80000002:system library:file_open:No such file or directory:../providers/implementations/storemgmt/file_store.c:267:calling stat(private.key)
The command rsautl was deprecated in version 3.0. Use 'pkeyutl' instead.
Could not open file or uri for loading private key from private.key
40979DBF7C700000:error:16000069:STORE routines:ossl_store_get0_loader_int:unregistered scheme:../crypto/store/store_register.c:237:scheme=file
40979DBF7C700000:error:80000002:system library:file_open:No such file or directory:../providers/implementations/storemgmt/file_store.c:267:calling stat(private.key)
The command rsautl was deprecated in version 3.0. Use 'pkeyutl' instead.
Could not open file or uri for loading private key from private.key
4027B612DD7D0000:error:16000069:STORE routines:ossl_store_get0_loader_int:unregistered scheme:../crypto/store/store_register.c:237:scheme=file
4027B612DD7D0000:error:80000002:system library:file_open:No such file or directory:../providers/implementations/storemgmt/file_store.c:267:calling stat(private.key)
The command rsautl was deprecated in version 3.0. Use 'pkeyutl' instead.
Could not open file or uri for loading private key from private.key
40878DDF7F7A0000:error:16000069:STORE routines:ossl_store_get0_loader_int:unregistered scheme:../crypto/store/store_register.c:237:scheme=file
40878DDF7F7A0000:error:80000002:system library:file_open:No such file or directory:../providers/implementations/storemgmt/file_store.c:267:calling stat(private.key)
The command rsautl was deprecated in version 3.0. Use 'pkeyutl' instead.
Could not open file or uri for loading private key from private.key
40C70964F1730000:error:16000069:STORE routines:ossl_store_get0_loader_int:unregistered scheme:../crypto/store/store_register.c:237:scheme=file
40C70964F1730000:error:80000002:system library:file_open:No such file or directory:../providers/implementations/storemgmt/file_store.c:267:calling stat(private.key)
The command rsautl was deprecated in version 3.0. Use 'pkeyutl' instead.
Could not open file or uri for loading private key from private.key
403731B52C720000:error:16000069:STORE routines:ossl_store_get0_loader_int:unregistered scheme:../crypto/store/store_register.c:237:scheme=file
403731B52C720000:error:80000002:system library:file_open:No such file or directory:../providers/implementations/storemgmt/file_store.c:267:calling stat(private.key)
The command rsautl was deprecated in version 3.0. Use 'pkeyutl' instead.
Could not open file or uri for loading private key from private.key
40B7B96E207B0000:error:16000069:STORE routines:ossl_store_get0_loader_int:unregistered scheme:../crypto/store/store_register.c:237:scheme=file
40B7B96E207B0000:error:80000002:system library:file_open:No such file or directory:../providers/implementations/storemgmt/file_store.c:267:calling stat(private.key)
The command rsautl was deprecated in version 3.0. Use 'pkeyutl' instead.
Could not open file or uri for loading private key from private.key
40373741B6770000:error:16000069:STORE routines:ossl_store_get0_loader_int:unregistered scheme:../crypto/store/store_register.c:237:scheme=file
40373741B6770000:error:80000002:system library:file_open:No such file or directory:../providers/implementations/storemgmt/file_store.c:267:calling stat(private.key)
The command rsautl was deprecated in version 3.0. Use 'pkeyutl' instead.
Could not open file or uri for loading private key from private.key
40B73804C4720000:error:16000069:STORE routines:ossl_store_get0_loader_int:unregistered scheme:../crypto/store/store_register.c:237:scheme=file
40B73804C4720000:error:80000002:system library:file_open:No such file or directory:../providers/implementations/storemgmt/file_store.c:267:calling stat(private.key)
The command rsautl was deprecated in version 3.0. Use 'pkeyutl' instead.
Could not open file or uri for loading private key from private.key
407747183E720000:error:16000069:STORE routines:ossl_store_get0_loader_int:unregistered scheme:../crypto/store/store_register.c:237:scheme=file
407747183E720000:error:80000002:system library:file_open:No such file or directory:../providers/implementations/storemgmt/file_store.c:267:calling stat(private.key)
The command rsautl was deprecated in version 3.0. Use 'pkeyutl' instead.
Could not open file or uri for loading private key from private.key
40A75F65737B0000:error:16000069:STORE routines:ossl_store_get0_loader_int:unregistered scheme:../crypto/store/store_register.c:237:scheme=file
40A75F65737B0000:error:80000002:system library:file_open:No such file or directory:../providers/implementations/storemgmt/file_store.c:267:calling stat(private.key)
The command rsautl was deprecated in version 3.0. Use 'pkeyutl' instead.
Could not open file or uri for loading private key from private.key
4027B6EFE0730000:error:16000069:STORE routines:ossl_store_get0_loader_int:unregistered scheme:../crypto/store/store_register.c:237:scheme=file
4027B6EFE0730000:error:80000002:system library:file_open:No such file or directory:../providers/implementations/storemgmt/file_store.c:267:calling stat(private.key)
The command rsautl was deprecated in version 3.0. Use 'pkeyutl' instead.
Could not open file or uri for loading private key from private.key
4077B8FDCF700000:error:16000069:STORE routines:ossl_store_get0_loader_int:unregistered scheme:../crypto/store/store_register.c:237:scheme=file
4077B8FDCF700000:error:80000002:system library:file_open:No such file or directory:../providers/implementations/storemgmt/file_store.c:267:calling stat(private.key)
The command rsautl was deprecated in version 3.0. Use 'pkeyutl' instead.
Could not open file or uri for loading private key from private.key
40872856D8760000:error:16000069:STORE routines:ossl_store_get0_loader_int:unregistered scheme:../crypto/store/store_register.c:237:scheme=file
40872856D8760000:error:80000002:system library:file_open:No such file or directory:../providers/implementations/storemgmt/file_store.c:267:calling stat(private.key)
The command rsautl was deprecated in version 3.0. Use 'pkeyutl' instead.
Could not open file or uri for loading private key from private.key
40A72B58257B0000:error:16000069:STORE routines:ossl_store_get0_loader_int:unregistered scheme:../crypto/store/store_register.c:237:scheme=file
40A72B58257B0000:error:80000002:system library:file_open:No such file or directory:../providers/implementations/storemgmt/file_store.c:267:calling stat(private.key)
The command rsautl was deprecated in version 3.0. Use 'pkeyutl' instead.
Could not open file or uri for loading private key from private.key
407784A486720000:error:16000069:STORE routines:ossl_store_get0_loader_int:unregistered scheme:../crypto/store/store_register.c:237:scheme=file
407784A486720000:error:80000002:system library:file_open:No such file or directory:../providers/implementations/storemgmt/file_store.c:267:calling stat(private.key)
The command rsautl was deprecated in version 3.0. Use 'pkeyutl' instead.
Could not open file or uri for loading private key from private.key
40C76CEABC7A0000:error:16000069:STORE routines:ossl_store_get0_loader_int:unregistered scheme:../crypto/store/store_register.c:237:scheme=file
40C76CEABC7A0000:error:80000002:system library:file_open:No such file or directory:../providers/implementations/storemgmt/file_store.c:267:calling stat(private.key)
The command rsautl was deprecated in version 3.0. Use 'pkeyutl' instead.
Could not open file or uri for loading private key from private.key
40C7726220780000:error:16000069:STORE routines:ossl_store_get0_loader_int:unregistered scheme:../crypto/store/store_register.c:237:scheme=file
40C7726220780000:error:80000002:system library:file_open:No such file or directory:../providers/implementations/storemgmt/file_store.c:267:calling stat(private.key)
The command rsautl was deprecated in version 3.0. Use 'pkeyutl' instead.
Could not open file or uri for loading private key from private.key
40879312D67A0000:error:16000069:STORE routines:ossl_store_get0_loader_int:unregistered scheme:../crypto/store/store_register.c:237:scheme=file
40879312D67A0000:error:80000002:system library:file_open:No such file or directory:../providers/implementations/storemgmt/file_store.c:267:calling stat(private.key)
The command rsautl was deprecated in version 3.0. Use 'pkeyutl' instead.
Could not open file or uri for loading private key from private.key
408705492B700000:error:16000069:STORE routines:ossl_store_get0_loader_int:unregistered scheme:../crypto/store/store_register.c:237:scheme=file
408705492B700000:error:80000002:system library:file_open:No such file or directory:../providers/implementations/storemgmt/file_store.c:267:calling stat(private.key)
The command rsautl was deprecated in version 3.0. Use 'pkeyutl' instead.
Could not open file or uri for loading private key from private.key
4007832B99740000:error:16000069:STORE routines:ossl_store_get0_loader_int:unregistered scheme:../crypto/store/store_register.c:237:scheme=file
4007832B99740000:error:80000002:system library:file_open:No such file or directory:../providers/implementations/storemgmt/file_store.c:267:calling stat(private.key)
The command rsautl was deprecated in version 3.0. Use 'pkeyutl' instead.
Could not open file or uri for loading private key from private.key
400727880D7F0000:error:16000069:STORE routines:ossl_store_get0_loader_int:unregistered scheme:../crypto/store/store_register.c:237:scheme=file
400727880D7F0000:error:80000002:system library:file_open:No such file or directory:../providers/implementations/storemgmt/file_store.c:267:calling stat(private.key)
The command rsautl was deprecated in version 3.0. Use 'pkeyutl' instead.
Could not open file or uri for loading private key from private.key
4077BBBCC37A0000:error:16000069:STORE routines:ossl_store_get0_loader_int:unregistered scheme:../crypto/store/store_register.c:237:scheme=file
4077BBBCC37A0000:error:80000002:system library:file_open:No such file or directory:../providers/implementations/storemgmt/file_store.c:267:calling stat(private.key)
The command rsautl was deprecated in version 3.0. Use 'pkeyutl' instead.
Could not open file or uri for loading private key from private.key
4057587817740000:error:16000069:STORE routines:ossl_store_get0_loader_int:unregistered scheme:../crypto/store/store_register.c:237:scheme=file
4057587817740000:error:80000002:system library:file_open:No such file or directory:../providers/implementations/storemgmt/file_store.c:267:calling stat(private.key)
The command rsautl was deprecated in version 3.0. Use 'pkeyutl' instead.
Could not open file or uri for loading private key from private.key
40D70632E1760000:error:16000069:STORE routines:ossl_store_get0_loader_int:unregistered scheme:../crypto/store/store_register.c:237:scheme=file
40D70632E1760000:error:80000002:system library:file_open:No such file or directory:../providers/implementations/storemgmt/file_store.c:267:calling stat(private.key)
The command rsautl was deprecated in version 3.0. Use 'pkeyutl' instead.
Could not open file or uri for loading private key from private.key
40E7FD9F957F0000:error:16000069:STORE routines:ossl_store_get0_loader_int:unregistered scheme:../crypto/store/store_register.c:237:scheme=file
40E7FD9F957F0000:error:80000002:system library:file_open:No such file or directory:../providers/implementations/storemgmt/file_store.c:267:calling stat(private.key)
The command rsautl was deprecated in version 3.0. Use 'pkeyutl' instead.
Could not open file or uri for loading private key from private.key
40678EFD867D0000:error:16000069:STORE routines:ossl_store_get0_loader_int:unregistered scheme:../crypto/store/store_register.c:237:scheme=file
40678EFD867D0000:error:80000002:system library:file_open:No such file or directory:../providers/implementations/storemgmt/file_store.c:267:calling stat(private.key)
The command rsautl was deprecated in version 3.0. Use 'pkeyutl' instead.
Could not open file or uri for loading private key from private.key
40F7AE9B837F0000:error:16000069:STORE routines:ossl_store_get0_loader_int:unregistered scheme:../crypto/store/store_register.c:237:scheme=file
40F7AE9B837F0000:error:80000002:system library:file_open:No such file or directory:../providers/implementations/storemgmt/file_store.c:267:calling stat(private.key)
The command rsautl was deprecated in version 3.0. Use 'pkeyutl' instead.
Could not open file or uri for loading private key from private.key
40E75AFB2A710000:error:16000069:STORE routines:ossl_store_get0_loader_int:unregistered scheme:../crypto/store/store_register.c:237:scheme=file
40E75AFB2A710000:error:80000002:system library:file_open:No such file or directory:../providers/implementations/storemgmt/file_store.c:267:calling stat(private.key)
The command rsautl was deprecated in version 3.0. Use 'pkeyutl' instead.
Could not open file or uri for loading private key from private.key
40E74D3017790000:error:16000069:STORE routines:ossl_store_get0_loader_int:unregistered scheme:../crypto/store/store_register.c:237:scheme=file
40E74D3017790000:error:80000002:system library:file_open:No such file or directory:../providers/implementations/storemgmt/file_store.c:267:calling stat(private.key)
The command rsautl was deprecated in version 3.0. Use 'pkeyutl' instead.
Could not open file or uri for loading private key from private.key
40073FC2ED770000:error:16000069:STORE routines:ossl_store_get0_loader_int:unregistered scheme:../crypto/store/store_register.c:237:scheme=file
40073FC2ED770000:error:80000002:system library:file_open:No such file or directory:../providers/implementations/storemgmt/file_store.c:267:calling stat(private.key)
The command rsautl was deprecated in version 3.0. Use 'pkeyutl' instead.
Could not open file or uri for loading private key from private.key
40C74BC7777F0000:error:16000069:STORE routines:ossl_store_get0_loader_int:unregistered scheme:../crypto/store/store_register.c:237:scheme=file
40C74BC7777F0000:error:80000002:system library:file_open:No such file or directory:../providers/implementations/storemgmt/file_store.c:267:calling stat(private.key)
The command rsautl was deprecated in version 3.0. Use 'pkeyutl' instead.
Could not open file or uri for loading private key from private.key
40E7452212770000:error:16000069:STORE routines:ossl_store_get0_loader_int:unregistered scheme:../crypto/store/store_register.c:237:scheme=file
40E7452212770000:error:80000002:system library:file_open:No such file or directory:../providers/implementations/storemgmt/file_store.c:267:calling stat(private.key)
The command rsautl was deprecated in version 3.0. Use 'pkeyutl' instead.
The command rsautl was deprecated in version 3.0. Use 'pkeyutl' instead.
The command rsautl was deprecated in version 3.0. Use 'pkeyutl' instead.
The command rsautl was deprecated in version 3.0. Use 'pkeyutl' instead.
The command rsautl was deprecated in version 3.0. Use 'pkeyutl' instead.
The command rsautl was deprecated in version 3.0. Use 'pkeyutl' instead.
The command rsautl was deprecated in version 3.0. Use 'pkeyutl' instead.
The command rsautl was deprecated in version 3.0. Use 'pkeyutl' instead.
The command rsautl was deprecated in version 3.0. Use 'pkeyutl' instead.
The command rsautl was deprecated in version 3.0. Use 'pkeyutl' instead.
The command rsautl was deprecated in version 3.0. Use 'pkeyutl' instead.
The command rsautl was deprecated in version 3.0. Use 'pkeyutl' instead.
The command rsautl was deprecated in version 3.0. Use 'pkeyutl' instead.
The command rsautl was deprecated in version 3.0. Use 'pkeyutl' instead.
The command rsautl was deprecated in version 3.0. Use 'pkeyutl' instead.
The command rsautl was deprecated in version 3.0. Use 'pkeyutl' instead.
The command rsautl was deprecated in version 3.0. Use 'pkeyutl' instead.
The command rsautl was deprecated in version 3.0. Use 'pkeyutl' instead.
The command rsautl was deprecated in version 3.0. Use 'pkeyutl' instead.
The command rsautl was deprecated in version 3.0. Use 'pkeyutl' instead.
The command rsautl was deprecated in version 3.0. Use 'pkeyutl' instead.
The command rsautl was deprecated in version 3.0. Use 'pkeyutl' instead.
The command rsautl was deprecated in version 3.0. Use 'pkeyutl' instead.
The command rsautl was deprecated in version 3.0. Use 'pkeyutl' instead.
The command rsautl was deprecated in version 3.0. Use 'pkeyutl' instead.
The command rsautl was deprecated in version 3.0. Use 'pkeyutl' instead.
The command rsautl was deprecated in version 3.0. Use 'pkeyutl' instead.
The command rsautl was deprecated in version 3.0. Use 'pkeyutl' instead.
The command rsautl was deprecated in version 3.0. Use 'pkeyutl' instead.
The command rsautl was deprecated in version 3.0. Use 'pkeyutl' instead.
The command rsautl was deprecated in version 3.0. Use 'pkeyutl' instead.
The command rsautl was deprecated in version 3.0. Use 'pkeyutl' instead.
The command rsautl was deprecated in version 3.0. Use 'pkeyutl' instead.
The command rsautl was deprecated in version 3.0. Use 'pkeyutl' instead.
The command rsautl was deprecated in version 3.0. Use 'pkeyutl' instead.
The command rsautl was deprecated in version 3.0. Use 'pkeyutl' instead.
The command rsautl was deprecated in version 3.0. Use 'pkeyutl' instead.
The command rsautl was deprecated in version 3.0. Use 'pkeyutl' instead.
The command rsautl was deprecated in version 3.0. Use 'pkeyutl' instead.
The command rsautl was deprecated in version 3.0. Use 'pkeyutl' instead.
The command rsautl was deprecated in version 3.0. Use 'pkeyutl' instead.
The command rsautl was deprecated in version 3.0. Use 'pkeyutl' instead.
The command rsautl was deprecated in version 3.0. Use 'pkeyutl' instead.
The command rsautl was deprecated in version 3.0. Use 'pkeyutl' instead.
The command rsautl was deprecated in version 3.0. Use 'pkeyutl' instead.
The command rsautl was deprecated in version 3.0. Use 'pkeyutl' instead.
The command rsautl was deprecated in version 3.0. Use 'pkeyutl' instead.
The command rsautl was deprecated in version 3.0. Use 'pkeyutl' instead.
The command rsautl was deprecated in version 3.0. Use 'pkeyutl' instead.
The command rsautl was deprecated in version 3.0. Use 'pkeyutl' instead.
