*** WARNING : deprecated key derivation used.
Using -iter or -pbkdf2 would be better.
bad decrypt
4047CA011F7E0000:error:1C80006B:Provider routines:ossl_cipher_generic_block_final:wrong final block length:../providers/implementations/ciphers/ciphercommon.c:443:
*** WARNING : deprecated key derivation used.
Using -iter or -pbkdf2 would be better.
*** WARNING : deprecated key derivation used.
Using -iter or -pbkdf2 would be better.
*** WARNING : deprecated key derivation used.
Using -iter or -pbkdf2 would be better.
*** WARNING : deprecated key derivation used.
Using -iter or -pbkdf2 would be better.
bad decrypt
4027CEB7607A0000:error:1C80006B:Provider routines:ossl_cipher_generic_block_final:wrong final block length:../providers/implementations/ciphers/ciphercommon.c:443:
*** WARNING : deprecated key derivation used.
Using -iter or -pbkdf2 would be better.
*** WARNING : deprecated key derivation used.
Using -iter or -pbkdf2 would be better.
*** WARNING : deprecated key derivation used.
Using -iter or -pbkdf2 would be better.
bad decrypt
4067AB8220730000:error:1C80006B:Provider routines:ossl_cipher_generic_block_final:wrong final block length:../providers/implementations/ciphers/ciphercommon.c:443:
*** WARNING : deprecated key derivation used.
Using -iter or -pbkdf2 would be better.
error writing output file
40B7B29E607C0000:error:1C800066:Provider routines:aes_wrap_cipher_internal:cipher operation failed:../providers/implementations/ciphers/cipher_aes_wrp.c:212:
40B7B29E607C0000:error:030000BD:digital envelope routines:EVP_DecryptUpdate:update error:../crypto/evp/evp_enc.c:837:
