*** WARNING : deprecated key derivation used.
Using -iter or -pbkdf2 would be better.
bad decrypt
40A7AFE144770000:error:1C80006B:Provider routines:ossl_cipher_generic_block_final:wrong final block length:../providers/implementations/ciphers/ciphercommon.c:443:
*** WARNING : deprecated key derivation used.
Using -iter or -pbkdf2 would be better.
bad decrypt
4027C157ED700000:error:1C80006B:Provider routines:ossl_cipher_generic_block_final:wrong final block length:../providers/implementations/ciphers/ciphercommon.c:443:
*** WARNING : deprecated key derivation used.
Using -iter or -pbkdf2 would be better.
bad decrypt
4037B4AA0D730000:error:1C80006B:Provider routines:ossl_cipher_generic_block_final:wrong final block length:../providers/implementations/ciphers/ciphercommon.c:443:
*** WARNING : deprecated key derivation used.
Using -iter or -pbkdf2 would be better.
bad decrypt
40C7FC9199730000:error:1C80006B:Provider routines:ossl_cipher_generic_block_final:wrong final block length:../providers/implementations/ciphers/ciphercommon.c:443:
*** WARNING : deprecated key derivation used.
Using -iter or -pbkdf2 would be better.
bad decrypt
4007DDFCC4770000:error:1C80006B:Provider routines:ossl_cipher_generic_block_final:wrong final block length:../providers/implementations/ciphers/ciphercommon.c:443:
*** WARNING : deprecated key derivation used.
Using -iter or -pbkdf2 would be better.
bad decrypt
4067B3FD35730000:error:1C80006B:Provider routines:ossl_cipher_generic_block_final:wrong final block length:../providers/implementations/ciphers/ciphercommon.c:443:
