4067D41DAC760000:error:02000068:rsa routines:ossl_rsa_verify:bad signature:../crypto/rsa/rsa_sign.c:430:
4067D41DAC760000:error:1C880004:Provider routines:rsa_verify:RSA lib:../providers/implementations/signature/rsa_sig.c:774:
406740F777790000:error:02000068:rsa routines:ossl_rsa_verify:bad signature:../crypto/rsa/rsa_sign.c:430:
406740F777790000:error:1C880004:Provider routines:rsa_verify:RSA lib:../providers/implementations/signature/rsa_sig.c:774:
40772988567C0000:error:0200008A:rsa routines:RSA_padding_check_PKCS1_type_1:invalid padding:../crypto/rsa/rsa_pk1.c:79:
40772988567C0000:error:02000072:rsa routines:rsa_ossl_public_decrypt:padding check failed:../crypto/rsa/rsa_ossl.c:697:
40772988567C0000:error:1C880004:Provider routines:rsa_verify:RSA lib:../providers/implementations/signature/rsa_sig.c:774:
409795ACC7740000:error:0200008A:rsa routines:RSA_padding_check_PKCS1_type_1:invalid padding:../crypto/rsa/rsa_pk1.c:79:
409795ACC7740000:error:02000072:rsa routines:rsa_ossl_public_decrypt:padding check failed:../crypto/rsa/rsa_ossl.c:697:
409795ACC7740000:error:1C880004:Provider routines:rsa_verify:RSA lib:../providers/implementations/signature/rsa_sig.c:774:
40F7522E7B7B0000:error:02000068:rsa routines:ossl_rsa_verify:bad signature:../crypto/rsa/rsa_sign.c:430:
40F7522E7B7B0000:error:1C880004:Provider routines:rsa_verify:RSA lib:../providers/implementations/signature/rsa_sig.c:774:
400715F884710000:error:0200008A:rsa routines:RSA_padding_check_PKCS1_type_1:invalid padding:../crypto/rsa/rsa_pk1.c:79:
400715F884710000:error:02000072:rsa routines:rsa_ossl_public_decrypt:padding check failed:../crypto/rsa/rsa_ossl.c:697:
400715F884710000:error:1C880004:Provider routines:rsa_verify:RSA lib:../providers/implementations/signature/rsa_sig.c:774:
40D75CA887750000:error:02000068:rsa routines:ossl_rsa_verify:bad signature:../crypto/rsa/rsa_sign.c:430:
40D75CA887750000:error:1C880004:Provider routines:rsa_verify:RSA lib:../providers/implementations/signature/rsa_sig.c:774:
40A75A65627F0000:error:0200008A:rsa routines:RSA_padding_check_PKCS1_type_1:invalid padding:../crypto/rsa/rsa_pk1.c:79:
40A75A65627F0000:error:02000072:rsa routines:rsa_ossl_public_decrypt:padding check failed:../crypto/rsa/rsa_ossl.c:697:
40A75A65627F0000:error:1C880004:Provider routines:rsa_verify:RSA lib:../providers/implementations/signature/rsa_sig.c:774:
40372904E87E0000:error:0200008A:rsa routines:RSA_padding_check_PKCS1_type_1:invalid padding:../crypto/rsa/rsa_pk1.c:79:
40372904E87E0000:error:02000072:rsa routines:rsa_ossl_public_decrypt:padding check failed:../crypto/rsa/rsa_ossl.c:697:
40372904E87E0000:error:1C880004:Provider routines:rsa_verify:RSA lib:../providers/implementations/signature/rsa_sig.c:774:
40E7587FBB780000:error:0200008A:rsa routines:RSA_padding_check_PKCS1_type_1:invalid padding:../crypto/rsa/rsa_pk1.c:79:
40E7587FBB780000:error:02000072:rsa routines:rsa_ossl_public_decrypt:padding check failed:../crypto/rsa/rsa_ossl.c:697:
40E7587FBB780000:error:1C880004:Provider routines:rsa_verify:RSA lib:../providers/implementations/signature/rsa_sig.c:774:
4037449091790000:error:02000068:rsa routines:ossl_rsa_verify:bad signature:../crypto/rsa/rsa_sign.c:430:
4037449091790000:error:1C880004:Provider routines:rsa_verify:RSA lib:../providers/implementations/signature/rsa_sig.c:774:
4077CE348A7C0000:error:02000068:rsa routines:ossl_rsa_verify:bad signature:../crypto/rsa/rsa_sign.c:430:
4077CE348A7C0000:error:1C880004:Provider routines:rsa_verify:RSA lib:../providers/implementations/signature/rsa_sig.c:774:
4037846C1A760000:error:0200008A:rsa routines:RSA_padding_check_PKCS1_type_1:invalid padding:../crypto/rsa/rsa_pk1.c:79:
4037846C1A760000:error:02000072:rsa routines:rsa_ossl_public_decrypt:padding check failed:../crypto/rsa/rsa_ossl.c:697:
4037846C1A760000:error:1C880004:Provider routines:rsa_verify:RSA lib:../providers/implementations/signature/rsa_sig.c:774:
4097F50C4B790000:error:02000068:rsa routines:ossl_rsa_verify:bad signature:../crypto/rsa/rsa_sign.c:430:
4097F50C4B790000:error:1C880004:Provider routines:rsa_verify:RSA lib:../providers/implementations/signature/rsa_sig.c:774:
40C733ABA77D0000:error:0200008A:rsa routines:RSA_padding_check_PKCS1_type_1:invalid padding:../crypto/rsa/rsa_pk1.c:79:
40C733ABA77D0000:error:02000072:rsa routines:rsa_ossl_public_decrypt:padding check failed:../crypto/rsa/rsa_ossl.c:697:
40C733ABA77D0000:error:1C880004:Provider routines:rsa_verify:RSA lib:../providers/implementations/signature/rsa_sig.c:774:
40B7BF38D27B0000:error:02000068:rsa routines:ossl_rsa_verify:bad signature:../crypto/rsa/rsa_sign.c:430:
40B7BF38D27B0000:error:1C880004:Provider routines:rsa_verify:RSA lib:../providers/implementations/signature/rsa_sig.c:774:
4067A96118730000:error:02000068:rsa routines:ossl_rsa_verify:bad signature:../crypto/rsa/rsa_sign.c:430:
4067A96118730000:error:1C880004:Provider routines:rsa_verify:RSA lib:../providers/implementations/signature/rsa_sig.c:774:
4087364D86720000:error:0200008A:rsa routines:RSA_padding_check_PKCS1_type_1:invalid padding:../crypto/rsa/rsa_pk1.c:79:
4087364D86720000:error:02000072:rsa routines:rsa_ossl_public_decrypt:padding check failed:../crypto/rsa/rsa_ossl.c:697:
4087364D86720000:error:1C880004:Provider routines:rsa_verify:RSA lib:../providers/implementations/signature/rsa_sig.c:774:
40074F48E07D0000:error:0200008A:rsa routines:RSA_padding_check_PKCS1_type_1:invalid padding:../crypto/rsa/rsa_pk1.c:79:
40074F48E07D0000:error:02000072:rsa routines:rsa_ossl_public_decrypt:padding check failed:../crypto/rsa/rsa_ossl.c:697:
40074F48E07D0000:error:1C880004:Provider routines:rsa_verify:RSA lib:../providers/implementations/signature/rsa_sig.c:774:
40877FAC43770000:error:02000068:rsa routines:ossl_rsa_verify:bad signature:../crypto/rsa/rsa_sign.c:430:
40877FAC43770000:error:1C880004:Provider routines:rsa_verify:RSA lib:../providers/implementations/signature/rsa_sig.c:774:
40772772077F0000:error:02000068:rsa routines:ossl_rsa_verify:bad signature:../crypto/rsa/rsa_sign.c:430:
40772772077F0000:error:1C880004:Provider routines:rsa_verify:RSA lib:../providers/implementations/signature/rsa_sig.c:774:
40F7B9986C740000:error:02000068:rsa routines:ossl_rsa_verify:bad signature:../crypto/rsa/rsa_sign.c:430:
40F7B9986C740000:error:1C880004:Provider routines:rsa_verify:RSA lib:../providers/implementations/signature/rsa_sig.c:774:
40576F703D730000:error:0200008A:rsa routines:RSA_padding_check_PKCS1_type_1:invalid padding:../crypto/rsa/rsa_pk1.c:79:
40576F703D730000:error:02000072:rsa routines:rsa_ossl_public_decrypt:padding check failed:../crypto/rsa/rsa_ossl.c:697:
40576F703D730000:error:1C880004:Provider routines:rsa_verify:RSA lib:../providers/implementations/signature/rsa_sig.c:774:
40F7770D6F7D0000:error:0200008A:rsa routines:RSA_padding_check_PKCS1_type_1:invalid padding:../crypto/rsa/rsa_pk1.c:79:
40F7770D6F7D0000:error:02000072:rsa routines:rsa_ossl_public_decrypt:padding check failed:../crypto/rsa/rsa_ossl.c:697:
40F7770D6F7D0000:error:1C880004:Provider routines:rsa_verify:RSA lib:../providers/implementations/signature/rsa_sig.c:774:
40D78C091D750000:error:0200008A:rsa routines:RSA_padding_check_PKCS1_type_1:invalid padding:../crypto/rsa/rsa_pk1.c:79:
40D78C091D750000:error:02000072:rsa routines:rsa_ossl_public_decrypt:padding check failed:../crypto/rsa/rsa_ossl.c:697:
40D78C091D750000:error:1C880004:Provider routines:rsa_verify:RSA lib:../providers/implementations/signature/rsa_sig.c:774:
4087A54321740000:error:0200006A:rsa routines:RSA_padding_check_PKCS1_type_1:block type is not 01:../crypto/rsa/rsa_pk1.c:86:
4087A54321740000:error:02000072:rsa routines:rsa_ossl_public_decrypt:padding check failed:../crypto/rsa/rsa_ossl.c:697:
4087A54321740000:error:1C880004:Provider routines:rsa_verify:RSA lib:../providers/implementations/signature/rsa_sig.c:774:
40A7BA51957A0000:error:02000068:rsa routines:ossl_rsa_verify:bad signature:../crypto/rsa/rsa_sign.c:430:
40A7BA51957A0000:error:1C880004:Provider routines:rsa_verify:RSA lib:../providers/implementations/signature/rsa_sig.c:774:
4077048867790000:error:0200008A:rsa routines:RSA_padding_check_PKCS1_type_1:invalid padding:../crypto/rsa/rsa_pk1.c:79:
4077048867790000:error:02000072:rsa routines:rsa_ossl_public_decrypt:padding check failed:../crypto/rsa/rsa_ossl.c:697:
4077048867790000:error:1C880004:Provider routines:rsa_verify:RSA lib:../providers/implementations/signature/rsa_sig.c:774:
40D7F39E5A7B0000:error:02000068:rsa routines:ossl_rsa_verify:bad signature:../crypto/rsa/rsa_sign.c:430:
40D7F39E5A7B0000:error:1C880004:Provider routines:rsa_verify:RSA lib:../providers/implementations/signature/rsa_sig.c:774:
40A78273E6730000:error:02000068:rsa routines:ossl_rsa_verify:bad signature:../crypto/rsa/rsa_sign.c:430:
40A78273E6730000:error:1C880004:Provider routines:rsa_verify:RSA lib:../providers/implementations/signature/rsa_sig.c:774:
40772F40B1710000:error:0200008A:rsa routines:RSA_padding_check_PKCS1_type_1:invalid padding:../crypto/rsa/rsa_pk1.c:79:
40772F40B1710000:error:02000072:rsa routines:rsa_ossl_public_decrypt:padding check failed:../crypto/rsa/rsa_ossl.c:697:
40772F40B1710000:error:1C880004:Provider routines:rsa_verify:RSA lib:../providers/implementations/signature/rsa_sig.c:774:
40B7896513770000:error:0200008A:rsa routines:RSA_padding_check_PKCS1_type_1:invalid padding:../crypto/rsa/rsa_pk1.c:79:
40B7896513770000:error:02000072:rsa routines:rsa_ossl_public_decrypt:padding check failed:../crypto/rsa/rsa_ossl.c:697:
40B7896513770000:error:1C880004:Provider routines:rsa_verify:RSA lib:../providers/implementations/signature/rsa_sig.c:774:
40D74819E4780000:error:02000068:rsa routines:ossl_rsa_verify:bad signature:../crypto/rsa/rsa_sign.c:430:
40D74819E4780000:error:1C880004:Provider routines:rsa_verify:RSA lib:../providers/implementations/signature/rsa_sig.c:774:
40F7729BD2750000:error:0200008A:rsa routines:RSA_padding_check_PKCS1_type_1:invalid padding:../crypto/rsa/rsa_pk1.c:79:
40F7729BD2750000:error:02000072:rsa routines:rsa_ossl_public_decrypt:padding check failed:../crypto/rsa/rsa_ossl.c:697:
40F7729BD2750000:error:1C880004:Provider routines:rsa_verify:RSA lib:../providers/implementations/signature/rsa_sig.c:774:
40470B67A5750000:error:0200008A:rsa routines:RSA_padding_check_PKCS1_type_1:invalid padding:../crypto/rsa/rsa_pk1.c:79:
40470B67A5750000:error:02000072:rsa routines:rsa_ossl_public_decrypt:padding check failed:../crypto/rsa/rsa_ossl.c:697:
40470B67A5750000:error:1C880004:Provider routines:rsa_verify:RSA lib:../providers/implementations/signature/rsa_sig.c:774:
402796CD15700000:error:0200008A:rsa routines:RSA_padding_check_PKCS1_type_1:invalid padding:../crypto/rsa/rsa_pk1.c:79:
402796CD15700000:error:02000072:rsa routines:rsa_ossl_public_decrypt:padding check failed:../crypto/rsa/rsa_ossl.c:697:
402796CD15700000:error:1C880004:Provider routines:rsa_verify:RSA lib:../providers/implementations/signature/rsa_sig.c:774:
4007E5005B790000:error:02000068:rsa routines:ossl_rsa_verify:bad signature:../crypto/rsa/rsa_sign.c:430:
4007E5005B790000:error:1C880004:Provider routines:rsa_verify:RSA lib:../providers/implementations/signature/rsa_sig.c:774:
40C7B0F29A7D0000:error:02000068:rsa routines:ossl_rsa_verify:bad signature:../crypto/rsa/rsa_sign.c:430:
40C7B0F29A7D0000:error:1C880004:Provider routines:rsa_verify:RSA lib:../providers/implementations/signature/rsa_sig.c:774:
40F75C4ED6720000:error:0200008A:rsa routines:RSA_padding_check_PKCS1_type_1:invalid padding:../crypto/rsa/rsa_pk1.c:79:
40F75C4ED6720000:error:02000072:rsa routines:rsa_ossl_public_decrypt:padding check failed:../crypto/rsa/rsa_ossl.c:697:
40F75C4ED6720000:error:1C880004:Provider routines:rsa_verify:RSA lib:../providers/implementations/signature/rsa_sig.c:774:
40B70CA888770000:error:02000068:rsa routines:ossl_rsa_verify:bad signature:../crypto/rsa/rsa_sign.c:430:
40B70CA888770000:error:1C880004:Provider routines:rsa_verify:RSA lib:../providers/implementations/signature/rsa_sig.c:774:
400725627B780000:error:02000068:rsa routines:ossl_rsa_verify:bad signature:../crypto/rsa/rsa_sign.c:430:
400725627B780000:error:1C880004:Provider routines:rsa_verify:RSA lib:../providers/implementations/signature/rsa_sig.c:774:
4007F07AE37F0000:error:02000068:rsa routines:ossl_rsa_verify:bad signature:../crypto/rsa/rsa_sign.c:430:
4007F07AE37F0000:error:1C880004:Provider routines:rsa_verify:RSA lib:../providers/implementations/signature/rsa_sig.c:774:
40E7D8C06F740000:error:02000068:rsa routines:ossl_rsa_verify:bad signature:../crypto/rsa/rsa_sign.c:430:
40E7D8C06F740000:error:1C880004:Provider routines:rsa_verify:RSA lib:../providers/implementations/signature/rsa_sig.c:774:
40D75EA396730000:error:02000068:rsa routines:ossl_rsa_verify:bad signature:../crypto/rsa/rsa_sign.c:430:
40D75EA396730000:error:1C880004:Provider routines:rsa_verify:RSA lib:../providers/implementations/signature/rsa_sig.c:774:
40A74E75A1780000:error:02000068:rsa routines:ossl_rsa_verify:bad signature:../crypto/rsa/rsa_sign.c:430:
40A74E75A1780000:error:1C880004:Provider routines:rsa_verify:RSA lib:../providers/implementations/signature/rsa_sig.c:774:
40679B8BD47A0000:error:02000068:rsa routines:ossl_rsa_verify:bad signature:../crypto/rsa/rsa_sign.c:430:
40679B8BD47A0000:error:1C880004:Provider routines:rsa_verify:RSA lib:../providers/implementations/signature/rsa_sig.c:774:
40B7593B2E770000:error:0200008A:rsa routines:RSA_padding_check_PKCS1_type_1:invalid padding:../crypto/rsa/rsa_pk1.c:79:
40B7593B2E770000:error:02000072:rsa routines:rsa_ossl_public_decrypt:padding check failed:../crypto/rsa/rsa_ossl.c:697:
40B7593B2E770000:error:1C880004:Provider routines:rsa_verify:RSA lib:../providers/implementations/signature/rsa_sig.c:774:
40D7C6800E780000:error:02000068:rsa routines:ossl_rsa_verify:bad signature:../crypto/rsa/rsa_sign.c:430:
40D7C6800E780000:error:1C880004:Provider routines:rsa_verify:RSA lib:../providers/implementations/signature/rsa_sig.c:774:
40F71EBF2E780000:error:02000068:rsa routines:ossl_rsa_verify:bad signature:../crypto/rsa/rsa_sign.c:430:
40F71EBF2E780000:error:1C880004:Provider routines:rsa_verify:RSA lib:../providers/implementations/signature/rsa_sig.c:774:
4017A7DDB6750000:error:0200008A:rsa routines:RSA_padding_check_PKCS1_type_1:invalid padding:../crypto/rsa/rsa_pk1.c:79:
4017A7DDB6750000:error:02000072:rsa routines:rsa_ossl_public_decrypt:padding check failed:../crypto/rsa/rsa_ossl.c:697:
4017A7DDB6750000:error:1C880004:Provider routines:rsa_verify:RSA lib:../providers/implementations/signature/rsa_sig.c:774:
4017543A60750000:error:02000068:rsa routines:ossl_rsa_verify:bad signature:../crypto/rsa/rsa_sign.c:430:
4017543A60750000:error:1C880004:Provider routines:rsa_verify:RSA lib:../providers/implementations/signature/rsa_sig.c:774:
40A78D08F8760000:error:02000068:rsa routines:ossl_rsa_verify:bad signature:../crypto/rsa/rsa_sign.c:430:
40A78D08F8760000:error:1C880004:Provider routines:rsa_verify:RSA lib:../providers/implementations/signature/rsa_sig.c:774:
40D78329B77C0000:error:0200008A:rsa routines:RSA_padding_check_PKCS1_type_1:invalid padding:../crypto/rsa/rsa_pk1.c:79:
40D78329B77C0000:error:02000072:rsa routines:rsa_ossl_public_decrypt:padding check failed:../crypto/rsa/rsa_ossl.c:697:
40D78329B77C0000:error:1C880004:Provider routines:rsa_verify:RSA lib:../providers/implementations/signature/rsa_sig.c:774:
40D7EC8B707D0000:error:0200008A:rsa routines:RSA_padding_check_PKCS1_type_1:invalid padding:../crypto/rsa/rsa_pk1.c:79:
40D7EC8B707D0000:error:02000072:rsa routines:rsa_ossl_public_decrypt:padding check failed:../crypto/rsa/rsa_ossl.c:697:
40D7EC8B707D0000:error:1C880004:Provider routines:rsa_verify:RSA lib:../providers/implementations/signature/rsa_sig.c:774:
406728BD327C0000:error:0200008A:rsa routines:RSA_padding_check_PKCS1_type_1:invalid padding:../crypto/rsa/rsa_pk1.c:79:
406728BD327C0000:error:02000072:rsa routines:rsa_ossl_public_decrypt:padding check failed:../crypto/rsa/rsa_ossl.c:697:
406728BD327C0000:error:1C880004:Provider routines:rsa_verify:RSA lib:../providers/implementations/signature/rsa_sig.c:774:
40F761BE26730000:error:0200008A:rsa routines:RSA_padding_check_PKCS1_type_1:invalid padding:../crypto/rsa/rsa_pk1.c:79:
40F761BE26730000:error:02000072:rsa routines:rsa_ossl_public_decrypt:padding check failed:../crypto/rsa/rsa_ossl.c:697:
40F761BE26730000:error:1C880004:Provider routines:rsa_verify:RSA lib:../providers/implementations/signature/rsa_sig.c:774:
4057ADC468790000:error:0200008A:rsa routines:RSA_padding_check_PKCS1_type_1:invalid padding:../crypto/rsa/rsa_pk1.c:79:
4057ADC468790000:error:02000072:rsa routines:rsa_ossl_public_decrypt:padding check failed:../crypto/rsa/rsa_ossl.c:697:
4057ADC468790000:error:1C880004:Provider routines:rsa_verify:RSA lib:../providers/implementations/signature/rsa_sig.c:774:
4097CC3EBD700000:error:02000068:rsa routines:ossl_rsa_verify:bad signature:../crypto/rsa/rsa_sign.c:430:
4097CC3EBD700000:error:1C880004:Provider routines:rsa_verify:RSA lib:../providers/implementations/signature/rsa_sig.c:774:
407764847D7E0000:error:0200008A:rsa routines:RSA_padding_check_PKCS1_type_1:invalid padding:../crypto/rsa/rsa_pk1.c:79:
407764847D7E0000:error:02000072:rsa routines:rsa_ossl_public_decrypt:padding check failed:../crypto/rsa/rsa_ossl.c:697:
407764847D7E0000:error:1C880004:Provider routines:rsa_verify:RSA lib:../providers/implementations/signature/rsa_sig.c:774:
40D7A94596790000:error:0200008A:rsa routines:RSA_padding_check_PKCS1_type_1:invalid padding:../crypto/rsa/rsa_pk1.c:79:
40D7A94596790000:error:02000072:rsa routines:rsa_ossl_public_decrypt:padding check failed:../crypto/rsa/rsa_ossl.c:697:
40D7A94596790000:error:1C880004:Provider routines:rsa_verify:RSA lib:../providers/implementations/signature/rsa_sig.c:774:
4067D2298C7E0000:error:02000068:rsa routines:ossl_rsa_verify:bad signature:../crypto/rsa/rsa_sign.c:430:
4067D2298C7E0000:error:1C880004:Provider routines:rsa_verify:RSA lib:../providers/implementations/signature/rsa_sig.c:774:
40472C1CC9720000:error:0200008A:rsa routines:RSA_padding_check_PKCS1_type_1:invalid padding:../crypto/rsa/rsa_pk1.c:79:
40472C1CC9720000:error:02000072:rsa routines:rsa_ossl_public_decrypt:padding check failed:../crypto/rsa/rsa_ossl.c:697:
40472C1CC9720000:error:1C880004:Provider routines:rsa_verify:RSA lib:../providers/implementations/signature/rsa_sig.c:774:
409719335A700000:error:0200008A:rsa routines:RSA_padding_check_PKCS1_type_1:invalid padding:../crypto/rsa/rsa_pk1.c:79:
409719335A700000:error:02000072:rsa routines:rsa_ossl_public_decrypt:padding check failed:../crypto/rsa/rsa_ossl.c:697:
409719335A700000:error:1C880004:Provider routines:rsa_verify:RSA lib:../providers/implementations/signature/rsa_sig.c:774:
40177002AE740000:error:0200008A:rsa routines:RSA_padding_check_PKCS1_type_1:invalid padding:../crypto/rsa/rsa_pk1.c:79:
40177002AE740000:error:02000072:rsa routines:rsa_ossl_public_decrypt:padding check failed:../crypto/rsa/rsa_ossl.c:697:
40177002AE740000:error:1C880004:Provider routines:rsa_verify:RSA lib:../providers/implementations/signature/rsa_sig.c:774:
4017A8D78D770000:error:0200008A:rsa routines:RSA_padding_check_PKCS1_type_1:invalid padding:../crypto/rsa/rsa_pk1.c:79:
4017A8D78D770000:error:02000072:rsa routines:rsa_ossl_public_decrypt:padding check failed:../crypto/rsa/rsa_ossl.c:697:
4017A8D78D770000:error:1C880004:Provider routines:rsa_verify:RSA lib:../providers/implementations/signature/rsa_sig.c:774:
40873AB4F3750000:error:0200008A:rsa routines:RSA_padding_check_PKCS1_type_1:invalid padding:../crypto/rsa/rsa_pk1.c:79:
40873AB4F3750000:error:02000072:rsa routines:rsa_ossl_public_decrypt:padding check failed:../crypto/rsa/rsa_ossl.c:697:
40873AB4F3750000:error:1C880004:Provider routines:rsa_verify:RSA lib:../providers/implementations/signature/rsa_sig.c:774:
40675706317E0000:error:0200008A:rsa routines:RSA_padding_check_PKCS1_type_1:invalid padding:../crypto/rsa/rsa_pk1.c:79:
40675706317E0000:error:02000072:rsa routines:rsa_ossl_public_decrypt:padding check failed:../crypto/rsa/rsa_ossl.c:697:
40675706317E0000:error:1C880004:Provider routines:rsa_verify:RSA lib:../providers/implementations/signature/rsa_sig.c:774:
4067D265447C0000:error:0200008A:rsa routines:RSA_padding_check_PKCS1_type_1:invalid padding:../crypto/rsa/rsa_pk1.c:79:
4067D265447C0000:error:02000072:rsa routines:rsa_ossl_public_decrypt:padding check failed:../crypto/rsa/rsa_ossl.c:697:
4067D265447C0000:error:1C880004:Provider routines:rsa_verify:RSA lib:../providers/implementations/signature/rsa_sig.c:774:
40474901187D0000:error:02000068:rsa routines:ossl_rsa_verify:bad signature:../crypto/rsa/rsa_sign.c:430:
40474901187D0000:error:1C880004:Provider routines:rsa_verify:RSA lib:../providers/implementations/signature/rsa_sig.c:774:
40A7C699FF7A0000:error:0200008A:rsa routines:RSA_padding_check_PKCS1_type_1:invalid padding:../crypto/rsa/rsa_pk1.c:79:
40A7C699FF7A0000:error:02000072:rsa routines:rsa_ossl_public_decrypt:padding check failed:../crypto/rsa/rsa_ossl.c:697:
40A7C699FF7A0000:error:1C880004:Provider routines:rsa_verify:RSA lib:../providers/implementations/signature/rsa_sig.c:774:
40A72DEA24780000:error:02000068:rsa routines:ossl_rsa_verify:bad signature:../crypto/rsa/rsa_sign.c:430:
40A72DEA24780000:error:1C880004:Provider routines:rsa_verify:RSA lib:../providers/implementations/signature/rsa_sig.c:774:
4017A1F468790000:error:02000068:rsa routines:ossl_rsa_verify:bad signature:../crypto/rsa/rsa_sign.c:430:
4017A1F468790000:error:1C880004:Provider routines:rsa_verify:RSA lib:../providers/implementations/signature/rsa_sig.c:774:
400754937C7D0000:error:0200008A:rsa routines:RSA_padding_check_PKCS1_type_1:invalid padding:../crypto/rsa/rsa_pk1.c:79:
400754937C7D0000:error:02000072:rsa routines:rsa_ossl_public_decrypt:padding check failed:../crypto/rsa/rsa_ossl.c:697:
400754937C7D0000:error:1C880004:Provider routines:rsa_verify:RSA lib:../providers/implementations/signature/rsa_sig.c:774:
4047B6E1137C0000:error:02000068:rsa routines:ossl_rsa_verify:bad signature:../crypto/rsa/rsa_sign.c:430:
4047B6E1137C0000:error:1C880004:Provider routines:rsa_verify:RSA lib:../providers/implementations/signature/rsa_sig.c:774:
40079504F8730000:error:02000068:rsa routines:ossl_rsa_verify:bad signature:../crypto/rsa/rsa_sign.c:430:
40079504F8730000:error:1C880004:Provider routines:rsa_verify:RSA lib:../providers/implementations/signature/rsa_sig.c:774:
40A76B8588700000:error:02000068:rsa routines:ossl_rsa_verify:bad signature:../crypto/rsa/rsa_sign.c:430:
40A76B8588700000:error:1C880004:Provider routines:rsa_verify:RSA lib:../providers/implementations/signature/rsa_sig.c:774:
40575C6177750000:error:0200008A:rsa routines:RSA_padding_check_PKCS1_type_1:invalid padding:../crypto/rsa/rsa_pk1.c:79:
40575C6177750000:error:02000072:rsa routines:rsa_ossl_public_decrypt:padding check failed:../crypto/rsa/rsa_ossl.c:697:
40575C6177750000:error:1C880004:Provider routines:rsa_verify:RSA lib:../providers/implementations/signature/rsa_sig.c:774:
4057F36AD17C0000:error:02000068:rsa routines:ossl_rsa_verify:bad signature:../crypto/rsa/rsa_sign.c:430:
4057F36AD17C0000:error:1C880004:Provider routines:rsa_verify:RSA lib:../providers/implementations/signature/rsa_sig.c:774:
40F7AC67FD7A0000:error:0200008A:rsa routines:RSA_padding_check_PKCS1_type_1:invalid padding:../crypto/rsa/rsa_pk1.c:79:
40F7AC67FD7A0000:error:02000072:rsa routines:rsa_ossl_public_decrypt:padding check failed:../crypto/rsa/rsa_ossl.c:697:
40F7AC67FD7A0000:error:1C880004:Provider routines:rsa_verify:RSA lib:../providers/implementations/signature/rsa_sig.c:774:
40E79B6D28750000:error:02000068:rsa routines:ossl_rsa_verify:bad signature:../crypto/rsa/rsa_sign.c:430:
40E79B6D28750000:error:1C880004:Provider routines:rsa_verify:RSA lib:../providers/implementations/signature/rsa_sig.c:774:
40A7637C7A7C0000:error:0200008A:rsa routines:RSA_padding_check_PKCS1_type_1:invalid padding:../crypto/rsa/rsa_pk1.c:79:
40A7637C7A7C0000:error:02000072:rsa routines:rsa_ossl_public_decrypt:padding check failed:../crypto/rsa/rsa_ossl.c:697:
40A7637C7A7C0000:error:1C880004:Provider routines:rsa_verify:RSA lib:../providers/implementations/signature/rsa_sig.c:774:
4017921B0E790000:error:02000068:rsa routines:ossl_rsa_verify:bad signature:../crypto/rsa/rsa_sign.c:430:
4017921B0E790000:error:1C880004:Provider routines:rsa_verify:RSA lib:../providers/implementations/signature/rsa_sig.c:774:
40F761FD987B0000:error:0200008A:rsa routines:RSA_padding_check_PKCS1_type_1:invalid padding:../crypto/rsa/rsa_pk1.c:79:
40F761FD987B0000:error:02000072:rsa routines:rsa_ossl_public_decrypt:padding check failed:../crypto/rsa/rsa_ossl.c:697:
40F761FD987B0000:error:1C880004:Provider routines:rsa_verify:RSA lib:../providers/implementations/signature/rsa_sig.c:774:
4057BB11C4770000:error:0200008A:rsa routines:RSA_padding_check_PKCS1_type_1:invalid padding:../crypto/rsa/rsa_pk1.c:79:
4057BB11C4770000:error:02000072:rsa routines:rsa_ossl_public_decrypt:padding check failed:../crypto/rsa/rsa_ossl.c:697:
4057BB11C4770000:error:1C880004:Provider routines:rsa_verify:RSA lib:../providers/implementations/signature/rsa_sig.c:774:
40D75B3C4C720000:error:0200008A:rsa routines:RSA_padding_check_PKCS1_type_1:invalid padding:../crypto/rsa/rsa_pk1.c:79:
40D75B3C4C720000:error:02000072:rsa routines:rsa_ossl_public_decrypt:padding check failed:../crypto/rsa/rsa_ossl.c:697:
40D75B3C4C720000:error:1C880004:Provider routines:rsa_verify:RSA lib:../providers/implementations/signature/rsa_sig.c:774:
4017A658FC740000:error:0200008A:rsa routines:RSA_padding_check_PKCS1_type_1:invalid padding:../crypto/rsa/rsa_pk1.c:79:
4017A658FC740000:error:02000072:rsa routines:rsa_ossl_public_decrypt:padding check failed:../crypto/rsa/rsa_ossl.c:697:
4017A658FC740000:error:1C880004:Provider routines:rsa_verify:RSA lib:../providers/implementations/signature/rsa_sig.c:774:
4077894EA27D0000:error:02000068:rsa routines:ossl_rsa_verify:bad signature:../crypto/rsa/rsa_sign.c:430:
4077894EA27D0000:error:1C880004:Provider routines:rsa_verify:RSA lib:../providers/implementations/signature/rsa_sig.c:774:
40473EB3697B0000:error:02000068:rsa routines:ossl_rsa_verify:bad signature:../crypto/rsa/rsa_sign.c:430:
40473EB3697B0000:error:1C880004:Provider routines:rsa_verify:RSA lib:../providers/implementations/signature/rsa_sig.c:774:
40A743852D720000:error:0200008A:rsa routines:RSA_padding_check_PKCS1_type_1:invalid padding:../crypto/rsa/rsa_pk1.c:79:
40A743852D720000:error:02000072:rsa routines:rsa_ossl_public_decrypt:padding check failed:../crypto/rsa/rsa_ossl.c:697:
40A743852D720000:error:1C880004:Provider routines:rsa_verify:RSA lib:../providers/implementations/signature/rsa_sig.c:774:
40077EE7577B0000:error:02000068:rsa routines:ossl_rsa_verify:bad signature:../crypto/rsa/rsa_sign.c:430:
40077EE7577B0000:error:1C880004:Provider routines:rsa_verify:RSA lib:../providers/implementations/signature/rsa_sig.c:774:
4007D778197F0000:error:0200008A:rsa routines:RSA_padding_check_PKCS1_type_1:invalid padding:../crypto/rsa/rsa_pk1.c:79:
4007D778197F0000:error:02000072:rsa routines:rsa_ossl_public_decrypt:padding check failed:../crypto/rsa/rsa_ossl.c:697:
4007D778197F0000:error:1C880004:Provider routines:rsa_verify:RSA lib:../providers/implementations/signature/rsa_sig.c:774:
4017F285FD7C0000:error:0200008A:rsa routines:RSA_padding_check_PKCS1_type_1:invalid padding:../crypto/rsa/rsa_pk1.c:79:
4017F285FD7C0000:error:02000072:rsa routines:rsa_ossl_public_decrypt:padding check failed:../crypto/rsa/rsa_ossl.c:697:
4017F285FD7C0000:error:1C880004:Provider routines:rsa_verify:RSA lib:../providers/implementations/signature/rsa_sig.c:774:
40E707CC6B7F0000:error:0200008A:rsa routines:RSA_padding_check_PKCS1_type_1:invalid padding:../crypto/rsa/rsa_pk1.c:79:
40E707CC6B7F0000:error:02000072:rsa routines:rsa_ossl_public_decrypt:padding check failed:../crypto/rsa/rsa_ossl.c:697:
40E707CC6B7F0000:error:1C880004:Provider routines:rsa_verify:RSA lib:../providers/implementations/signature/rsa_sig.c:774:
401784FC67790000:error:0200008A:rsa routines:RSA_padding_check_PKCS1_type_1:invalid padding:../crypto/rsa/rsa_pk1.c:79:
401784FC67790000:error:02000072:rsa routines:rsa_ossl_public_decrypt:padding check failed:../crypto/rsa/rsa_ossl.c:697:
401784FC67790000:error:1C880004:Provider routines:rsa_verify:RSA lib:../providers/implementations/signature/rsa_sig.c:774:
4027A45518750000:error:0200008A:rsa routines:RSA_padding_check_PKCS1_type_1:invalid padding:../crypto/rsa/rsa_pk1.c:79:
4027A45518750000:error:02000072:rsa routines:rsa_ossl_public_decrypt:padding check failed:../crypto/rsa/rsa_ossl.c:697:
4027A45518750000:error:1C880004:Provider routines:rsa_verify:RSA lib:../providers/implementations/signature/rsa_sig.c:774:
403723540E710000:error:02000068:rsa routines:ossl_rsa_verify:bad signature:../crypto/rsa/rsa_sign.c:430:
403723540E710000:error:1C880004:Provider routines:rsa_verify:RSA lib:../providers/implementations/signature/rsa_sig.c:774:
40F7D423C5760000:error:02000068:rsa routines:ossl_rsa_verify:bad signature:../crypto/rsa/rsa_sign.c:430:
40F7D423C5760000:error:1C880004:Provider routines:rsa_verify:RSA lib:../providers/implementations/signature/rsa_sig.c:774:
40277FB97C7D0000:error:02000068:rsa routines:ossl_rsa_verify:bad signature:../crypto/rsa/rsa_sign.c:430:
40277FB97C7D0000:error:1C880004:Provider routines:rsa_verify:RSA lib:../providers/implementations/signature/rsa_sig.c:774:
403753BA31710000:error:02000068:rsa routines:ossl_rsa_verify:bad signature:../crypto/rsa/rsa_sign.c:430:
403753BA31710000:error:1C880004:Provider routines:rsa_verify:RSA lib:../providers/implementations/signature/rsa_sig.c:774:
40678D2540730000:error:02000068:rsa routines:ossl_rsa_verify:bad signature:../crypto/rsa/rsa_sign.c:430:
40678D2540730000:error:1C880004:Provider routines:rsa_verify:RSA lib:../providers/implementations/signature/rsa_sig.c:774:
40F7B96F77790000:error:02000068:rsa routines:ossl_rsa_verify:bad signature:../crypto/rsa/rsa_sign.c:430:
40F7B96F77790000:error:1C880004:Provider routines:rsa_verify:RSA lib:../providers/implementations/signature/rsa_sig.c:774:
4037072A19770000:error:0200008A:rsa routines:RSA_padding_check_PKCS1_type_1:invalid padding:../crypto/rsa/rsa_pk1.c:79:
4037072A19770000:error:02000072:rsa routines:rsa_ossl_public_decrypt:padding check failed:../crypto/rsa/rsa_ossl.c:697:
4037072A19770000:error:1C880004:Provider routines:rsa_verify:RSA lib:../providers/implementations/signature/rsa_sig.c:774:
40770D2F4F7B0000:error:0200008A:rsa routines:RSA_padding_check_PKCS1_type_1:invalid padding:../crypto/rsa/rsa_pk1.c:79:
40770D2F4F7B0000:error:02000072:rsa routines:rsa_ossl_public_decrypt:padding check failed:../crypto/rsa/rsa_ossl.c:697:
40770D2F4F7B0000:error:1C880004:Provider routines:rsa_verify:RSA lib:../providers/implementations/signature/rsa_sig.c:774:
40E74ABC77700000:error:02000068:rsa routines:ossl_rsa_verify:bad signature:../crypto/rsa/rsa_sign.c:430:
40E74ABC77700000:error:1C880004:Provider routines:rsa_verify:RSA lib:../providers/implementations/signature/rsa_sig.c:774:
40F773521B7F0000:error:0200008A:rsa routines:RSA_padding_check_PKCS1_type_1:invalid padding:../crypto/rsa/rsa_pk1.c:79:
40F773521B7F0000:error:02000072:rsa routines:rsa_ossl_public_decrypt:padding check failed:../crypto/rsa/rsa_ossl.c:697:
40F773521B7F0000:error:1C880004:Provider routines:rsa_verify:RSA lib:../providers/implementations/signature/rsa_sig.c:774:
4027745AF37D0000:error:02000068:rsa routines:ossl_rsa_verify:bad signature:../crypto/rsa/rsa_sign.c:430:
4027745AF37D0000:error:1C880004:Provider routines:rsa_verify:RSA lib:../providers/implementations/signature/rsa_sig.c:774:
4097CAC0A0730000:error:0200008A:rsa routines:RSA_padding_check_PKCS1_type_1:invalid padding:../crypto/rsa/rsa_pk1.c:79:
4097CAC0A0730000:error:02000072:rsa routines:rsa_ossl_public_decrypt:padding check failed:../crypto/rsa/rsa_ossl.c:697:
4097CAC0A0730000:error:1C880004:Provider routines:rsa_verify:RSA lib:../providers/implementations/signature/rsa_sig.c:774:
40A72DBA1E7E0000:error:0200008A:rsa routines:RSA_padding_check_PKCS1_type_1:invalid padding:../crypto/rsa/rsa_pk1.c:79:
40A72DBA1E7E0000:error:02000072:rsa routines:rsa_ossl_public_decrypt:padding check failed:../crypto/rsa/rsa_ossl.c:697:
40A72DBA1E7E0000:error:1C880004:Provider routines:rsa_verify:RSA lib:../providers/implementations/signature/rsa_sig.c:774:
4037406A6B720000:error:0200008A:rsa routines:RSA_padding_check_PKCS1_type_1:invalid padding:../crypto/rsa/rsa_pk1.c:79:
4037406A6B720000:error:02000072:rsa routines:rsa_ossl_public_decrypt:padding check failed:../crypto/rsa/rsa_ossl.c:697:
4037406A6B720000:error:1C880004:Provider routines:rsa_verify:RSA lib:../providers/implementations/signature/rsa_sig.c:774:
40F7810EB6790000:error:02000068:rsa routines:ossl_rsa_verify:bad signature:../crypto/rsa/rsa_sign.c:430:
40F7810EB6790000:error:1C880004:Provider routines:rsa_verify:RSA lib:../providers/implementations/signature/rsa_sig.c:774:
40B7BD50FE770000:error:02000068:rsa routines:ossl_rsa_verify:bad signature:../crypto/rsa/rsa_sign.c:430:
40B7BD50FE770000:error:1C880004:Provider routines:rsa_verify:RSA lib:../providers/implementations/signature/rsa_sig.c:774:
40D75B99DB790000:error:0200008A:rsa routines:RSA_padding_check_PKCS1_type_1:invalid padding:../crypto/rsa/rsa_pk1.c:79:
40D75B99DB790000:error:02000072:rsa routines:rsa_ossl_public_decrypt:padding check failed:../crypto/rsa/rsa_ossl.c:697:
40D75B99DB790000:error:1C880004:Provider routines:rsa_verify:RSA lib:../providers/implementations/signature/rsa_sig.c:774:
40A73F74E7740000:error:02000068:rsa routines:ossl_rsa_verify:bad signature:../crypto/rsa/rsa_sign.c:430:
40A73F74E7740000:error:1C880004:Provider routines:rsa_verify:RSA lib:../providers/implementations/signature/rsa_sig.c:774:
40B7459C3A770000:error:0200008A:rsa routines:RSA_padding_check_PKCS1_type_1:invalid padding:../crypto/rsa/rsa_pk1.c:79:
40B7459C3A770000:error:02000072:rsa routines:rsa_ossl_public_decrypt:padding check failed:../crypto/rsa/rsa_ossl.c:697:
40B7459C3A770000:error:1C880004:Provider routines:rsa_verify:RSA lib:../providers/implementations/signature/rsa_sig.c:774:
40B79BBBEB7A0000:error:02000068:rsa routines:ossl_rsa_verify:bad signature:../crypto/rsa/rsa_sign.c:430:
40B79BBBEB7A0000:error:1C880004:Provider routines:rsa_verify:RSA lib:../providers/implementations/signature/rsa_sig.c:774:
405709F4A17E0000:error:02000068:rsa routines:ossl_rsa_verify:bad signature:../crypto/rsa/rsa_sign.c:430:
405709F4A17E0000:error:1C880004:Provider routines:rsa_verify:RSA lib:../providers/implementations/signature/rsa_sig.c:774:
40D72DF69B7D0000:error:0200008A:rsa routines:RSA_padding_check_PKCS1_type_1:invalid padding:../crypto/rsa/rsa_pk1.c:79:
40D72DF69B7D0000:error:02000072:rsa routines:rsa_ossl_public_decrypt:padding check failed:../crypto/rsa/rsa_ossl.c:697:
40D72DF69B7D0000:error:1C880004:Provider routines:rsa_verify:RSA lib:../providers/implementations/signature/rsa_sig.c:774:
4097EC6DD6720000:error:0200008A:rsa routines:RSA_padding_check_PKCS1_type_1:invalid padding:../crypto/rsa/rsa_pk1.c:79:
4097EC6DD6720000:error:02000072:rsa routines:rsa_ossl_public_decrypt:padding check failed:../crypto/rsa/rsa_ossl.c:697:
4097EC6DD6720000:error:1C880004:Provider routines:rsa_verify:RSA lib:../providers/implementations/signature/rsa_sig.c:774:
40D7731657730000:error:02000068:rsa routines:ossl_rsa_verify:bad signature:../crypto/rsa/rsa_sign.c:430:
40D7731657730000:error:1C880004:Provider routines:rsa_verify:RSA lib:../providers/implementations/signature/rsa_sig.c:774:
40C73EF2DE700000:error:02000068:rsa routines:ossl_rsa_verify:bad signature:../crypto/rsa/rsa_sign.c:430:
40C73EF2DE700000:error:1C880004:Provider routines:rsa_verify:RSA lib:../providers/implementations/signature/rsa_sig.c:774:
4077BF0BBA730000:error:02000068:rsa routines:ossl_rsa_verify:bad signature:../crypto/rsa/rsa_sign.c:430:
4077BF0BBA730000:error:1C880004:Provider routines:rsa_verify:RSA lib:../providers/implementations/signature/rsa_sig.c:774:
401785829D780000:error:0200008A:rsa routines:RSA_padding_check_PKCS1_type_1:invalid padding:../crypto/rsa/rsa_pk1.c:79:
401785829D780000:error:02000072:rsa routines:rsa_ossl_public_decrypt:padding check failed:../crypto/rsa/rsa_ossl.c:697:
401785829D780000:error:1C880004:Provider routines:rsa_verify:RSA lib:../providers/implementations/signature/rsa_sig.c:774:
40E73AD707700000:error:0200008A:rsa routines:RSA_padding_check_PKCS1_type_1:invalid padding:../crypto/rsa/rsa_pk1.c:79:
40E73AD707700000:error:02000072:rsa routines:rsa_ossl_public_decrypt:padding check failed:../crypto/rsa/rsa_ossl.c:697:
40E73AD707700000:error:1C880004:Provider routines:rsa_verify:RSA lib:../providers/implementations/signature/rsa_sig.c:774:
40F798B05D700000:error:0200008A:rsa routines:RSA_padding_check_PKCS1_type_1:invalid padding:../crypto/rsa/rsa_pk1.c:79:
40F798B05D700000:error:02000072:rsa routines:rsa_ossl_public_decrypt:padding check failed:../crypto/rsa/rsa_ossl.c:697:
40F798B05D700000:error:1C880004:Provider routines:rsa_verify:RSA lib:../providers/implementations/signature/rsa_sig.c:774:
40270626A17F0000:error:0200006A:rsa routines:RSA_padding_check_PKCS1_type_1:block type is not 01:../crypto/rsa/rsa_pk1.c:86:
40270626A17F0000:error:02000072:rsa routines:rsa_ossl_public_decrypt:padding check failed:../crypto/rsa/rsa_ossl.c:697:
40270626A17F0000:error:1C880004:Provider routines:rsa_verify:RSA lib:../providers/implementations/signature/rsa_sig.c:774:
4067F88CFC700000:error:02000068:rsa routines:ossl_rsa_verify:bad signature:../crypto/rsa/rsa_sign.c:430:
4067F88CFC700000:error:1C880004:Provider routines:rsa_verify:RSA lib:../providers/implementations/signature/rsa_sig.c:774:
408718B585740000:error:0200008A:rsa routines:RSA_padding_check_PKCS1_type_1:invalid padding:../crypto/rsa/rsa_pk1.c:79:
408718B585740000:error:02000072:rsa routines:rsa_ossl_public_decrypt:padding check failed:../crypto/rsa/rsa_ossl.c:697:
408718B585740000:error:1C880004:Provider routines:rsa_verify:RSA lib:../providers/implementations/signature/rsa_sig.c:774:
40A7C74B14700000:error:02000068:rsa routines:ossl_rsa_verify:bad signature:../crypto/rsa/rsa_sign.c:430:
40A7C74B14700000:error:1C880004:Provider routines:rsa_verify:RSA lib:../providers/implementations/signature/rsa_sig.c:774:
40071EBDFF780000:error:02000068:rsa routines:ossl_rsa_verify:bad signature:../crypto/rsa/rsa_sign.c:430:
40071EBDFF780000:error:1C880004:Provider routines:rsa_verify:RSA lib:../providers/implementations/signature/rsa_sig.c:774:
40C777640D740000:error:0200008A:rsa routines:RSA_padding_check_PKCS1_type_1:invalid padding:../crypto/rsa/rsa_pk1.c:79:
40C777640D740000:error:02000072:rsa routines:rsa_ossl_public_decrypt:padding check failed:../crypto/rsa/rsa_ossl.c:697:
40C777640D740000:error:1C880004:Provider routines:rsa_verify:RSA lib:../providers/implementations/signature/rsa_sig.c:774:
40B7DAFCFE720000:error:0200008A:rsa routines:RSA_padding_check_PKCS1_type_1:invalid padding:../crypto/rsa/rsa_pk1.c:79:
40B7DAFCFE720000:error:02000072:rsa routines:rsa_ossl_public_decrypt:padding check failed:../crypto/rsa/rsa_ossl.c:697:
40B7DAFCFE720000:error:1C880004:Provider routines:rsa_verify:RSA lib:../providers/implementations/signature/rsa_sig.c:774:
40575A6F5F7A0000:error:02000068:rsa routines:ossl_rsa_verify:bad signature:../crypto/rsa/rsa_sign.c:430:
40575A6F5F7A0000:error:1C880004:Provider routines:rsa_verify:RSA lib:../providers/implementations/signature/rsa_sig.c:774:
4067700B73770000:error:0200008A:rsa routines:RSA_padding_check_PKCS1_type_1:invalid padding:../crypto/rsa/rsa_pk1.c:79:
4067700B73770000:error:02000072:rsa routines:rsa_ossl_public_decrypt:padding check failed:../crypto/rsa/rsa_ossl.c:697:
4067700B73770000:error:1C880004:Provider routines:rsa_verify:RSA lib:../providers/implementations/signature/rsa_sig.c:774:
40E7DC4212760000:error:0200008A:rsa routines:RSA_padding_check_PKCS1_type_1:invalid padding:../crypto/rsa/rsa_pk1.c:79:
40E7DC4212760000:error:02000072:rsa routines:rsa_ossl_public_decrypt:padding check failed:../crypto/rsa/rsa_ossl.c:697:
40E7DC4212760000:error:1C880004:Provider routines:rsa_verify:RSA lib:../providers/implementations/signature/rsa_sig.c:774:
409736A73F7C0000:error:0200008A:rsa routines:RSA_padding_check_PKCS1_type_1:invalid padding:../crypto/rsa/rsa_pk1.c:79:
409736A73F7C0000:error:02000072:rsa routines:rsa_ossl_public_decrypt:padding check failed:../crypto/rsa/rsa_ossl.c:697:
409736A73F7C0000:error:1C880004:Provider routines:rsa_verify:RSA lib:../providers/implementations/signature/rsa_sig.c:774:
4057834BD97F0000:error:02000068:rsa routines:ossl_rsa_verify:bad signature:../crypto/rsa/rsa_sign.c:430:
4057834BD97F0000:error:1C880004:Provider routines:rsa_verify:RSA lib:../providers/implementations/signature/rsa_sig.c:774:
4027D512517F0000:error:02000068:rsa routines:ossl_rsa_verify:bad signature:../crypto/rsa/rsa_sign.c:430:
4027D512517F0000:error:1C880004:Provider routines:rsa_verify:RSA lib:../providers/implementations/signature/rsa_sig.c:774:
4057B2DFB2700000:error:0200008A:rsa routines:RSA_padding_check_PKCS1_type_1:invalid padding:../crypto/rsa/rsa_pk1.c:79:
4057B2DFB2700000:error:02000072:rsa routines:rsa_ossl_public_decrypt:padding check failed:../crypto/rsa/rsa_ossl.c:697:
4057B2DFB2700000:error:1C880004:Provider routines:rsa_verify:RSA lib:../providers/implementations/signature/rsa_sig.c:774:
40C7AAF19F760000:error:02000068:rsa routines:ossl_rsa_verify:bad signature:../crypto/rsa/rsa_sign.c:430:
40C7AAF19F760000:error:1C880004:Provider routines:rsa_verify:RSA lib:../providers/implementations/signature/rsa_sig.c:774:
40E78DB56D750000:error:02000068:rsa routines:ossl_rsa_verify:bad signature:../crypto/rsa/rsa_sign.c:430:
40E78DB56D750000:error:1C880004:Provider routines:rsa_verify:RSA lib:../providers/implementations/signature/rsa_sig.c:774:
403724EEB9710000:error:02000068:rsa routines:ossl_rsa_verify:bad signature:../crypto/rsa/rsa_sign.c:430:
403724EEB9710000:error:1C880004:Provider routines:rsa_verify:RSA lib:../providers/implementations/signature/rsa_sig.c:774:
409797461C760000:error:02000068:rsa routines:ossl_rsa_verify:bad signature:../crypto/rsa/rsa_sign.c:430:
409797461C760000:error:1C880004:Provider routines:rsa_verify:RSA lib:../providers/implementations/signature/rsa_sig.c:774:
40E704D1997F0000:error:02000068:rsa routines:ossl_rsa_verify:bad signature:../crypto/rsa/rsa_sign.c:430:
40E704D1997F0000:error:1C880004:Provider routines:rsa_verify:RSA lib:../providers/implementations/signature/rsa_sig.c:774:
40076911517E0000:error:02000068:rsa routines:ossl_rsa_verify:bad signature:../crypto/rsa/rsa_sign.c:430:
40076911517E0000:error:1C880004:Provider routines:rsa_verify:RSA lib:../providers/implementations/signature/rsa_sig.c:774:
40B732815F750000:error:02000068:rsa routines:ossl_rsa_verify:bad signature:../crypto/rsa/rsa_sign.c:430:
40B732815F750000:error:1C880004:Provider routines:rsa_verify:RSA lib:../providers/implementations/signature/rsa_sig.c:774:
40C77B6564780000:error:0200008A:rsa routines:RSA_padding_check_PKCS1_type_1:invalid padding:../crypto/rsa/rsa_pk1.c:79:
40C77B6564780000:error:02000072:rsa routines:rsa_ossl_public_decrypt:padding check failed:../crypto/rsa/rsa_ossl.c:697:
40C77B6564780000:error:1C880004:Provider routines:rsa_verify:RSA lib:../providers/implementations/signature/rsa_sig.c:774:
408752B50F7A0000:error:02000068:rsa routines:ossl_rsa_verify:bad signature:../crypto/rsa/rsa_sign.c:430:
408752B50F7A0000:error:1C880004:Provider routines:rsa_verify:RSA lib:../providers/implementations/signature/rsa_sig.c:774:
405752F10F7C0000:error:02000068:rsa routines:ossl_rsa_verify:bad signature:../crypto/rsa/rsa_sign.c:430:
405752F10F7C0000:error:1C880004:Provider routines:rsa_verify:RSA lib:../providers/implementations/signature/rsa_sig.c:774:
4097DE723A720000:error:0200008A:rsa routines:RSA_padding_check_PKCS1_type_1:invalid padding:../crypto/rsa/rsa_pk1.c:79:
4097DE723A720000:error:02000072:rsa routines:rsa_ossl_public_decrypt:padding check failed:../crypto/rsa/rsa_ossl.c:697:
4097DE723A720000:error:1C880004:Provider routines:rsa_verify:RSA lib:../providers/implementations/signature/rsa_sig.c:774:
4097CDA499760000:error:02000068:rsa routines:ossl_rsa_verify:bad signature:../crypto/rsa/rsa_sign.c:430:
4097CDA499760000:error:1C880004:Provider routines:rsa_verify:RSA lib:../providers/implementations/signature/rsa_sig.c:774:
40A762753E7E0000:error:02000068:rsa routines:ossl_rsa_verify:bad signature:../crypto/rsa/rsa_sign.c:430:
40A762753E7E0000:error:1C880004:Provider routines:rsa_verify:RSA lib:../providers/implementations/signature/rsa_sig.c:774:
4077A72F25700000:error:0200008A:rsa routines:RSA_padding_check_PKCS1_type_1:invalid padding:../crypto/rsa/rsa_pk1.c:79:
4077A72F25700000:error:02000072:rsa routines:rsa_ossl_public_decrypt:padding check failed:../crypto/rsa/rsa_ossl.c:697:
4077A72F25700000:error:1C880004:Provider routines:rsa_verify:RSA lib:../providers/implementations/signature/rsa_sig.c:774:
40C754FD7C750000:error:0200008A:rsa routines:RSA_padding_check_PKCS1_type_1:invalid padding:../crypto/rsa/rsa_pk1.c:79:
40C754FD7C750000:error:02000072:rsa routines:rsa_ossl_public_decrypt:padding check failed:../crypto/rsa/rsa_ossl.c:697:
40C754FD7C750000:error:1C880004:Provider routines:rsa_verify:RSA lib:../providers/implementations/signature/rsa_sig.c:774:
40873381D4720000:error:0200008A:rsa routines:RSA_padding_check_PKCS1_type_1:invalid padding:../crypto/rsa/rsa_pk1.c:79:
40873381D4720000:error:02000072:rsa routines:rsa_ossl_public_decrypt:padding check failed:../crypto/rsa/rsa_ossl.c:697:
40873381D4720000:error:1C880004:Provider routines:rsa_verify:RSA lib:../providers/implementations/signature/rsa_sig.c:774:
4077A14D197B0000:error:0200008A:rsa routines:RSA_padding_check_PKCS1_type_1:invalid padding:../crypto/rsa/rsa_pk1.c:79:
4077A14D197B0000:error:02000072:rsa routines:rsa_ossl_public_decrypt:padding check failed:../crypto/rsa/rsa_ossl.c:697:
4077A14D197B0000:error:1C880004:Provider routines:rsa_verify:RSA lib:../providers/implementations/signature/rsa_sig.c:774:
40E747C51D700000:error:0200008A:rsa routines:RSA_padding_check_PKCS1_type_1:invalid padding:../crypto/rsa/rsa_pk1.c:79:
40E747C51D700000:error:02000072:rsa routines:rsa_ossl_public_decrypt:padding check failed:../crypto/rsa/rsa_ossl.c:697:
40E747C51D700000:error:1C880004:Provider routines:rsa_verify:RSA lib:../providers/implementations/signature/rsa_sig.c:774:
407760F83A7C0000:error:02000068:rsa routines:ossl_rsa_verify:bad signature:../crypto/rsa/rsa_sign.c:430:
407760F83A7C0000:error:1C880004:Provider routines:rsa_verify:RSA lib:../providers/implementations/signature/rsa_sig.c:774:
40A7518283770000:error:0200008A:rsa routines:RSA_padding_check_PKCS1_type_1:invalid padding:../crypto/rsa/rsa_pk1.c:79:
40A7518283770000:error:02000072:rsa routines:rsa_ossl_public_decrypt:padding check failed:../crypto/rsa/rsa_ossl.c:697:
40A7518283770000:error:1C880004:Provider routines:rsa_verify:RSA lib:../providers/implementations/signature/rsa_sig.c:774:
40B79A19557D0000:error:0200008A:rsa routines:RSA_padding_check_PKCS1_type_1:invalid padding:../crypto/rsa/rsa_pk1.c:79:
40B79A19557D0000:error:02000072:rsa routines:rsa_ossl_public_decrypt:padding check failed:../crypto/rsa/rsa_ossl.c:697:
40B79A19557D0000:error:1C880004:Provider routines:rsa_verify:RSA lib:../providers/implementations/signature/rsa_sig.c:774:
40173B31F1730000:error:02000068:rsa routines:ossl_rsa_verify:bad signature:../crypto/rsa/rsa_sign.c:430:
40173B31F1730000:error:1C880004:Provider routines:rsa_verify:RSA lib:../providers/implementations/signature/rsa_sig.c:774:
40874FEC537A0000:error:0200008A:rsa routines:RSA_padding_check_PKCS1_type_1:invalid padding:../crypto/rsa/rsa_pk1.c:79:
40874FEC537A0000:error:02000072:rsa routines:rsa_ossl_public_decrypt:padding check failed:../crypto/rsa/rsa_ossl.c:697:
40874FEC537A0000:error:1C880004:Provider routines:rsa_verify:RSA lib:../providers/implementations/signature/rsa_sig.c:774:
4007E443B5730000:error:0200008A:rsa routines:RSA_padding_check_PKCS1_type_1:invalid padding:../crypto/rsa/rsa_pk1.c:79:
4007E443B5730000:error:02000072:rsa routines:rsa_ossl_public_decrypt:padding check failed:../crypto/rsa/rsa_ossl.c:697:
4007E443B5730000:error:1C880004:Provider routines:rsa_verify:RSA lib:../providers/implementations/signature/rsa_sig.c:774:
4097C47B73700000:error:0200008A:rsa routines:RSA_padding_check_PKCS1_type_1:invalid padding:../crypto/rsa/rsa_pk1.c:79:
4097C47B73700000:error:02000072:rsa routines:rsa_ossl_public_decrypt:padding check failed:../crypto/rsa/rsa_ossl.c:697:
4097C47B73700000:error:1C880004:Provider routines:rsa_verify:RSA lib:../providers/implementations/signature/rsa_sig.c:774:
40372DB5C4790000:error:0200008A:rsa routines:RSA_padding_check_PKCS1_type_1:invalid padding:../crypto/rsa/rsa_pk1.c:79:
40372DB5C4790000:error:02000072:rsa routines:rsa_ossl_public_decrypt:padding check failed:../crypto/rsa/rsa_ossl.c:697:
40372DB5C4790000:error:1C880004:Provider routines:rsa_verify:RSA lib:../providers/implementations/signature/rsa_sig.c:774:
40C70EDA487E0000:error:0200008A:rsa routines:RSA_padding_check_PKCS1_type_1:invalid padding:../crypto/rsa/rsa_pk1.c:79:
40C70EDA487E0000:error:02000072:rsa routines:rsa_ossl_public_decrypt:padding check failed:../crypto/rsa/rsa_ossl.c:697:
40C70EDA487E0000:error:1C880004:Provider routines:rsa_verify:RSA lib:../providers/implementations/signature/rsa_sig.c:774:
4027882CD37F0000:error:0200008A:rsa routines:RSA_padding_check_PKCS1_type_1:invalid padding:../crypto/rsa/rsa_pk1.c:79:
4027882CD37F0000:error:02000072:rsa routines:rsa_ossl_public_decrypt:padding check failed:../crypto/rsa/rsa_ossl.c:697:
4027882CD37F0000:error:1C880004:Provider routines:rsa_verify:RSA lib:../providers/implementations/signature/rsa_sig.c:774:
4037B3EA88770000:error:0200008A:rsa routines:RSA_padding_check_PKCS1_type_1:invalid padding:../crypto/rsa/rsa_pk1.c:79:
4037B3EA88770000:error:02000072:rsa routines:rsa_ossl_public_decrypt:padding check failed:../crypto/rsa/rsa_ossl.c:697:
4037B3EA88770000:error:1C880004:Provider routines:rsa_verify:RSA lib:../providers/implementations/signature/rsa_sig.c:774:
4017B0A6497E0000:error:02000068:rsa routines:ossl_rsa_verify:bad signature:../crypto/rsa/rsa_sign.c:430:
4017B0A6497E0000:error:1C880004:Provider routines:rsa_verify:RSA lib:../providers/implementations/signature/rsa_sig.c:774:
40D76E8513700000:error:0200008A:rsa routines:RSA_padding_check_PKCS1_type_1:invalid padding:../crypto/rsa/rsa_pk1.c:79:
40D76E8513700000:error:02000072:rsa routines:rsa_ossl_public_decrypt:padding check failed:../crypto/rsa/rsa_ossl.c:697:
40D76E8513700000:error:1C880004:Provider routines:rsa_verify:RSA lib:../providers/implementations/signature/rsa_sig.c:774:
4087D3058C790000:error:02000068:rsa routines:ossl_rsa_verify:bad signature:../crypto/rsa/rsa_sign.c:430:
4087D3058C790000:error:1C880004:Provider routines:rsa_verify:RSA lib:../providers/implementations/signature/rsa_sig.c:774:
40A73DAF8A7C0000:error:02000068:rsa routines:ossl_rsa_verify:bad signature:../crypto/rsa/rsa_sign.c:430:
40A73DAF8A7C0000:error:1C880004:Provider routines:rsa_verify:RSA lib:../providers/implementations/signature/rsa_sig.c:774:
40B735E935790000:error:0200008A:rsa routines:RSA_padding_check_PKCS1_type_1:invalid padding:../crypto/rsa/rsa_pk1.c:79:
40B735E935790000:error:02000072:rsa routines:rsa_ossl_public_decrypt:padding check failed:../crypto/rsa/rsa_ossl.c:697:
40B735E935790000:error:1C880004:Provider routines:rsa_verify:RSA lib:../providers/implementations/signature/rsa_sig.c:774:
40D7C2EBCC7B0000:error:02000068:rsa routines:ossl_rsa_verify:bad signature:../crypto/rsa/rsa_sign.c:430:
40D7C2EBCC7B0000:error:1C880004:Provider routines:rsa_verify:RSA lib:../providers/implementations/signature/rsa_sig.c:774:
407745B00C780000:error:02000068:rsa routines:ossl_rsa_verify:bad signature:../crypto/rsa/rsa_sign.c:430:
407745B00C780000:error:1C880004:Provider routines:rsa_verify:RSA lib:../providers/implementations/signature/rsa_sig.c:774:
4037EB1DCB7E0000:error:02000068:rsa routines:ossl_rsa_verify:bad signature:../crypto/rsa/rsa_sign.c:430:
4037EB1DCB7E0000:error:1C880004:Provider routines:rsa_verify:RSA lib:../providers/implementations/signature/rsa_sig.c:774:
40678C0992750000:error:0200008A:rsa routines:RSA_padding_check_PKCS1_type_1:invalid padding:../crypto/rsa/rsa_pk1.c:79:
40678C0992750000:error:02000072:rsa routines:rsa_ossl_public_decrypt:padding check failed:../crypto/rsa/rsa_ossl.c:697:
40678C0992750000:error:1C880004:Provider routines:rsa_verify:RSA lib:../providers/implementations/signature/rsa_sig.c:774:
40177628897D0000:error:02000068:rsa routines:ossl_rsa_verify:bad signature:../crypto/rsa/rsa_sign.c:430:
40177628897D0000:error:1C880004:Provider routines:rsa_verify:RSA lib:../providers/implementations/signature/rsa_sig.c:774:
40A7F965237F0000:error:0200008A:rsa routines:RSA_padding_check_PKCS1_type_1:invalid padding:../crypto/rsa/rsa_pk1.c:79:
40A7F965237F0000:error:02000072:rsa routines:rsa_ossl_public_decrypt:padding check failed:../crypto/rsa/rsa_ossl.c:697:
40A7F965237F0000:error:1C880004:Provider routines:rsa_verify:RSA lib:../providers/implementations/signature/rsa_sig.c:774:
4067A2B736710000:error:02000068:rsa routines:ossl_rsa_verify:bad signature:../crypto/rsa/rsa_sign.c:430:
4067A2B736710000:error:1C880004:Provider routines:rsa_verify:RSA lib:../providers/implementations/signature/rsa_sig.c:774:
4097343CD0710000:error:0200008A:rsa routines:RSA_padding_check_PKCS1_type_1:invalid padding:../crypto/rsa/rsa_pk1.c:79:
4097343CD0710000:error:02000072:rsa routines:rsa_ossl_public_decrypt:padding check failed:../crypto/rsa/rsa_ossl.c:697:
4097343CD0710000:error:1C880004:Provider routines:rsa_verify:RSA lib:../providers/implementations/signature/rsa_sig.c:774:
40B7F0A22E700000:error:02000068:rsa routines:ossl_rsa_verify:bad signature:../crypto/rsa/rsa_sign.c:430:
40B7F0A22E700000:error:1C880004:Provider routines:rsa_verify:RSA lib:../providers/implementations/signature/rsa_sig.c:774:
40A7A8D368720000:error:0200008A:rsa routines:RSA_padding_check_PKCS1_type_1:invalid padding:../crypto/rsa/rsa_pk1.c:79:
40A7A8D368720000:error:02000072:rsa routines:rsa_ossl_public_decrypt:padding check failed:../crypto/rsa/rsa_ossl.c:697:
40A7A8D368720000:error:1C880004:Provider routines:rsa_verify:RSA lib:../providers/implementations/signature/rsa_sig.c:774:
4007557DEE7D0000:error:0200008A:rsa routines:RSA_padding_check_PKCS1_type_1:invalid padding:../crypto/rsa/rsa_pk1.c:79:
4007557DEE7D0000:error:02000072:rsa routines:rsa_ossl_public_decrypt:padding check failed:../crypto/rsa/rsa_ossl.c:697:
4007557DEE7D0000:error:1C880004:Provider routines:rsa_verify:RSA lib:../providers/implementations/signature/rsa_sig.c:774:
40E70F898B770000:error:0200008A:rsa routines:RSA_padding_check_PKCS1_type_1:invalid padding:../crypto/rsa/rsa_pk1.c:79:
40E70F898B770000:error:02000072:rsa routines:rsa_ossl_public_decrypt:padding check failed:../crypto/rsa/rsa_ossl.c:697:
40E70F898B770000:error:1C880004:Provider routines:rsa_verify:RSA lib:../providers/implementations/signature/rsa_sig.c:774:
4037F96BF07A0000:error:0200008A:rsa routines:RSA_padding_check_PKCS1_type_1:invalid padding:../crypto/rsa/rsa_pk1.c:79:
4037F96BF07A0000:error:02000072:rsa routines:rsa_ossl_public_decrypt:padding check failed:../crypto/rsa/rsa_ossl.c:697:
4037F96BF07A0000:error:1C880004:Provider routines:rsa_verify:RSA lib:../providers/implementations/signature/rsa_sig.c:774:
4057C44EAD7C0000:error:02000068:rsa routines:ossl_rsa_verify:bad signature:../crypto/rsa/rsa_sign.c:430:
4057C44EAD7C0000:error:1C880004:Provider routines:rsa_verify:RSA lib:../providers/implementations/signature/rsa_sig.c:774:
40F71919D5700000:error:02000068:rsa routines:ossl_rsa_verify:bad signature:../crypto/rsa/rsa_sign.c:430:
40F71919D5700000:error:1C880004:Provider routines:rsa_verify:RSA lib:../providers/implementations/signature/rsa_sig.c:774:
406777E8837F0000:error:0200008A:rsa routines:RSA_padding_check_PKCS1_type_1:invalid padding:../crypto/rsa/rsa_pk1.c:79:
406777E8837F0000:error:02000072:rsa routines:rsa_ossl_public_decrypt:padding check failed:../crypto/rsa/rsa_ossl.c:697:
406777E8837F0000:error:1C880004:Provider routines:rsa_verify:RSA lib:../providers/implementations/signature/rsa_sig.c:774:
40270C5BCE7C0000:error:02000068:rsa routines:ossl_rsa_verify:bad signature:../crypto/rsa/rsa_sign.c:430:
40270C5BCE7C0000:error:1C880004:Provider routines:rsa_verify:RSA lib:../providers/implementations/signature/rsa_sig.c:774:
40B720BE6D7B0000:error:0200008A:rsa routines:RSA_padding_check_PKCS1_type_1:invalid padding:../crypto/rsa/rsa_pk1.c:79:
40B720BE6D7B0000:error:02000072:rsa routines:rsa_ossl_public_decrypt:padding check failed:../crypto/rsa/rsa_ossl.c:697:
40B720BE6D7B0000:error:1C880004:Provider routines:rsa_verify:RSA lib:../providers/implementations/signature/rsa_sig.c:774:
4037476C867F0000:error:0200008A:rsa routines:RSA_padding_check_PKCS1_type_1:invalid padding:../crypto/rsa/rsa_pk1.c:79:
4037476C867F0000:error:02000072:rsa routines:rsa_ossl_public_decrypt:padding check failed:../crypto/rsa/rsa_ossl.c:697:
4037476C867F0000:error:1C880004:Provider routines:rsa_verify:RSA lib:../providers/implementations/signature/rsa_sig.c:774:
4007C5F00B750000:error:0200008A:rsa routines:RSA_padding_check_PKCS1_type_1:invalid padding:../crypto/rsa/rsa_pk1.c:79:
4007C5F00B750000:error:02000072:rsa routines:rsa_ossl_public_decrypt:padding check failed:../crypto/rsa/rsa_ossl.c:697:
4007C5F00B750000:error:1C880004:Provider routines:rsa_verify:RSA lib:../providers/implementations/signature/rsa_sig.c:774:
40578782387F0000:error:0200008A:rsa routines:RSA_padding_check_PKCS1_type_1:invalid padding:../crypto/rsa/rsa_pk1.c:79:
40578782387F0000:error:02000072:rsa routines:rsa_ossl_public_decrypt:padding check failed:../crypto/rsa/rsa_ossl.c:697:
40578782387F0000:error:1C880004:Provider routines:rsa_verify:RSA lib:../providers/implementations/signature/rsa_sig.c:774:
40A76EFE4C760000:error:0200008A:rsa routines:RSA_padding_check_PKCS1_type_1:invalid padding:../crypto/rsa/rsa_pk1.c:79:
40A76EFE4C760000:error:02000072:rsa routines:rsa_ossl_public_decrypt:padding check failed:../crypto/rsa/rsa_ossl.c:697:
40A76EFE4C760000:error:1C880004:Provider routines:rsa_verify:RSA lib:../providers/implementations/signature/rsa_sig.c:774:
4097E60C1A720000:error:02000068:rsa routines:ossl_rsa_verify:bad signature:../crypto/rsa/rsa_sign.c:430:
4097E60C1A720000:error:1C880004:Provider routines:rsa_verify:RSA lib:../providers/implementations/signature/rsa_sig.c:774:
40179BCAC6770000:error:02000068:rsa routines:ossl_rsa_verify:bad signature:../crypto/rsa/rsa_sign.c:430:
40179BCAC6770000:error:1C880004:Provider routines:rsa_verify:RSA lib:../providers/implementations/signature/rsa_sig.c:774:
40276222A2780000:error:02000068:rsa routines:ossl_rsa_verify:bad signature:../crypto/rsa/rsa_sign.c:430:
40276222A2780000:error:1C880004:Provider routines:rsa_verify:RSA lib:../providers/implementations/signature/rsa_sig.c:774:
40F797A8B8750000:error:02000068:rsa routines:ossl_rsa_verify:bad signature:../crypto/rsa/rsa_sign.c:430:
40F797A8B8750000:error:1C880004:Provider routines:rsa_verify:RSA lib:../providers/implementations/signature/rsa_sig.c:774:
