The command rsautl was deprecated in version 3.0. Use 'pkeyutl' instead.
Could not open file or uri for loading private key from private.key
401707BFB37F0000:error:16000069:STORE routines:ossl_store_get0_loader_int:unregistered scheme:../crypto/store/store_register.c:237:scheme=file
401707BFB37F0000:error:80000002:system library:file_open:No such file or directory:../providers/implementations/storemgmt/file_store.c:267:calling stat(private.key)
The command rsautl was deprecated in version 3.0. Use 'pkeyutl' instead.
Could not open file or uri for loading private key from private.key
40175B50177E0000:error:16000069:STORE routines:ossl_store_get0_loader_int:unregistered scheme:../crypto/store/store_register.c:237:scheme=file
40175B50177E0000:error:80000002:system library:file_open:No such file or directory:../providers/implementations/storemgmt/file_store.c:267:calling stat(private.key)
The command rsautl was deprecated in version 3.0. Use 'pkeyutl' instead.
Could not open file or uri for loading private key from private.key
40B7A27960780000:error:16000069:STORE routines:ossl_store_get0_loader_int:unregistered scheme:../crypto/store/store_register.c:237:scheme=file
40B7A27960780000:error:80000002:system library:file_open:No such file or directory:../providers/implementations/storemgmt/file_store.c:267:calling stat(private.key)
The command rsautl was deprecated in version 3.0. Use 'pkeyutl' instead.
Could not open file or uri for loading private key from private.key
40E7BC36717E0000:error:16000069:STORE routines:ossl_store_get0_loader_int:unregistered scheme:../crypto/store/store_register.c:237:scheme=file
40E7BC36717E0000:error:80000002:system library:file_open:No such file or directory:../providers/implementations/storemgmt/file_store.c:267:calling stat(private.key)
The command rsautl was deprecated in version 3.0. Use 'pkeyutl' instead.
Could not open file or uri for loading private key from private.key
4047D5CCF37C0000:error:16000069:STORE routines:ossl_store_get0_loader_int:unregistered scheme:../crypto/store/store_register.c:237:scheme=file
4047D5CCF37C0000:error:80000002:system library:file_open:No such file or directory:../providers/implementations/storemgmt/file_store.c:267:calling stat(private.key)
The command rsautl was deprecated in version 3.0. Use 'pkeyutl' instead.
Could not open file or uri for loading private key from private.key
4057844DAD750000:error:16000069:STORE routines:ossl_store_get0_loader_int:unregistered scheme:../crypto/store/store_register.c:237:scheme=file
4057844DAD750000:error:80000002:system library:file_open:No such file or directory:../providers/implementations/storemgmt/file_store.c:267:calling stat(private.key)
The command rsautl was deprecated in version 3.0. Use 'pkeyutl' instead.
Could not open file or uri for loading private key from private.key
407772225D7B0000:error:16000069:STORE routines:ossl_store_get0_loader_int:unregistered scheme:../crypto/store/store_register.c:237:scheme=file
407772225D7B0000:error:80000002:system library:file_open:No such file or directory:../providers/implementations/storemgmt/file_store.c:267:calling stat(private.key)
The command rsautl was deprecated in version 3.0. Use 'pkeyutl' instead.
Could not open file or uri for loading private key from private.key
4037A5BF927E0000:error:16000069:STORE routines:ossl_store_get0_loader_int:unregistered scheme:../crypto/store/store_register.c:237:scheme=file
4037A5BF927E0000:error:80000002:system library:file_open:No such file or directory:../providers/implementations/storemgmt/file_store.c:267:calling stat(private.key)
The command rsautl was deprecated in version 3.0. Use 'pkeyutl' instead.
Could not open file or uri for loading private key from private.key
4037786D88760000:error:16000069:STORE routines:ossl_store_get0_loader_int:unregistered scheme:../crypto/store/store_register.c:237:scheme=file
4037786D88760000:error:80000002:system library:file_open:No such file or directory:../providers/implementations/storemgmt/file_store.c:267:calling stat(private.key)
The command rsautl was deprecated in version 3.0. Use 'pkeyutl' instead.
Could not open file or uri for loading private key from private.key
4087710B6D780000:error:16000069:STORE routines:ossl_store_get0_loader_int:unregistered scheme:../crypto/store/store_register.c:237:scheme=file
4087710B6D780000:error:80000002:system library:file_open:No such file or directory:../providers/implementations/storemgmt/file_store.c:267:calling stat(private.key)
The command rsautl was deprecated in version 3.0. Use 'pkeyutl' instead.
Could not open file or uri for loading private key from private.key
4017852C6B7A0000:error:16000069:STORE routines:ossl_store_get0_loader_int:unregistered scheme:../crypto/store/store_register.c:237:scheme=file
4017852C6B7A0000:error:80000002:system library:file_open:No such file or directory:../providers/implementations/storemgmt/file_store.c:267:calling stat(private.key)
The command rsautl was deprecated in version 3.0. Use 'pkeyutl' instead.
Could not open file or uri for loading private key from private.key
40E7023001740000:error:16000069:STORE routines:ossl_store_get0_loader_int:unregistered scheme:../crypto/store/store_register.c:237:scheme=file
40E7023001740000:error:80000002:system library:file_open:No such file or directory:../providers/implementations/storemgmt/file_store.c:267:calling stat(private.key)
The command rsautl was deprecated in version 3.0. Use 'pkeyutl' instead.
Could not open file or uri for loading private key from private.key
40070A9FB2790000:error:16000069:STORE routines:ossl_store_get0_loader_int:unregistered scheme:../crypto/store/store_register.c:237:scheme=file
40070A9FB2790000:error:80000002:system library:file_open:No such file or directory:../providers/implementations/storemgmt/file_store.c:267:calling stat(private.key)
The command rsautl was deprecated in version 3.0. Use 'pkeyutl' instead.
Could not open file or uri for loading private key from private.key
40B7B5F1E0740000:error:16000069:STORE routines:ossl_store_get0_loader_int:unregistered scheme:../crypto/store/store_register.c:237:scheme=file
40B7B5F1E0740000:error:80000002:system library:file_open:No such file or directory:../providers/implementations/storemgmt/file_store.c:267:calling stat(private.key)
The command rsautl was deprecated in version 3.0. Use 'pkeyutl' instead.
Could not open file or uri for loading private key from private.key
4037F7E4367A0000:error:16000069:STORE routines:ossl_store_get0_loader_int:unregistered scheme:../crypto/store/store_register.c:237:scheme=file
4037F7E4367A0000:error:80000002:system library:file_open:No such file or directory:../providers/implementations/storemgmt/file_store.c:267:calling stat(private.key)
The command rsautl was deprecated in version 3.0. Use 'pkeyutl' instead.
Could not open file or uri for loading private key from private.key
40A7444E22750000:error:16000069:STORE routines:ossl_store_get0_loader_int:unregistered scheme:../crypto/store/store_register.c:237:scheme=file
40A7444E22750000:error:80000002:system library:file_open:No such file or directory:../providers/implementations/storemgmt/file_store.c:267:calling stat(private.key)
The command rsautl was deprecated in version 3.0. Use 'pkeyutl' instead.
Could not open file or uri for loading private key from private.key
40A7872FA6720000:error:16000069:STORE routines:ossl_store_get0_loader_int:unregistered scheme:../crypto/store/store_register.c:237:scheme=file
40A7872FA6720000:error:80000002:system library:file_open:No such file or directory:../providers/implementations/storemgmt/file_store.c:267:calling stat(private.key)
The command rsautl was deprecated in version 3.0. Use 'pkeyutl' instead.
Could not open file or uri for loading private key from private.key
40C7D7A6AA780000:error:16000069:STORE routines:ossl_store_get0_loader_int:unregistered scheme:../crypto/store/store_register.c:237:scheme=file
40C7D7A6AA780000:error:80000002:system library:file_open:No such file or directory:../providers/implementations/storemgmt/file_store.c:267:calling stat(private.key)
The command rsautl was deprecated in version 3.0. Use 'pkeyutl' instead.
Could not open file or uri for loading private key from private.key
40D764FCBB7D0000:error:16000069:STORE routines:ossl_store_get0_loader_int:unregistered scheme:../crypto/store/store_register.c:237:scheme=file
40D764FCBB7D0000:error:80000002:system library:file_open:No such file or directory:../providers/implementations/storemgmt/file_store.c:267:calling stat(private.key)
The command rsautl was deprecated in version 3.0. Use 'pkeyutl' instead.
Could not open file or uri for loading private key from private.key
4097157298740000:error:16000069:STORE routines:ossl_store_get0_loader_int:unregistered scheme:../crypto/store/store_register.c:237:scheme=file
4097157298740000:error:80000002:system library:file_open:No such file or directory:../providers/implementations/storemgmt/file_store.c:267:calling stat(private.key)
The command rsautl was deprecated in version 3.0. Use 'pkeyutl' instead.
Could not open file or uri for loading private key from private.key
40F75F56607B0000:error:16000069:STORE routines:ossl_store_get0_loader_int:unregistered scheme:../crypto/store/store_register.c:237:scheme=file
40F75F56607B0000:error:80000002:system library:file_open:No such file or directory:../providers/implementations/storemgmt/file_store.c:267:calling stat(private.key)
The command rsautl was deprecated in version 3.0. Use 'pkeyutl' instead.
Could not open file or uri for loading private key from private.key
40C7E26305710000:error:16000069:STORE routines:ossl_store_get0_loader_int:unregistered scheme:../crypto/store/store_register.c:237:scheme=file
40C7E26305710000:error:80000002:system library:file_open:No such file or directory:../providers/implementations/storemgmt/file_store.c:267:calling stat(private.key)
The command rsautl was deprecated in version 3.0. Use 'pkeyutl' instead.
Could not open file or uri for loading private key from private.key
40D7A04D2E7D0000:error:16000069:STORE routines:ossl_store_get0_loader_int:unregistered scheme:../crypto/store/store_register.c:237:scheme=file
40D7A04D2E7D0000:error:80000002:system library:file_open:No such file or directory:../providers/implementations/storemgmt/file_store.c:267:calling stat(private.key)
The command rsautl was deprecated in version 3.0. Use 'pkeyutl' instead.
Could not open file or uri for loading private key from private.key
40F7D8927F770000:error:16000069:STORE routines:ossl_store_get0_loader_int:unregistered scheme:../crypto/store/store_register.c:237:scheme=file
40F7D8927F770000:error:80000002:system library:file_open:No such file or directory:../providers/implementations/storemgmt/file_store.c:267:calling stat(private.key)
The command rsautl was deprecated in version 3.0. Use 'pkeyutl' instead.
Could not open file or uri for loading private key from private.key
40375E204D710000:error:16000069:STORE routines:ossl_store_get0_loader_int:unregistered scheme:../crypto/store/store_register.c:237:scheme=file
40375E204D710000:error:80000002:system library:file_open:No such file or directory:../providers/implementations/storemgmt/file_store.c:267:calling stat(private.key)
The command rsautl was deprecated in version 3.0. Use 'pkeyutl' instead.
Could not open file or uri for loading private key from private.key
40976B734E700000:error:16000069:STORE routines:ossl_store_get0_loader_int:unregistered scheme:../crypto/store/store_register.c:237:scheme=file
40976B734E700000:error:80000002:system library:file_open:No such file or directory:../providers/implementations/storemgmt/file_store.c:267:calling stat(private.key)
The command rsautl was deprecated in version 3.0. Use 'pkeyutl' instead.
Could not open file or uri for loading private key from private.key
4027BE9C2F750000:error:16000069:STORE routines:ossl_store_get0_loader_int:unregistered scheme:../crypto/store/store_register.c:237:scheme=file
4027BE9C2F750000:error:80000002:system library:file_open:No such file or directory:../providers/implementations/storemgmt/file_store.c:267:calling stat(private.key)
The command rsautl was deprecated in version 3.0. Use 'pkeyutl' instead.
Could not open file or uri for loading private key from private.key
40778808897D0000:error:16000069:STORE routines:ossl_store_get0_loader_int:unregistered scheme:../crypto/store/store_register.c:237:scheme=file
40778808897D0000:error:80000002:system library:file_open:No such file or directory:../providers/implementations/storemgmt/file_store.c:267:calling stat(private.key)
The command rsautl was deprecated in version 3.0. Use 'pkeyutl' instead.
Could not open file or uri for loading private key from private.key
4057994610770000:error:16000069:STORE routines:ossl_store_get0_loader_int:unregistered scheme:../crypto/store/store_register.c:237:scheme=file
4057994610770000:error:80000002:system library:file_open:No such file or directory:../providers/implementations/storemgmt/file_store.c:267:calling stat(private.key)
The command rsautl was deprecated in version 3.0. Use 'pkeyutl' instead.
Could not open file or uri for loading private key from private.key
4077CC13BF7B0000:error:16000069:STORE routines:ossl_store_get0_loader_int:unregistered scheme:../crypto/store/store_register.c:237:scheme=file
4077CC13BF7B0000:error:80000002:system library:file_open:No such file or directory:../providers/implementations/storemgmt/file_store.c:267:calling stat(private.key)
The command rsautl was deprecated in version 3.0. Use 'pkeyutl' instead.
Could not open file or uri for loading private key from private.key
40E779EEFB7A0000:error:16000069:STORE routines:ossl_store_get0_loader_int:unregistered scheme:../crypto/store/store_register.c:237:scheme=file
40E779EEFB7A0000:error:80000002:system library:file_open:No such file or directory:../providers/implementations/storemgmt/file_store.c:267:calling stat(private.key)
The command rsautl was deprecated in version 3.0. Use 'pkeyutl' instead.
Could not open file or uri for loading private key from private.key
40C72874F6700000:error:16000069:STORE routines:ossl_store_get0_loader_int:unregistered scheme:../crypto/store/store_register.c:237:scheme=file
40C72874F6700000:error:80000002:system library:file_open:No such file or directory:../providers/implementations/storemgmt/file_store.c:267:calling stat(private.key)
The command rsautl was deprecated in version 3.0. Use 'pkeyutl' instead.
Could not open file or uri for loading private key from private.key
4077B7DF5D7A0000:error:16000069:STORE routines:ossl_store_get0_loader_int:unregistered scheme:../crypto/store/store_register.c:237:scheme=file
4077B7DF5D7A0000:error:80000002:system library:file_open:No such file or directory:../providers/implementations/storemgmt/file_store.c:267:calling stat(private.key)
The command rsautl was deprecated in version 3.0. Use 'pkeyutl' instead.
Could not open file or uri for loading private key from private.key
405753BE797B0000:error:16000069:STORE routines:ossl_store_get0_loader_int:unregistered scheme:../crypto/store/store_register.c:237:scheme=file
405753BE797B0000:error:80000002:system library:file_open:No such file or directory:../providers/implementations/storemgmt/file_store.c:267:calling stat(private.key)
The command rsautl was deprecated in version 3.0. Use 'pkeyutl' instead.
Could not open file or uri for loading private key from private.key
4077C83C86740000:error:16000069:STORE routines:ossl_store_get0_loader_int:unregistered scheme:../crypto/store/store_register.c:237:scheme=file
4077C83C86740000:error:80000002:system library:file_open:No such file or directory:../providers/implementations/storemgmt/file_store.c:267:calling stat(private.key)
The command rsautl was deprecated in version 3.0. Use 'pkeyutl' instead.
Could not open file or uri for loading private key from private.key
4097DF412B7C0000:error:16000069:STORE routines:ossl_store_get0_loader_int:unregistered scheme:../crypto/store/store_register.c:237:scheme=file
4097DF412B7C0000:error:80000002:system library:file_open:No such file or directory:../providers/implementations/storemgmt/file_store.c:267:calling stat(private.key)
The command rsautl was deprecated in version 3.0. Use 'pkeyutl' instead.
Could not open file or uri for loading private key from private.key
405740405A710000:error:16000069:STORE routines:ossl_store_get0_loader_int:unregistered scheme:../crypto/store/store_register.c:237:scheme=file
405740405A710000:error:80000002:system library:file_open:No such file or directory:../providers/implementations/storemgmt/file_store.c:267:calling stat(private.key)
The command rsautl was deprecated in version 3.0. Use 'pkeyutl' instead.
Could not open file or uri for loading private key from private.key
4097F7C0727B0000:error:16000069:STORE routines:ossl_store_get0_loader_int:unregistered scheme:../crypto/store/store_register.c:237:scheme=file
4097F7C0727B0000:error:80000002:system library:file_open:No such file or directory:../providers/implementations/storemgmt/file_store.c:267:calling stat(private.key)
The command rsautl was deprecated in version 3.0. Use 'pkeyutl' instead.
Could not open file or uri for loading private key from private.key
404726F1BF760000:error:16000069:STORE routines:ossl_store_get0_loader_int:unregistered scheme:../crypto/store/store_register.c:237:scheme=file
404726F1BF760000:error:80000002:system library:file_open:No such file or directory:../providers/implementations/storemgmt/file_store.c:267:calling stat(private.key)
The command rsautl was deprecated in version 3.0. Use 'pkeyutl' instead.
Could not open file or uri for loading private key from private.key
40C77D3A307E0000:error:16000069:STORE routines:ossl_store_get0_loader_int:unregistered scheme:../crypto/store/store_register.c:237:scheme=file
40C77D3A307E0000:error:80000002:system library:file_open:No such file or directory:../providers/implementations/storemgmt/file_store.c:267:calling stat(private.key)
The command rsautl was deprecated in version 3.0. Use 'pkeyutl' instead.
Could not open file or uri for loading private key from private.key
40D791486B7A0000:error:16000069:STORE routines:ossl_store_get0_loader_int:unregistered scheme:../crypto/store/store_register.c:237:scheme=file
40D791486B7A0000:error:80000002:system library:file_open:No such file or directory:../providers/implementations/storemgmt/file_store.c:267:calling stat(private.key)
The command rsautl was deprecated in version 3.0. Use 'pkeyutl' instead.
Could not open file or uri for loading private key from private.key
4037AB33BE790000:error:16000069:STORE routines:ossl_store_get0_loader_int:unregistered scheme:../crypto/store/store_register.c:237:scheme=file
4037AB33BE790000:error:80000002:system library:file_open:No such file or directory:../providers/implementations/storemgmt/file_store.c:267:calling stat(private.key)
The command rsautl was deprecated in version 3.0. Use 'pkeyutl' instead.
Could not open file or uri for loading private key from private.key
406710058A7A0000:error:16000069:STORE routines:ossl_store_get0_loader_int:unregistered scheme:../crypto/store/store_register.c:237:scheme=file
406710058A7A0000:error:80000002:system library:file_open:No such file or directory:../providers/implementations/storemgmt/file_store.c:267:calling stat(private.key)
The command rsautl was deprecated in version 3.0. Use 'pkeyutl' instead.
Could not open file or uri for loading private key from private.key
40E7A53AC2700000:error:16000069:STORE routines:ossl_store_get0_loader_int:unregistered scheme:../crypto/store/store_register.c:237:scheme=file
40E7A53AC2700000:error:80000002:system library:file_open:No such file or directory:../providers/implementations/storemgmt/file_store.c:267:calling stat(private.key)
The command rsautl was deprecated in version 3.0. Use 'pkeyutl' instead.
Could not open file or uri for loading private key from private.key
4067FFB8FE7A0000:error:16000069:STORE routines:ossl_store_get0_loader_int:unregistered scheme:../crypto/store/store_register.c:237:scheme=file
4067FFB8FE7A0000:error:80000002:system library:file_open:No such file or directory:../providers/implementations/storemgmt/file_store.c:267:calling stat(private.key)
The command rsautl was deprecated in version 3.0. Use 'pkeyutl' instead.
Could not open file or uri for loading private key from private.key
40572CE6C87A0000:error:16000069:STORE routines:ossl_store_get0_loader_int:unregistered scheme:../crypto/store/store_register.c:237:scheme=file
40572CE6C87A0000:error:80000002:system library:file_open:No such file or directory:../providers/implementations/storemgmt/file_store.c:267:calling stat(private.key)
The command rsautl was deprecated in version 3.0. Use 'pkeyutl' instead.
Could not open file or uri for loading private key from private.key
4037A20567780000:error:16000069:STORE routines:ossl_store_get0_loader_int:unregistered scheme:../crypto/store/store_register.c:237:scheme=file
4037A20567780000:error:80000002:system library:file_open:No such file or directory:../providers/implementations/storemgmt/file_store.c:267:calling stat(private.key)
The command rsautl was deprecated in version 3.0. Use 'pkeyutl' instead.
Could not open file or uri for loading private key from private.key
40E7FC05E0700000:error:16000069:STORE routines:ossl_store_get0_loader_int:unregistered scheme:../crypto/store/store_register.c:237:scheme=file
40E7FC05E0700000:error:80000002:system library:file_open:No such file or directory:../providers/implementations/storemgmt/file_store.c:267:calling stat(private.key)
The command rsautl was deprecated in version 3.0. Use 'pkeyutl' instead.
Could not open file or uri for loading private key from private.key
40E7D2AE48730000:error:16000069:STORE routines:ossl_store_get0_loader_int:unregistered scheme:../crypto/store/store_register.c:237:scheme=file
40E7D2AE48730000:error:80000002:system library:file_open:No such file or directory:../providers/implementations/storemgmt/file_store.c:267:calling stat(private.key)
The command rsautl was deprecated in version 3.0. Use 'pkeyutl' instead.
Could not open file or uri for loading private key from private.key
40D784E37A7F0000:error:16000069:STORE routines:ossl_store_get0_loader_int:unregistered scheme:../crypto/store/store_register.c:237:scheme=file
40D784E37A7F0000:error:80000002:system library:file_open:No such file or directory:../providers/implementations/storemgmt/file_store.c:267:calling stat(private.key)
The command rsautl was deprecated in version 3.0. Use 'pkeyutl' instead.
The command rsautl was deprecated in version 3.0. Use 'pkeyutl' instead.
The command rsautl was deprecated in version 3.0. Use 'pkeyutl' instead.
The command rsautl was deprecated in version 3.0. Use 'pkeyutl' instead.
The command rsautl was deprecated in version 3.0. Use 'pkeyutl' instead.
The command rsautl was deprecated in version 3.0. Use 'pkeyutl' instead.
The command rsautl was deprecated in version 3.0. Use 'pkeyutl' instead.
The command rsautl was deprecated in version 3.0. Use 'pkeyutl' instead.
The command rsautl was deprecated in version 3.0. Use 'pkeyutl' instead.
The command rsautl was deprecated in version 3.0. Use 'pkeyutl' instead.
The command rsautl was deprecated in version 3.0. Use 'pkeyutl' instead.
The command rsautl was deprecated in version 3.0. Use 'pkeyutl' instead.
The command rsautl was deprecated in version 3.0. Use 'pkeyutl' instead.
The command rsautl was deprecated in version 3.0. Use 'pkeyutl' instead.
The command rsautl was deprecated in version 3.0. Use 'pkeyutl' instead.
The command rsautl was deprecated in version 3.0. Use 'pkeyutl' instead.
The command rsautl was deprecated in version 3.0. Use 'pkeyutl' instead.
The command rsautl was deprecated in version 3.0. Use 'pkeyutl' instead.
The command rsautl was deprecated in version 3.0. Use 'pkeyutl' instead.
The command rsautl was deprecated in version 3.0. Use 'pkeyutl' instead.
The command rsautl was deprecated in version 3.0. Use 'pkeyutl' instead.
The command rsautl was deprecated in version 3.0. Use 'pkeyutl' instead.
The command rsautl was deprecated in version 3.0. Use 'pkeyutl' instead.
The command rsautl was deprecated in version 3.0. Use 'pkeyutl' instead.
The command rsautl was deprecated in version 3.0. Use 'pkeyutl' instead.
The command rsautl was deprecated in version 3.0. Use 'pkeyutl' instead.
The command rsautl was deprecated in version 3.0. Use 'pkeyutl' instead.
The command rsautl was deprecated in version 3.0. Use 'pkeyutl' instead.
The command rsautl was deprecated in version 3.0. Use 'pkeyutl' instead.
The command rsautl was deprecated in version 3.0. Use 'pkeyutl' instead.
The command rsautl was deprecated in version 3.0. Use 'pkeyutl' instead.
The command rsautl was deprecated in version 3.0. Use 'pkeyutl' instead.
The command rsautl was deprecated in version 3.0. Use 'pkeyutl' instead.
The command rsautl was deprecated in version 3.0. Use 'pkeyutl' instead.
The command rsautl was deprecated in version 3.0. Use 'pkeyutl' instead.
The command rsautl was deprecated in version 3.0. Use 'pkeyutl' instead.
The command rsautl was deprecated in version 3.0. Use 'pkeyutl' instead.
The command rsautl was deprecated in version 3.0. Use 'pkeyutl' instead.
The command rsautl was deprecated in version 3.0. Use 'pkeyutl' instead.
The command rsautl was deprecated in version 3.0. Use 'pkeyutl' instead.
The command rsautl was deprecated in version 3.0. Use 'pkeyutl' instead.
The command rsautl was deprecated in version 3.0. Use 'pkeyutl' instead.
The command rsautl was deprecated in version 3.0. Use 'pkeyutl' instead.
The command rsautl was deprecated in version 3.0. Use 'pkeyutl' instead.
The command rsautl was deprecated in version 3.0. Use 'pkeyutl' instead.
The command rsautl was deprecated in version 3.0. Use 'pkeyutl' instead.
The command rsautl was deprecated in version 3.0. Use 'pkeyutl' instead.
The command rsautl was deprecated in version 3.0. Use 'pkeyutl' instead.
The command rsautl was deprecated in version 3.0. Use 'pkeyutl' instead.
The command rsautl was deprecated in version 3.0. Use 'pkeyutl' instead.
The command rsautl was deprecated in version 3.0. Use 'pkeyutl' instead.
The command rsautl was deprecated in version 3.0. Use 'pkeyutl' instead.
The command rsautl was deprecated in version 3.0. Use 'pkeyutl' instead.
The command rsautl was deprecated in version 3.0. Use 'pkeyutl' instead.
The command rsautl was deprecated in version 3.0. Use 'pkeyutl' instead.
The command rsautl was deprecated in version 3.0. Use 'pkeyutl' instead.
The command rsautl was deprecated in version 3.0. Use 'pkeyutl' instead.
The command rsautl was deprecated in version 3.0. Use 'pkeyutl' instead.
The command rsautl was deprecated in version 3.0. Use 'pkeyutl' instead.
The command rsautl was deprecated in version 3.0. Use 'pkeyutl' instead.
The command rsautl was deprecated in version 3.0. Use 'pkeyutl' instead.
The command rsautl was deprecated in version 3.0. Use 'pkeyutl' instead.
The command rsautl was deprecated in version 3.0. Use 'pkeyutl' instead.
The command rsautl was deprecated in version 3.0. Use 'pkeyutl' instead.
The command rsautl was deprecated in version 3.0. Use 'pkeyutl' instead.
The command rsautl was deprecated in version 3.0. Use 'pkeyutl' instead.
The command rsautl was deprecated in version 3.0. Use 'pkeyutl' instead.
The command rsautl was deprecated in version 3.0. Use 'pkeyutl' instead.
The command rsautl was deprecated in version 3.0. Use 'pkeyutl' instead.
The command rsautl was deprecated in version 3.0. Use 'pkeyutl' instead.
The command rsautl was deprecated in version 3.0. Use 'pkeyutl' instead.
The command rsautl was deprecated in version 3.0. Use 'pkeyutl' instead.
The command rsautl was deprecated in version 3.0. Use 'pkeyutl' instead.
The command rsautl was deprecated in version 3.0. Use 'pkeyutl' instead.
The command rsautl was deprecated in version 3.0. Use 'pkeyutl' instead.
The command rsautl was deprecated in version 3.0. Use 'pkeyutl' instead.
The command rsautl was deprecated in version 3.0. Use 'pkeyutl' instead.
The command rsautl was deprecated in version 3.0. Use 'pkeyutl' instead.
The command rsautl was deprecated in version 3.0. Use 'pkeyutl' instead.
The command rsautl was deprecated in version 3.0. Use 'pkeyutl' instead.
The command rsautl was deprecated in version 3.0. Use 'pkeyutl' instead.
The command rsautl was deprecated in version 3.0. Use 'pkeyutl' instead.
The command rsautl was deprecated in version 3.0. Use 'pkeyutl' instead.
The command rsautl was deprecated in version 3.0. Use 'pkeyutl' instead.
The command rsautl was deprecated in version 3.0. Use 'pkeyutl' instead.
The command rsautl was deprecated in version 3.0. Use 'pkeyutl' instead.
The command rsautl was deprecated in version 3.0. Use 'pkeyutl' instead.
The command rsautl was deprecated in version 3.0. Use 'pkeyutl' instead.
The command rsautl was deprecated in version 3.0. Use 'pkeyutl' instead.
The command rsautl was deprecated in version 3.0. Use 'pkeyutl' instead.
The command rsautl was deprecated in version 3.0. Use 'pkeyutl' instead.
The command rsautl was deprecated in version 3.0. Use 'pkeyutl' instead.
The command rsautl was deprecated in version 3.0. Use 'pkeyutl' instead.
The command rsautl was deprecated in version 3.0. Use 'pkeyutl' instead.
The command rsautl was deprecated in version 3.0. Use 'pkeyutl' instead.
The command rsautl was deprecated in version 3.0. Use 'pkeyutl' instead.
The command rsautl was deprecated in version 3.0. Use 'pkeyutl' instead.
The command rsautl was deprecated in version 3.0. Use 'pkeyutl' instead.
The command rsautl was deprecated in version 3.0. Use 'pkeyutl' instead.
The command rsautl was deprecated in version 3.0. Use 'pkeyutl' instead.
The command rsautl was deprecated in version 3.0. Use 'pkeyutl' instead.
The command rsautl was deprecated in version 3.0. Use 'pkeyutl' instead.
The command rsautl was deprecated in version 3.0. Use 'pkeyutl' instead.
The command rsautl was deprecated in version 3.0. Use 'pkeyutl' instead.
The command rsautl was deprecated in version 3.0. Use 'pkeyutl' instead.
The command rsautl was deprecated in version 3.0. Use 'pkeyutl' instead.
The command rsautl was deprecated in version 3.0. Use 'pkeyutl' instead.
The command rsautl was deprecated in version 3.0. Use 'pkeyutl' instead.
The command rsautl was deprecated in version 3.0. Use 'pkeyutl' instead.
The command rsautl was deprecated in version 3.0. Use 'pkeyutl' instead.
The command rsautl was deprecated in version 3.0. Use 'pkeyutl' instead.
The command rsautl was deprecated in version 3.0. Use 'pkeyutl' instead.
The command rsautl was deprecated in version 3.0. Use 'pkeyutl' instead.
The command rsautl was deprecated in version 3.0. Use 'pkeyutl' instead.
The command rsautl was deprecated in version 3.0. Use 'pkeyutl' instead.
The command rsautl was deprecated in version 3.0. Use 'pkeyutl' instead.
The command rsautl was deprecated in version 3.0. Use 'pkeyutl' instead.
The command rsautl was deprecated in version 3.0. Use 'pkeyutl' instead.
The command rsautl was deprecated in version 3.0. Use 'pkeyutl' instead.
The command rsautl was deprecated in version 3.0. Use 'pkeyutl' instead.
The command rsautl was deprecated in version 3.0. Use 'pkeyutl' instead.
The command rsautl was deprecated in version 3.0. Use 'pkeyutl' instead.
The command rsautl was deprecated in version 3.0. Use 'pkeyutl' instead.
The command rsautl was deprecated in version 3.0. Use 'pkeyutl' instead.
The command rsautl was deprecated in version 3.0. Use 'pkeyutl' instead.
The command rsautl was deprecated in version 3.0. Use 'pkeyutl' instead.
The command rsautl was deprecated in version 3.0. Use 'pkeyutl' instead.
The command rsautl was deprecated in version 3.0. Use 'pkeyutl' instead.
The command rsautl was deprecated in version 3.0. Use 'pkeyutl' instead.
The command rsautl was deprecated in version 3.0. Use 'pkeyutl' instead.
The command rsautl was deprecated in version 3.0. Use 'pkeyutl' instead.
The command rsautl was deprecated in version 3.0. Use 'pkeyutl' instead.
The command rsautl was deprecated in version 3.0. Use 'pkeyutl' instead.
The command rsautl was deprecated in version 3.0. Use 'pkeyutl' instead.
The command rsautl was deprecated in version 3.0. Use 'pkeyutl' instead.
The command rsautl was deprecated in version 3.0. Use 'pkeyutl' instead.
The command rsautl was deprecated in version 3.0. Use 'pkeyutl' instead.
The command rsautl was deprecated in version 3.0. Use 'pkeyutl' instead.
The command rsautl was deprecated in version 3.0. Use 'pkeyutl' instead.
The command rsautl was deprecated in version 3.0. Use 'pkeyutl' instead.
The command rsautl was deprecated in version 3.0. Use 'pkeyutl' instead.
The command rsautl was deprecated in version 3.0. Use 'pkeyutl' instead.
The command rsautl was deprecated in version 3.0. Use 'pkeyutl' instead.
The command rsautl was deprecated in version 3.0. Use 'pkeyutl' instead.
The command rsautl was deprecated in version 3.0. Use 'pkeyutl' instead.
The command rsautl was deprecated in version 3.0. Use 'pkeyutl' instead.
The command rsautl was deprecated in version 3.0. Use 'pkeyutl' instead.
The command rsautl was deprecated in version 3.0. Use 'pkeyutl' instead.
The command rsautl was deprecated in version 3.0. Use 'pkeyutl' instead.
The command rsautl was deprecated in version 3.0. Use 'pkeyutl' instead.
The command rsautl was deprecated in version 3.0. Use 'pkeyutl' instead.
The command rsautl was deprecated in version 3.0. Use 'pkeyutl' instead.
The command rsautl was deprecated in version 3.0. Use 'pkeyutl' instead.
The command rsautl was deprecated in version 3.0. Use 'pkeyutl' instead.
The command rsautl was deprecated in version 3.0. Use 'pkeyutl' instead.
The command rsautl was deprecated in version 3.0. Use 'pkeyutl' instead.
The command rsautl was deprecated in version 3.0. Use 'pkeyutl' instead.
The command rsautl was deprecated in version 3.0. Use 'pkeyutl' instead.
The command rsautl was deprecated in version 3.0. Use 'pkeyutl' instead.
The command rsautl was deprecated in version 3.0. Use 'pkeyutl' instead.
The command rsautl was deprecated in version 3.0. Use 'pkeyutl' instead.
The command rsautl was deprecated in version 3.0. Use 'pkeyutl' instead.
The command rsautl was deprecated in version 3.0. Use 'pkeyutl' instead.
The command rsautl was deprecated in version 3.0. Use 'pkeyutl' instead.
The command rsautl was deprecated in version 3.0. Use 'pkeyutl' instead.
The command rsautl was deprecated in version 3.0. Use 'pkeyutl' instead.
The command rsautl was deprecated in version 3.0. Use 'pkeyutl' instead.
The command rsautl was deprecated in version 3.0. Use 'pkeyutl' instead.
The command rsautl was deprecated in version 3.0. Use 'pkeyutl' instead.
The command rsautl was deprecated in version 3.0. Use 'pkeyutl' instead.
The command rsautl was deprecated in version 3.0. Use 'pkeyutl' instead.
The command rsautl was deprecated in version 3.0. Use 'pkeyutl' instead.
The command rsautl was deprecated in version 3.0. Use 'pkeyutl' instead.
The command rsautl was deprecated in version 3.0. Use 'pkeyutl' instead.
The command rsautl was deprecated in version 3.0. Use 'pkeyutl' instead.
The command rsautl was deprecated in version 3.0. Use 'pkeyutl' instead.
The command rsautl was deprecated in version 3.0. Use 'pkeyutl' instead.
The command rsautl was deprecated in version 3.0. Use 'pkeyutl' instead.
The command rsautl was deprecated in version 3.0. Use 'pkeyutl' instead.
The command rsautl was deprecated in version 3.0. Use 'pkeyutl' instead.
The command rsautl was deprecated in version 3.0. Use 'pkeyutl' instead.
The command rsautl was deprecated in version 3.0. Use 'pkeyutl' instead.
The command rsautl was deprecated in version 3.0. Use 'pkeyutl' instead.
The command rsautl was deprecated in version 3.0. Use 'pkeyutl' instead.
The command rsautl was deprecated in version 3.0. Use 'pkeyutl' instead.
The command rsautl was deprecated in version 3.0. Use 'pkeyutl' instead.
The command rsautl was deprecated in version 3.0. Use 'pkeyutl' instead.
The command rsautl was deprecated in version 3.0. Use 'pkeyutl' instead.
The command rsautl was deprecated in version 3.0. Use 'pkeyutl' instead.
The command rsautl was deprecated in version 3.0. Use 'pkeyutl' instead.
The command rsautl was deprecated in version 3.0. Use 'pkeyutl' instead.
The command rsautl was deprecated in version 3.0. Use 'pkeyutl' instead.
The command rsautl was deprecated in version 3.0. Use 'pkeyutl' instead.
The command rsautl was deprecated in version 3.0. Use 'pkeyutl' instead.
The command rsautl was deprecated in version 3.0. Use 'pkeyutl' instead.
The command rsautl was deprecated in version 3.0. Use 'pkeyutl' instead.
The command rsautl was deprecated in version 3.0. Use 'pkeyutl' instead.
The command rsautl was deprecated in version 3.0. Use 'pkeyutl' instead.
The command rsautl was deprecated in version 3.0. Use 'pkeyutl' instead.
The command rsautl was deprecated in version 3.0. Use 'pkeyutl' instead.
The command rsautl was deprecated in version 3.0. Use 'pkeyutl' instead.
The command rsautl was deprecated in version 3.0. Use 'pkeyutl' instead.
The command rsautl was deprecated in version 3.0. Use 'pkeyutl' instead.
The command rsautl was deprecated in version 3.0. Use 'pkeyutl' instead.
The command rsautl was deprecated in version 3.0. Use 'pkeyutl' instead.
The command rsautl was deprecated in version 3.0. Use 'pkeyutl' instead.
The command rsautl was deprecated in version 3.0. Use 'pkeyutl' instead.
The command rsautl was deprecated in version 3.0. Use 'pkeyutl' instead.
The command rsautl was deprecated in version 3.0. Use 'pkeyutl' instead.
The command rsautl was deprecated in version 3.0. Use 'pkeyutl' instead.
The command rsautl was deprecated in version 3.0. Use 'pkeyutl' instead.
The command rsautl was deprecated in version 3.0. Use 'pkeyutl' instead.
The command rsautl was deprecated in version 3.0. Use 'pkeyutl' instead.
The command rsautl was deprecated in version 3.0. Use 'pkeyutl' instead.
The command rsautl was deprecated in version 3.0. Use 'pkeyutl' instead.
The command rsautl was deprecated in version 3.0. Use 'pkeyutl' instead.
The command rsautl was deprecated in version 3.0. Use 'pkeyutl' instead.
The command rsautl was deprecated in version 3.0. Use 'pkeyutl' instead.
The command rsautl was deprecated in version 3.0. Use 'pkeyutl' instead.
The command rsautl was deprecated in version 3.0. Use 'pkeyutl' instead.
The command rsautl was deprecated in version 3.0. Use 'pkeyutl' instead.
The command rsautl was deprecated in version 3.0. Use 'pkeyutl' instead.
The command rsautl was deprecated in version 3.0. Use 'pkeyutl' instead.
The command rsautl was deprecated in version 3.0. Use 'pkeyutl' instead.
The command rsautl was deprecated in version 3.0. Use 'pkeyutl' instead.
The command rsautl was deprecated in version 3.0. Use 'pkeyutl' instead.
The command rsautl was deprecated in version 3.0. Use 'pkeyutl' instead.
The command rsautl was deprecated in version 3.0. Use 'pkeyutl' instead.
The command rsautl was deprecated in version 3.0. Use 'pkeyutl' instead.
The command rsautl was deprecated in version 3.0. Use 'pkeyutl' instead.
The command rsautl was deprecated in version 3.0. Use 'pkeyutl' instead.
The command rsautl was deprecated in version 3.0. Use 'pkeyutl' instead.
The command rsautl was deprecated in version 3.0. Use 'pkeyutl' instead.
The command rsautl was deprecated in version 3.0. Use 'pkeyutl' instead.
The command rsautl was deprecated in version 3.0. Use 'pkeyutl' instead.
The command rsautl was deprecated in version 3.0. Use 'pkeyutl' instead.
The command rsautl was deprecated in version 3.0. Use 'pkeyutl' instead.
The command rsautl was deprecated in version 3.0. Use 'pkeyutl' instead.
The command rsautl was deprecated in version 3.0. Use 'pkeyutl' instead.
The command rsautl was deprecated in version 3.0. Use 'pkeyutl' instead.
The command rsautl was deprecated in version 3.0. Use 'pkeyutl' instead.
The command rsautl was deprecated in version 3.0. Use 'pkeyutl' instead.
The command rsautl was deprecated in version 3.0. Use 'pkeyutl' instead.
The command rsautl was deprecated in version 3.0. Use 'pkeyutl' instead.
The command rsautl was deprecated in version 3.0. Use 'pkeyutl' instead.
The command rsautl was deprecated in version 3.0. Use 'pkeyutl' instead.
The command rsautl was deprecated in version 3.0. Use 'pkeyutl' instead.
The command rsautl was deprecated in version 3.0. Use 'pkeyutl' instead.
The command rsautl was deprecated in version 3.0. Use 'pkeyutl' instead.
The command rsautl was deprecated in version 3.0. Use 'pkeyutl' instead.
The command rsautl was deprecated in version 3.0. Use 'pkeyutl' instead.
The command rsautl was deprecated in version 3.0. Use 'pkeyutl' instead.
The command rsautl was deprecated in version 3.0. Use 'pkeyutl' instead.
The command rsautl was deprecated in version 3.0. Use 'pkeyutl' instead.
The command rsautl was deprecated in version 3.0. Use 'pkeyutl' instead.
The command rsautl was deprecated in version 3.0. Use 'pkeyutl' instead.
The command rsautl was deprecated in version 3.0. Use 'pkeyutl' instead.
The command rsautl was deprecated in version 3.0. Use 'pkeyutl' instead.
The command rsautl was deprecated in version 3.0. Use 'pkeyutl' instead.
The command rsautl was deprecated in version 3.0. Use 'pkeyutl' instead.
The command rsautl was deprecated in version 3.0. Use 'pkeyutl' instead.
The command rsautl was deprecated in version 3.0. Use 'pkeyutl' instead.
The command rsautl was deprecated in version 3.0. Use 'pkeyutl' instead.
The command rsautl was deprecated in version 3.0. Use 'pkeyutl' instead.
The command rsautl was deprecated in version 3.0. Use 'pkeyutl' instead.
The command rsautl was deprecated in version 3.0. Use 'pkeyutl' instead.
The command rsautl was deprecated in version 3.0. Use 'pkeyutl' instead.
The command rsautl was deprecated in version 3.0. Use 'pkeyutl' instead.
The command rsautl was deprecated in version 3.0. Use 'pkeyutl' instead.
The command rsautl was deprecated in version 3.0. Use 'pkeyutl' instead.
The command rsautl was deprecated in version 3.0. Use 'pkeyutl' instead.
The command rsautl was deprecated in version 3.0. Use 'pkeyutl' instead.
The command rsautl was deprecated in version 3.0. Use 'pkeyutl' instead.
The command rsautl was deprecated in version 3.0. Use 'pkeyutl' instead.
The command rsautl was deprecated in version 3.0. Use 'pkeyutl' instead.
The command rsautl was deprecated in version 3.0. Use 'pkeyutl' instead.
The command rsautl was deprecated in version 3.0. Use 'pkeyutl' instead.
The command rsautl was deprecated in version 3.0. Use 'pkeyutl' instead.
The command rsautl was deprecated in version 3.0. Use 'pkeyutl' instead.
The command rsautl was deprecated in version 3.0. Use 'pkeyutl' instead.
The command rsautl was deprecated in version 3.0. Use 'pkeyutl' instead.
The command rsautl was deprecated in version 3.0. Use 'pkeyutl' instead.
The command rsautl was deprecated in version 3.0. Use 'pkeyutl' instead.
The command rsautl was deprecated in version 3.0. Use 'pkeyutl' instead.
The command rsautl was deprecated in version 3.0. Use 'pkeyutl' instead.
The command rsautl was deprecated in version 3.0. Use 'pkeyutl' instead.
The command rsautl was deprecated in version 3.0. Use 'pkeyutl' instead.
The command rsautl was deprecated in version 3.0. Use 'pkeyutl' instead.
The command rsautl was deprecated in version 3.0. Use 'pkeyutl' instead.
The command rsautl was deprecated in version 3.0. Use 'pkeyutl' instead.
The command rsautl was deprecated in version 3.0. Use 'pkeyutl' instead.
The command rsautl was deprecated in version 3.0. Use 'pkeyutl' instead.
The command rsautl was deprecated in version 3.0. Use 'pkeyutl' instead.
The command rsautl was deprecated in version 3.0. Use 'pkeyutl' instead.
The command rsautl was deprecated in version 3.0. Use 'pkeyutl' instead.
The command rsautl was deprecated in version 3.0. Use 'pkeyutl' instead.
The command rsautl was deprecated in version 3.0. Use 'pkeyutl' instead.
The command rsautl was deprecated in version 3.0. Use 'pkeyutl' instead.
The command rsautl was deprecated in version 3.0. Use 'pkeyutl' instead.
The command rsautl was deprecated in version 3.0. Use 'pkeyutl' instead.
The command rsautl was deprecated in version 3.0. Use 'pkeyutl' instead.
The command rsautl was deprecated in version 3.0. Use 'pkeyutl' instead.
The command rsautl was deprecated in version 3.0. Use 'pkeyutl' instead.
The command rsautl was deprecated in version 3.0. Use 'pkeyutl' instead.
The command rsautl was deprecated in version 3.0. Use 'pkeyutl' instead.
The command rsautl was deprecated in version 3.0. Use 'pkeyutl' instead.
The command rsautl was deprecated in version 3.0. Use 'pkeyutl' instead.
The command rsautl was deprecated in version 3.0. Use 'pkeyutl' instead.
The command rsautl was deprecated in version 3.0. Use 'pkeyutl' instead.
The command rsautl was deprecated in version 3.0. Use 'pkeyutl' instead.
The command rsautl was deprecated in version 3.0. Use 'pkeyutl' instead.
The command rsautl was deprecated in version 3.0. Use 'pkeyutl' instead.
The command rsautl was deprecated in version 3.0. Use 'pkeyutl' instead.
The command rsautl was deprecated in version 3.0. Use 'pkeyutl' instead.
The command rsautl was deprecated in version 3.0. Use 'pkeyutl' instead.
The command rsautl was deprecated in version 3.0. Use 'pkeyutl' instead.
The command rsautl was deprecated in version 3.0. Use 'pkeyutl' instead.
The command rsautl was deprecated in version 3.0. Use 'pkeyutl' instead.
The command rsautl was deprecated in version 3.0. Use 'pkeyutl' instead.
The command rsautl was deprecated in version 3.0. Use 'pkeyutl' instead.
The command rsautl was deprecated in version 3.0. Use 'pkeyutl' instead.
The command rsautl was deprecated in version 3.0. Use 'pkeyutl' instead.
The command rsautl was deprecated in version 3.0. Use 'pkeyutl' instead.
The command rsautl was deprecated in version 3.0. Use 'pkeyutl' instead.
The command rsautl was deprecated in version 3.0. Use 'pkeyutl' instead.
The command rsautl was deprecated in version 3.0. Use 'pkeyutl' instead.
The command rsautl was deprecated in version 3.0. Use 'pkeyutl' instead.
The command rsautl was deprecated in version 3.0. Use 'pkeyutl' instead.
The command rsautl was deprecated in version 3.0. Use 'pkeyutl' instead.
The command rsautl was deprecated in version 3.0. Use 'pkeyutl' instead.
The command rsautl was deprecated in version 3.0. Use 'pkeyutl' instead.
The command rsautl was deprecated in version 3.0. Use 'pkeyutl' instead.
The command rsautl was deprecated in version 3.0. Use 'pkeyutl' instead.
The command rsautl was deprecated in version 3.0. Use 'pkeyutl' instead.
The command rsautl was deprecated in version 3.0. Use 'pkeyutl' instead.
The command rsautl was deprecated in version 3.0. Use 'pkeyutl' instead.
The command rsautl was deprecated in version 3.0. Use 'pkeyutl' instead.
The command rsautl was deprecated in version 3.0. Use 'pkeyutl' instead.
The command rsautl was deprecated in version 3.0. Use 'pkeyutl' instead.
The command rsautl was deprecated in version 3.0. Use 'pkeyutl' instead.
The command rsautl was deprecated in version 3.0. Use 'pkeyutl' instead.
The command rsautl was deprecated in version 3.0. Use 'pkeyutl' instead.
The command rsautl was deprecated in version 3.0. Use 'pkeyutl' instead.
The command rsautl was deprecated in version 3.0. Use 'pkeyutl' instead.
The command rsautl was deprecated in version 3.0. Use 'pkeyutl' instead.
The command rsautl was deprecated in version 3.0. Use 'pkeyutl' instead.
The command rsautl was deprecated in version 3.0. Use 'pkeyutl' instead.
The command rsautl was deprecated in version 3.0. Use 'pkeyutl' instead.
The command rsautl was deprecated in version 3.0. Use 'pkeyutl' instead.
The command rsautl was deprecated in version 3.0. Use 'pkeyutl' instead.
The command rsautl was deprecated in version 3.0. Use 'pkeyutl' instead.
The command rsautl was deprecated in version 3.0. Use 'pkeyutl' instead.
The command rsautl was deprecated in version 3.0. Use 'pkeyutl' instead.
The command rsautl was deprecated in version 3.0. Use 'pkeyutl' instead.
The command rsautl was deprecated in version 3.0. Use 'pkeyutl' instead.
The command rsautl was deprecated in version 3.0. Use 'pkeyutl' instead.
The command rsautl was deprecated in version 3.0. Use 'pkeyutl' instead.
The command rsautl was deprecated in version 3.0. Use 'pkeyutl' instead.
The command rsautl was deprecated in version 3.0. Use 'pkeyutl' instead.
The command rsautl was deprecated in version 3.0. Use 'pkeyutl' instead.
The command rsautl was deprecated in version 3.0. Use 'pkeyutl' instead.
The command rsautl was deprecated in version 3.0. Use 'pkeyutl' instead.
The command rsautl was deprecated in version 3.0. Use 'pkeyutl' instead.
The command rsautl was deprecated in version 3.0. Use 'pkeyutl' instead.
The command rsautl was deprecated in version 3.0. Use 'pkeyutl' instead.
The command rsautl was deprecated in version 3.0. Use 'pkeyutl' instead.
The command rsautl was deprecated in version 3.0. Use 'pkeyutl' instead.
The command rsautl was deprecated in version 3.0. Use 'pkeyutl' instead.
The command rsautl was deprecated in version 3.0. Use 'pkeyutl' instead.
The command rsautl was deprecated in version 3.0. Use 'pkeyutl' instead.
The command rsautl was deprecated in version 3.0. Use 'pkeyutl' instead.
The command rsautl was deprecated in version 3.0. Use 'pkeyutl' instead.
The command rsautl was deprecated in version 3.0. Use 'pkeyutl' instead.
The command rsautl was deprecated in version 3.0. Use 'pkeyutl' instead.
The command rsautl was deprecated in version 3.0. Use 'pkeyutl' instead.
The command rsautl was deprecated in version 3.0. Use 'pkeyutl' instead.
The command rsautl was deprecated in version 3.0. Use 'pkeyutl' instead.
The command rsautl was deprecated in version 3.0. Use 'pkeyutl' instead.
The command rsautl was deprecated in version 3.0. Use 'pkeyutl' instead.
The command rsautl was deprecated in version 3.0. Use 'pkeyutl' instead.
The command rsautl was deprecated in version 3.0. Use 'pkeyutl' instead.
The command rsautl was deprecated in version 3.0. Use 'pkeyutl' instead.
The command rsautl was deprecated in version 3.0. Use 'pkeyutl' instead.
