The command rsautl was deprecated in version 3.0. Use 'pkeyutl' instead.
Could not open file or uri for loading private key from private.key
4037F5940E7B0000:error:16000069:STORE routines:ossl_store_get0_loader_int:unregistered scheme:../crypto/store/store_register.c:237:scheme=file
4037F5940E7B0000:error:80000002:system library:file_open:No such file or directory:../providers/implementations/storemgmt/file_store.c:267:calling stat(private.key)
The command rsautl was deprecated in version 3.0. Use 'pkeyutl' instead.
Could not open file or uri for loading private key from private.key
40978D2BE1720000:error:16000069:STORE routines:ossl_store_get0_loader_int:unregistered scheme:../crypto/store/store_register.c:237:scheme=file
40978D2BE1720000:error:80000002:system library:file_open:No such file or directory:../providers/implementations/storemgmt/file_store.c:267:calling stat(private.key)
The command rsautl was deprecated in version 3.0. Use 'pkeyutl' instead.
Could not open file or uri for loading private key from private.key
40D77FDED3790000:error:16000069:STORE routines:ossl_store_get0_loader_int:unregistered scheme:../crypto/store/store_register.c:237:scheme=file
40D77FDED3790000:error:80000002:system library:file_open:No such file or directory:../providers/implementations/storemgmt/file_store.c:267:calling stat(private.key)
The command rsautl was deprecated in version 3.0. Use 'pkeyutl' instead.
Could not open file or uri for loading private key from private.key
40979C2F69730000:error:16000069:STORE routines:ossl_store_get0_loader_int:unregistered scheme:../crypto/store/store_register.c:237:scheme=file
40979C2F69730000:error:80000002:system library:file_open:No such file or directory:../providers/implementations/storemgmt/file_store.c:267:calling stat(private.key)
The command rsautl was deprecated in version 3.0. Use 'pkeyutl' instead.
Could not open file or uri for loading private key from private.key
40E7BE9545780000:error:16000069:STORE routines:ossl_store_get0_loader_int:unregistered scheme:../crypto/store/store_register.c:237:scheme=file
40E7BE9545780000:error:80000002:system library:file_open:No such file or directory:../providers/implementations/storemgmt/file_store.c:267:calling stat(private.key)
The command rsautl was deprecated in version 3.0. Use 'pkeyutl' instead.
Could not open file or uri for loading private key from private.key
4027446C6A770000:error:16000069:STORE routines:ossl_store_get0_loader_int:unregistered scheme:../crypto/store/store_register.c:237:scheme=file
4027446C6A770000:error:80000002:system library:file_open:No such file or directory:../providers/implementations/storemgmt/file_store.c:267:calling stat(private.key)
The command rsautl was deprecated in version 3.0. Use 'pkeyutl' instead.
Could not open file or uri for loading private key from private.key
407748B391730000:error:16000069:STORE routines:ossl_store_get0_loader_int:unregistered scheme:../crypto/store/store_register.c:237:scheme=file
407748B391730000:error:80000002:system library:file_open:No such file or directory:../providers/implementations/storemgmt/file_store.c:267:calling stat(private.key)
The command rsautl was deprecated in version 3.0. Use 'pkeyutl' instead.
Could not open file or uri for loading private key from private.key
40D7740DD87B0000:error:16000069:STORE routines:ossl_store_get0_loader_int:unregistered scheme:../crypto/store/store_register.c:237:scheme=file
40D7740DD87B0000:error:80000002:system library:file_open:No such file or directory:../providers/implementations/storemgmt/file_store.c:267:calling stat(private.key)
The command rsautl was deprecated in version 3.0. Use 'pkeyutl' instead.
Could not open file or uri for loading private key from private.key
40A7580D09750000:error:16000069:STORE routines:ossl_store_get0_loader_int:unregistered scheme:../crypto/store/store_register.c:237:scheme=file
40A7580D09750000:error:80000002:system library:file_open:No such file or directory:../providers/implementations/storemgmt/file_store.c:267:calling stat(private.key)
The command rsautl was deprecated in version 3.0. Use 'pkeyutl' instead.
Could not open file or uri for loading private key from private.key
40E7D89C577E0000:error:16000069:STORE routines:ossl_store_get0_loader_int:unregistered scheme:../crypto/store/store_register.c:237:scheme=file
40E7D89C577E0000:error:80000002:system library:file_open:No such file or directory:../providers/implementations/storemgmt/file_store.c:267:calling stat(private.key)
The command rsautl was deprecated in version 3.0. Use 'pkeyutl' instead.
Could not open file or uri for loading private key from private.key
40D7DF8B49730000:error:16000069:STORE routines:ossl_store_get0_loader_int:unregistered scheme:../crypto/store/store_register.c:237:scheme=file
40D7DF8B49730000:error:80000002:system library:file_open:No such file or directory:../providers/implementations/storemgmt/file_store.c:267:calling stat(private.key)
The command rsautl was deprecated in version 3.0. Use 'pkeyutl' instead.
Could not open file or uri for loading private key from private.key
4017FEB350730000:error:16000069:STORE routines:ossl_store_get0_loader_int:unregistered scheme:../crypto/store/store_register.c:237:scheme=file
4017FEB350730000:error:80000002:system library:file_open:No such file or directory:../providers/implementations/storemgmt/file_store.c:267:calling stat(private.key)
The command rsautl was deprecated in version 3.0. Use 'pkeyutl' instead.
Could not open file or uri for loading private key from private.key
40473604B47C0000:error:16000069:STORE routines:ossl_store_get0_loader_int:unregistered scheme:../crypto/store/store_register.c:237:scheme=file
40473604B47C0000:error:80000002:system library:file_open:No such file or directory:../providers/implementations/storemgmt/file_store.c:267:calling stat(private.key)
The command rsautl was deprecated in version 3.0. Use 'pkeyutl' instead.
Could not open file or uri for loading private key from private.key
408726C54B770000:error:16000069:STORE routines:ossl_store_get0_loader_int:unregistered scheme:../crypto/store/store_register.c:237:scheme=file
408726C54B770000:error:80000002:system library:file_open:No such file or directory:../providers/implementations/storemgmt/file_store.c:267:calling stat(private.key)
The command rsautl was deprecated in version 3.0. Use 'pkeyutl' instead.
Could not open file or uri for loading private key from private.key
4017E4AF7F780000:error:16000069:STORE routines:ossl_store_get0_loader_int:unregistered scheme:../crypto/store/store_register.c:237:scheme=file
4017E4AF7F780000:error:80000002:system library:file_open:No such file or directory:../providers/implementations/storemgmt/file_store.c:267:calling stat(private.key)
The command rsautl was deprecated in version 3.0. Use 'pkeyutl' instead.
Could not open file or uri for loading private key from private.key
40E7C205F1760000:error:16000069:STORE routines:ossl_store_get0_loader_int:unregistered scheme:../crypto/store/store_register.c:237:scheme=file
40E7C205F1760000:error:80000002:system library:file_open:No such file or directory:../providers/implementations/storemgmt/file_store.c:267:calling stat(private.key)
The command rsautl was deprecated in version 3.0. Use 'pkeyutl' instead.
Could not open file or uri for loading private key from private.key
408741821E7B0000:error:16000069:STORE routines:ossl_store_get0_loader_int:unregistered scheme:../crypto/store/store_register.c:237:scheme=file
408741821E7B0000:error:80000002:system library:file_open:No such file or directory:../providers/implementations/storemgmt/file_store.c:267:calling stat(private.key)
The command rsautl was deprecated in version 3.0. Use 'pkeyutl' instead.
Could not open file or uri for loading private key from private.key
40B716CCD2790000:error:16000069:STORE routines:ossl_store_get0_loader_int:unregistered scheme:../crypto/store/store_register.c:237:scheme=file
40B716CCD2790000:error:80000002:system library:file_open:No such file or directory:../providers/implementations/storemgmt/file_store.c:267:calling stat(private.key)
The command rsautl was deprecated in version 3.0. Use 'pkeyutl' instead.
Could not open file or uri for loading private key from private.key
4027C177197C0000:error:16000069:STORE routines:ossl_store_get0_loader_int:unregistered scheme:../crypto/store/store_register.c:237:scheme=file
4027C177197C0000:error:80000002:system library:file_open:No such file or directory:../providers/implementations/storemgmt/file_store.c:267:calling stat(private.key)
The command rsautl was deprecated in version 3.0. Use 'pkeyutl' instead.
Could not open file or uri for loading private key from private.key
4077D595AB7B0000:error:16000069:STORE routines:ossl_store_get0_loader_int:unregistered scheme:../crypto/store/store_register.c:237:scheme=file
4077D595AB7B0000:error:80000002:system library:file_open:No such file or directory:../providers/implementations/storemgmt/file_store.c:267:calling stat(private.key)
The command rsautl was deprecated in version 3.0. Use 'pkeyutl' instead.
Could not open file or uri for loading private key from private.key
40D720A514740000:error:16000069:STORE routines:ossl_store_get0_loader_int:unregistered scheme:../crypto/store/store_register.c:237:scheme=file
40D720A514740000:error:80000002:system library:file_open:No such file or directory:../providers/implementations/storemgmt/file_store.c:267:calling stat(private.key)
The command rsautl was deprecated in version 3.0. Use 'pkeyutl' instead.
Could not open file or uri for loading private key from private.key
40D7A15A3E7B0000:error:16000069:STORE routines:ossl_store_get0_loader_int:unregistered scheme:../crypto/store/store_register.c:237:scheme=file
40D7A15A3E7B0000:error:80000002:system library:file_open:No such file or directory:../providers/implementations/storemgmt/file_store.c:267:calling stat(private.key)
The command rsautl was deprecated in version 3.0. Use 'pkeyutl' instead.
Could not open file or uri for loading private key from private.key
40E7786A31780000:error:16000069:STORE routines:ossl_store_get0_loader_int:unregistered scheme:../crypto/store/store_register.c:237:scheme=file
40E7786A31780000:error:80000002:system library:file_open:No such file or directory:../providers/implementations/storemgmt/file_store.c:267:calling stat(private.key)
The command rsautl was deprecated in version 3.0. Use 'pkeyutl' instead.
Could not open file or uri for loading private key from private.key
40870DFAA07E0000:error:16000069:STORE routines:ossl_store_get0_loader_int:unregistered scheme:../crypto/store/store_register.c:237:scheme=file
40870DFAA07E0000:error:80000002:system library:file_open:No such file or directory:../providers/implementations/storemgmt/file_store.c:267:calling stat(private.key)
The command rsautl was deprecated in version 3.0. Use 'pkeyutl' instead.
Could not open file or uri for loading private key from private.key
4057623AEF7B0000:error:16000069:STORE routines:ossl_store_get0_loader_int:unregistered scheme:../crypto/store/store_register.c:237:scheme=file
4057623AEF7B0000:error:80000002:system library:file_open:No such file or directory:../providers/implementations/storemgmt/file_store.c:267:calling stat(private.key)
The command rsautl was deprecated in version 3.0. Use 'pkeyutl' instead.
Could not open file or uri for loading private key from private.key
40971CBBAC7B0000:error:16000069:STORE routines:ossl_store_get0_loader_int:unregistered scheme:../crypto/store/store_register.c:237:scheme=file
40971CBBAC7B0000:error:80000002:system library:file_open:No such file or directory:../providers/implementations/storemgmt/file_store.c:267:calling stat(private.key)
The command rsautl was deprecated in version 3.0. Use 'pkeyutl' instead.
Could not open file or uri for loading private key from private.key
40F71ADAE67A0000:error:16000069:STORE routines:ossl_store_get0_loader_int:unregistered scheme:../crypto/store/store_register.c:237:scheme=file
40F71ADAE67A0000:error:80000002:system library:file_open:No such file or directory:../providers/implementations/storemgmt/file_store.c:267:calling stat(private.key)
The command rsautl was deprecated in version 3.0. Use 'pkeyutl' instead.
Could not open file or uri for loading private key from private.key
4057E955DF730000:error:16000069:STORE routines:ossl_store_get0_loader_int:unregistered scheme:../crypto/store/store_register.c:237:scheme=file
4057E955DF730000:error:80000002:system library:file_open:No such file or directory:../providers/implementations/storemgmt/file_store.c:267:calling stat(private.key)
The command rsautl was deprecated in version 3.0. Use 'pkeyutl' instead.
Could not open file or uri for loading private key from private.key
4097ED76627C0000:error:16000069:STORE routines:ossl_store_get0_loader_int:unregistered scheme:../crypto/store/store_register.c:237:scheme=file
4097ED76627C0000:error:80000002:system library:file_open:No such file or directory:../providers/implementations/storemgmt/file_store.c:267:calling stat(private.key)
The command rsautl was deprecated in version 3.0. Use 'pkeyutl' instead.
Could not open file or uri for loading private key from private.key
40C7A752A67F0000:error:16000069:STORE routines:ossl_store_get0_loader_int:unregistered scheme:../crypto/store/store_register.c:237:scheme=file
40C7A752A67F0000:error:80000002:system library:file_open:No such file or directory:../providers/implementations/storemgmt/file_store.c:267:calling stat(private.key)
The command rsautl was deprecated in version 3.0. Use 'pkeyutl' instead.
Could not open file or uri for loading private key from private.key
40372A0A357D0000:error:16000069:STORE routines:ossl_store_get0_loader_int:unregistered scheme:../crypto/store/store_register.c:237:scheme=file
40372A0A357D0000:error:80000002:system library:file_open:No such file or directory:../providers/implementations/storemgmt/file_store.c:267:calling stat(private.key)
The command rsautl was deprecated in version 3.0. Use 'pkeyutl' instead.
Could not open file or uri for loading private key from private.key
40D7A5D685790000:error:16000069:STORE routines:ossl_store_get0_loader_int:unregistered scheme:../crypto/store/store_register.c:237:scheme=file
40D7A5D685790000:error:80000002:system library:file_open:No such file or directory:../providers/implementations/storemgmt/file_store.c:267:calling stat(private.key)
The command rsautl was deprecated in version 3.0. Use 'pkeyutl' instead.
Could not open file or uri for loading private key from private.key
40672DC2B9780000:error:16000069:STORE routines:ossl_store_get0_loader_int:unregistered scheme:../crypto/store/store_register.c:237:scheme=file
40672DC2B9780000:error:80000002:system library:file_open:No such file or directory:../providers/implementations/storemgmt/file_store.c:267:calling stat(private.key)
The command rsautl was deprecated in version 3.0. Use 'pkeyutl' instead.
Could not open file or uri for loading private key from private.key
4017155F94780000:error:16000069:STORE routines:ossl_store_get0_loader_int:unregistered scheme:../crypto/store/store_register.c:237:scheme=file
4017155F94780000:error:80000002:system library:file_open:No such file or directory:../providers/implementations/storemgmt/file_store.c:267:calling stat(private.key)
The command rsautl was deprecated in version 3.0. Use 'pkeyutl' instead.
Could not open file or uri for loading private key from private.key
40A70711DC710000:error:16000069:STORE routines:ossl_store_get0_loader_int:unregistered scheme:../crypto/store/store_register.c:237:scheme=file
40A70711DC710000:error:80000002:system library:file_open:No such file or directory:../providers/implementations/storemgmt/file_store.c:267:calling stat(private.key)
The command rsautl was deprecated in version 3.0. Use 'pkeyutl' instead.
Could not open file or uri for loading private key from private.key
4017410DF67A0000:error:16000069:STORE routines:ossl_store_get0_loader_int:unregistered scheme:../crypto/store/store_register.c:237:scheme=file
4017410DF67A0000:error:80000002:system library:file_open:No such file or directory:../providers/implementations/storemgmt/file_store.c:267:calling stat(private.key)
The command rsautl was deprecated in version 3.0. Use 'pkeyutl' instead.
Could not open file or uri for loading private key from private.key
40977091C77C0000:error:16000069:STORE routines:ossl_store_get0_loader_int:unregistered scheme:../crypto/store/store_register.c:237:scheme=file
40977091C77C0000:error:80000002:system library:file_open:No such file or directory:../providers/implementations/storemgmt/file_store.c:267:calling stat(private.key)
The command rsautl was deprecated in version 3.0. Use 'pkeyutl' instead.
Could not open file or uri for loading private key from private.key
40D74693C37D0000:error:16000069:STORE routines:ossl_store_get0_loader_int:unregistered scheme:../crypto/store/store_register.c:237:scheme=file
40D74693C37D0000:error:80000002:system library:file_open:No such file or directory:../providers/implementations/storemgmt/file_store.c:267:calling stat(private.key)
The command rsautl was deprecated in version 3.0. Use 'pkeyutl' instead.
Could not open file or uri for loading private key from private.key
40C7478C767E0000:error:16000069:STORE routines:ossl_store_get0_loader_int:unregistered scheme:../crypto/store/store_register.c:237:scheme=file
40C7478C767E0000:error:80000002:system library:file_open:No such file or directory:../providers/implementations/storemgmt/file_store.c:267:calling stat(private.key)
The command rsautl was deprecated in version 3.0. Use 'pkeyutl' instead.
Can't open "envelopa.dec" for reading, No such file or directory
4097F7EB5D730000:error:80000002:system library:BIO_new_file:No such file or directory:../crypto/bio/bss_file.c:67:calling fopen(envelopa.dec, rb)
4097F7EB5D730000:error:10000080:BIO routines:BIO_new_file:no such file:../crypto/bio/bss_file.c:75:
The command rsautl was deprecated in version 3.0. Use 'pkeyutl' instead.
Can't open "envelopa.dec" for reading, No such file or directory
40A7C60CFE700000:error:80000002:system library:BIO_new_file:No such file or directory:../crypto/bio/bss_file.c:67:calling fopen(envelopa.dec, rb)
40A7C60CFE700000:error:10000080:BIO routines:BIO_new_file:no such file:../crypto/bio/bss_file.c:75:
The command rsautl was deprecated in version 3.0. Use 'pkeyutl' instead.
Can't open "envelopa.dec" for reading, No such file or directory
408715D6BA790000:error:80000002:system library:BIO_new_file:No such file or directory:../crypto/bio/bss_file.c:67:calling fopen(envelopa.dec, rb)
408715D6BA790000:error:10000080:BIO routines:BIO_new_file:no such file:../crypto/bio/bss_file.c:75:
The command rsautl was deprecated in version 3.0. Use 'pkeyutl' instead.
Can't open "envelopa.dec" for reading, No such file or directory
40F7D7CB43790000:error:80000002:system library:BIO_new_file:No such file or directory:../crypto/bio/bss_file.c:67:calling fopen(envelopa.dec, rb)
40F7D7CB43790000:error:10000080:BIO routines:BIO_new_file:no such file:../crypto/bio/bss_file.c:75:
The command rsautl was deprecated in version 3.0. Use 'pkeyutl' instead.
Can't open "envelopa.dec" for reading, No such file or directory
40779AE3A87D0000:error:80000002:system library:BIO_new_file:No such file or directory:../crypto/bio/bss_file.c:67:calling fopen(envelopa.dec, rb)
40779AE3A87D0000:error:10000080:BIO routines:BIO_new_file:no such file:../crypto/bio/bss_file.c:75:
The command rsautl was deprecated in version 3.0. Use 'pkeyutl' instead.
Can't open "envelopa.dec" for reading, No such file or directory
4027A6A6BB7B0000:error:80000002:system library:BIO_new_file:No such file or directory:../crypto/bio/bss_file.c:67:calling fopen(envelopa.dec, rb)
4027A6A6BB7B0000:error:10000080:BIO routines:BIO_new_file:no such file:../crypto/bio/bss_file.c:75:
The command rsautl was deprecated in version 3.0. Use 'pkeyutl' instead.
Can't open "envelopa.dec" for reading, No such file or directory
40D767B637730000:error:80000002:system library:BIO_new_file:No such file or directory:../crypto/bio/bss_file.c:67:calling fopen(envelopa.dec, rb)
40D767B637730000:error:10000080:BIO routines:BIO_new_file:no such file:../crypto/bio/bss_file.c:75:
The command rsautl was deprecated in version 3.0. Use 'pkeyutl' instead.
Can't open "envelopa.dec" for reading, No such file or directory
40073F35607A0000:error:80000002:system library:BIO_new_file:No such file or directory:../crypto/bio/bss_file.c:67:calling fopen(envelopa.dec, rb)
40073F35607A0000:error:10000080:BIO routines:BIO_new_file:no such file:../crypto/bio/bss_file.c:75:
The command rsautl was deprecated in version 3.0. Use 'pkeyutl' instead.
Can't open "envelopa.dec" for reading, No such file or directory
4027D42AC6780000:error:80000002:system library:BIO_new_file:No such file or directory:../crypto/bio/bss_file.c:67:calling fopen(envelopa.dec, rb)
4027D42AC6780000:error:10000080:BIO routines:BIO_new_file:no such file:../crypto/bio/bss_file.c:75:
The command rsautl was deprecated in version 3.0. Use 'pkeyutl' instead.
Can't open "envelopa.dec" for reading, No such file or directory
4027455CF47D0000:error:80000002:system library:BIO_new_file:No such file or directory:../crypto/bio/bss_file.c:67:calling fopen(envelopa.dec, rb)
4027455CF47D0000:error:10000080:BIO routines:BIO_new_file:no such file:../crypto/bio/bss_file.c:75:
The command rsautl was deprecated in version 3.0. Use 'pkeyutl' instead.
Can't open "envelopa.dec" for reading, No such file or directory
407772A770770000:error:80000002:system library:BIO_new_file:No such file or directory:../crypto/bio/bss_file.c:67:calling fopen(envelopa.dec, rb)
407772A770770000:error:10000080:BIO routines:BIO_new_file:no such file:../crypto/bio/bss_file.c:75:
The command rsautl was deprecated in version 3.0. Use 'pkeyutl' instead.
Can't open "envelopa.dec" for reading, No such file or directory
40B775DC56770000:error:80000002:system library:BIO_new_file:No such file or directory:../crypto/bio/bss_file.c:67:calling fopen(envelopa.dec, rb)
40B775DC56770000:error:10000080:BIO routines:BIO_new_file:no such file:../crypto/bio/bss_file.c:75:
The command rsautl was deprecated in version 3.0. Use 'pkeyutl' instead.
Can't open "envelopa.dec" for reading, No such file or directory
40F71A8265720000:error:80000002:system library:BIO_new_file:No such file or directory:../crypto/bio/bss_file.c:67:calling fopen(envelopa.dec, rb)
40F71A8265720000:error:10000080:BIO routines:BIO_new_file:no such file:../crypto/bio/bss_file.c:75:
The command rsautl was deprecated in version 3.0. Use 'pkeyutl' instead.
Can't open "envelopa.dec" for reading, No such file or directory
40F7436AEB7D0000:error:80000002:system library:BIO_new_file:No such file or directory:../crypto/bio/bss_file.c:67:calling fopen(envelopa.dec, rb)
40F7436AEB7D0000:error:10000080:BIO routines:BIO_new_file:no such file:../crypto/bio/bss_file.c:75:
The command rsautl was deprecated in version 3.0. Use 'pkeyutl' instead.
Can't open "envelopa.dec" for reading, No such file or directory
4077CA5198700000:error:80000002:system library:BIO_new_file:No such file or directory:../crypto/bio/bss_file.c:67:calling fopen(envelopa.dec, rb)
4077CA5198700000:error:10000080:BIO routines:BIO_new_file:no such file:../crypto/bio/bss_file.c:75:
The command rsautl was deprecated in version 3.0. Use 'pkeyutl' instead.
Can't open "envelopa.dec" for reading, No such file or directory
40677CAB92780000:error:80000002:system library:BIO_new_file:No such file or directory:../crypto/bio/bss_file.c:67:calling fopen(envelopa.dec, rb)
40677CAB92780000:error:10000080:BIO routines:BIO_new_file:no such file:../crypto/bio/bss_file.c:75:
The command rsautl was deprecated in version 3.0. Use 'pkeyutl' instead.
Can't open "envelopa.dec" for reading, No such file or directory
406706A87D7C0000:error:80000002:system library:BIO_new_file:No such file or directory:../crypto/bio/bss_file.c:67:calling fopen(envelopa.dec, rb)
406706A87D7C0000:error:10000080:BIO routines:BIO_new_file:no such file:../crypto/bio/bss_file.c:75:
The command rsautl was deprecated in version 3.0. Use 'pkeyutl' instead.
Can't open "envelopa.dec" for reading, No such file or directory
40673A51857E0000:error:80000002:system library:BIO_new_file:No such file or directory:../crypto/bio/bss_file.c:67:calling fopen(envelopa.dec, rb)
40673A51857E0000:error:10000080:BIO routines:BIO_new_file:no such file:../crypto/bio/bss_file.c:75:
The command rsautl was deprecated in version 3.0. Use 'pkeyutl' instead.
Can't open "envelopa.dec" for reading, No such file or directory
40D7833CBF780000:error:80000002:system library:BIO_new_file:No such file or directory:../crypto/bio/bss_file.c:67:calling fopen(envelopa.dec, rb)
40D7833CBF780000:error:10000080:BIO routines:BIO_new_file:no such file:../crypto/bio/bss_file.c:75:
The command rsautl was deprecated in version 3.0. Use 'pkeyutl' instead.
Can't open "envelopa.dec" for reading, No such file or directory
4087967492700000:error:80000002:system library:BIO_new_file:No such file or directory:../crypto/bio/bss_file.c:67:calling fopen(envelopa.dec, rb)
4087967492700000:error:10000080:BIO routines:BIO_new_file:no such file:../crypto/bio/bss_file.c:75:
The command rsautl was deprecated in version 3.0. Use 'pkeyutl' instead.
Can't open "envelopa.dec" for reading, No such file or directory
40E7DA0B2A7F0000:error:80000002:system library:BIO_new_file:No such file or directory:../crypto/bio/bss_file.c:67:calling fopen(envelopa.dec, rb)
40E7DA0B2A7F0000:error:10000080:BIO routines:BIO_new_file:no such file:../crypto/bio/bss_file.c:75:
The command rsautl was deprecated in version 3.0. Use 'pkeyutl' instead.
Can't open "envelopa.dec" for reading, No such file or directory
4027A1F62A7F0000:error:80000002:system library:BIO_new_file:No such file or directory:../crypto/bio/bss_file.c:67:calling fopen(envelopa.dec, rb)
4027A1F62A7F0000:error:10000080:BIO routines:BIO_new_file:no such file:../crypto/bio/bss_file.c:75:
The command rsautl was deprecated in version 3.0. Use 'pkeyutl' instead.
Can't open "envelopa.dec" for reading, No such file or directory
40972C426B7D0000:error:80000002:system library:BIO_new_file:No such file or directory:../crypto/bio/bss_file.c:67:calling fopen(envelopa.dec, rb)
40972C426B7D0000:error:10000080:BIO routines:BIO_new_file:no such file:../crypto/bio/bss_file.c:75:
The command rsautl was deprecated in version 3.0. Use 'pkeyutl' instead.
Can't open "envelopa.dec" for reading, No such file or directory
40278A3842710000:error:80000002:system library:BIO_new_file:No such file or directory:../crypto/bio/bss_file.c:67:calling fopen(envelopa.dec, rb)
40278A3842710000:error:10000080:BIO routines:BIO_new_file:no such file:../crypto/bio/bss_file.c:75:
The command rsautl was deprecated in version 3.0. Use 'pkeyutl' instead.
Can't open "envelopa.dec" for reading, No such file or directory
4047BDEF017A0000:error:80000002:system library:BIO_new_file:No such file or directory:../crypto/bio/bss_file.c:67:calling fopen(envelopa.dec, rb)
4047BDEF017A0000:error:10000080:BIO routines:BIO_new_file:no such file:../crypto/bio/bss_file.c:75:
The command rsautl was deprecated in version 3.0. Use 'pkeyutl' instead.
Can't open "envelopa.dec" for reading, No such file or directory
40C70CEBC47E0000:error:80000002:system library:BIO_new_file:No such file or directory:../crypto/bio/bss_file.c:67:calling fopen(envelopa.dec, rb)
40C70CEBC47E0000:error:10000080:BIO routines:BIO_new_file:no such file:../crypto/bio/bss_file.c:75:
The command rsautl was deprecated in version 3.0. Use 'pkeyutl' instead.
Can't open "envelopa.dec" for reading, No such file or directory
408799707A7B0000:error:80000002:system library:BIO_new_file:No such file or directory:../crypto/bio/bss_file.c:67:calling fopen(envelopa.dec, rb)
408799707A7B0000:error:10000080:BIO routines:BIO_new_file:no such file:../crypto/bio/bss_file.c:75:
The command rsautl was deprecated in version 3.0. Use 'pkeyutl' instead.
Can't open "envelopa.dec" for reading, No such file or directory
4027D98AAB720000:error:80000002:system library:BIO_new_file:No such file or directory:../crypto/bio/bss_file.c:67:calling fopen(envelopa.dec, rb)
4027D98AAB720000:error:10000080:BIO routines:BIO_new_file:no such file:../crypto/bio/bss_file.c:75:
The command rsautl was deprecated in version 3.0. Use 'pkeyutl' instead.
Can't open "envelopa.dec" for reading, No such file or directory
4007C3DDDA770000:error:80000002:system library:BIO_new_file:No such file or directory:../crypto/bio/bss_file.c:67:calling fopen(envelopa.dec, rb)
4007C3DDDA770000:error:10000080:BIO routines:BIO_new_file:no such file:../crypto/bio/bss_file.c:75:
The command rsautl was deprecated in version 3.0. Use 'pkeyutl' instead.
Can't open "envelopa.dec" for reading, No such file or directory
40D79B50887D0000:error:80000002:system library:BIO_new_file:No such file or directory:../crypto/bio/bss_file.c:67:calling fopen(envelopa.dec, rb)
40D79B50887D0000:error:10000080:BIO routines:BIO_new_file:no such file:../crypto/bio/bss_file.c:75:
The command rsautl was deprecated in version 3.0. Use 'pkeyutl' instead.
Can't open "envelopa.dec" for reading, No such file or directory
4027C1D4E0790000:error:80000002:system library:BIO_new_file:No such file or directory:../crypto/bio/bss_file.c:67:calling fopen(envelopa.dec, rb)
4027C1D4E0790000:error:10000080:BIO routines:BIO_new_file:no such file:../crypto/bio/bss_file.c:75:
The command rsautl was deprecated in version 3.0. Use 'pkeyutl' instead.
Can't open "envelopa.dec" for reading, No such file or directory
40B784676D7E0000:error:80000002:system library:BIO_new_file:No such file or directory:../crypto/bio/bss_file.c:67:calling fopen(envelopa.dec, rb)
40B784676D7E0000:error:10000080:BIO routines:BIO_new_file:no such file:../crypto/bio/bss_file.c:75:
The command rsautl was deprecated in version 3.0. Use 'pkeyutl' instead.
Can't open "envelopa.dec" for reading, No such file or directory
4067DF38857C0000:error:80000002:system library:BIO_new_file:No such file or directory:../crypto/bio/bss_file.c:67:calling fopen(envelopa.dec, rb)
4067DF38857C0000:error:10000080:BIO routines:BIO_new_file:no such file:../crypto/bio/bss_file.c:75:
The command rsautl was deprecated in version 3.0. Use 'pkeyutl' instead.
Can't open "envelopa.dec" for reading, No such file or directory
4077DFE3BC740000:error:80000002:system library:BIO_new_file:No such file or directory:../crypto/bio/bss_file.c:67:calling fopen(envelopa.dec, rb)
4077DFE3BC740000:error:10000080:BIO routines:BIO_new_file:no such file:../crypto/bio/bss_file.c:75:
The command rsautl was deprecated in version 3.0. Use 'pkeyutl' instead.
Can't open "envelopa.dec" for reading, No such file or directory
40C725717C760000:error:80000002:system library:BIO_new_file:No such file or directory:../crypto/bio/bss_file.c:67:calling fopen(envelopa.dec, rb)
40C725717C760000:error:10000080:BIO routines:BIO_new_file:no such file:../crypto/bio/bss_file.c:75:
The command rsautl was deprecated in version 3.0. Use 'pkeyutl' instead.
Can't open "envelopa.dec" for reading, No such file or directory
40F75493D7720000:error:80000002:system library:BIO_new_file:No such file or directory:../crypto/bio/bss_file.c:67:calling fopen(envelopa.dec, rb)
40F75493D7720000:error:10000080:BIO routines:BIO_new_file:no such file:../crypto/bio/bss_file.c:75:
The command rsautl was deprecated in version 3.0. Use 'pkeyutl' instead.
Can't open "envelopa.dec" for reading, No such file or directory
4037D9FDA0790000:error:80000002:system library:BIO_new_file:No such file or directory:../crypto/bio/bss_file.c:67:calling fopen(envelopa.dec, rb)
4037D9FDA0790000:error:10000080:BIO routines:BIO_new_file:no such file:../crypto/bio/bss_file.c:75:
The command rsautl was deprecated in version 3.0. Use 'pkeyutl' instead.
Can't open "envelopa.dec" for reading, No such file or directory
4007EA4C1E760000:error:80000002:system library:BIO_new_file:No such file or directory:../crypto/bio/bss_file.c:67:calling fopen(envelopa.dec, rb)
4007EA4C1E760000:error:10000080:BIO routines:BIO_new_file:no such file:../crypto/bio/bss_file.c:75:
The command rsautl was deprecated in version 3.0. Use 'pkeyutl' instead.
Can't open "envelopa.dec" for reading, No such file or directory
40B7D3781B760000:error:80000002:system library:BIO_new_file:No such file or directory:../crypto/bio/bss_file.c:67:calling fopen(envelopa.dec, rb)
40B7D3781B760000:error:10000080:BIO routines:BIO_new_file:no such file:../crypto/bio/bss_file.c:75:
The command rsautl was deprecated in version 3.0. Use 'pkeyutl' instead.
Can't open "envelopa.dec" for reading, No such file or directory
40C7ABC8BB710000:error:80000002:system library:BIO_new_file:No such file or directory:../crypto/bio/bss_file.c:67:calling fopen(envelopa.dec, rb)
40C7ABC8BB710000:error:10000080:BIO routines:BIO_new_file:no such file:../crypto/bio/bss_file.c:75:
The command rsautl was deprecated in version 3.0. Use 'pkeyutl' instead.
Can't open "envelopa.dec" for reading, No such file or directory
40B7445D13730000:error:80000002:system library:BIO_new_file:No such file or directory:../crypto/bio/bss_file.c:67:calling fopen(envelopa.dec, rb)
40B7445D13730000:error:10000080:BIO routines:BIO_new_file:no such file:../crypto/bio/bss_file.c:75:
The command rsautl was deprecated in version 3.0. Use 'pkeyutl' instead.
Can't open "envelopa.dec" for reading, No such file or directory
401774F084790000:error:80000002:system library:BIO_new_file:No such file or directory:../crypto/bio/bss_file.c:67:calling fopen(envelopa.dec, rb)
401774F084790000:error:10000080:BIO routines:BIO_new_file:no such file:../crypto/bio/bss_file.c:75:
The command rsautl was deprecated in version 3.0. Use 'pkeyutl' instead.
Can't open "envelopa.dec" for reading, No such file or directory
40977F0503780000:error:80000002:system library:BIO_new_file:No such file or directory:../crypto/bio/bss_file.c:67:calling fopen(envelopa.dec, rb)
40977F0503780000:error:10000080:BIO routines:BIO_new_file:no such file:../crypto/bio/bss_file.c:75:
The command rsautl was deprecated in version 3.0. Use 'pkeyutl' instead.
Can't open "envelopa.dec" for reading, No such file or directory
4047DFCF7D700000:error:80000002:system library:BIO_new_file:No such file or directory:../crypto/bio/bss_file.c:67:calling fopen(envelopa.dec, rb)
4047DFCF7D700000:error:10000080:BIO routines:BIO_new_file:no such file:../crypto/bio/bss_file.c:75:
The command rsautl was deprecated in version 3.0. Use 'pkeyutl' instead.
Can't open "envelopa.dec" for reading, No such file or directory
40E7A2E501780000:error:80000002:system library:BIO_new_file:No such file or directory:../crypto/bio/bss_file.c:67:calling fopen(envelopa.dec, rb)
40E7A2E501780000:error:10000080:BIO routines:BIO_new_file:no such file:../crypto/bio/bss_file.c:75:
The command rsautl was deprecated in version 3.0. Use 'pkeyutl' instead.
Can't open "envelopa.dec" for reading, No such file or directory
40F7C5D1BC740000:error:80000002:system library:BIO_new_file:No such file or directory:../crypto/bio/bss_file.c:67:calling fopen(envelopa.dec, rb)
40F7C5D1BC740000:error:10000080:BIO routines:BIO_new_file:no such file:../crypto/bio/bss_file.c:75:
The command rsautl was deprecated in version 3.0. Use 'pkeyutl' instead.
Can't open "envelopa.dec" for reading, No such file or directory
40D7E78954780000:error:80000002:system library:BIO_new_file:No such file or directory:../crypto/bio/bss_file.c:67:calling fopen(envelopa.dec, rb)
40D7E78954780000:error:10000080:BIO routines:BIO_new_file:no such file:../crypto/bio/bss_file.c:75:
The command rsautl was deprecated in version 3.0. Use 'pkeyutl' instead.
Can't open "envelopa.dec" for reading, No such file or directory
40C7D3B4DD780000:error:80000002:system library:BIO_new_file:No such file or directory:../crypto/bio/bss_file.c:67:calling fopen(envelopa.dec, rb)
40C7D3B4DD780000:error:10000080:BIO routines:BIO_new_file:no such file:../crypto/bio/bss_file.c:75:
The command rsautl was deprecated in version 3.0. Use 'pkeyutl' instead.
Can't open "envelopa.dec" for reading, No such file or directory
40F7D346587F0000:error:80000002:system library:BIO_new_file:No such file or directory:../crypto/bio/bss_file.c:67:calling fopen(envelopa.dec, rb)
40F7D346587F0000:error:10000080:BIO routines:BIO_new_file:no such file:../crypto/bio/bss_file.c:75:
The command rsautl was deprecated in version 3.0. Use 'pkeyutl' instead.
Can't open "envelopa.dec" for reading, No such file or directory
4037C619D3730000:error:80000002:system library:BIO_new_file:No such file or directory:../crypto/bio/bss_file.c:67:calling fopen(envelopa.dec, rb)
4037C619D3730000:error:10000080:BIO routines:BIO_new_file:no such file:../crypto/bio/bss_file.c:75:
The command rsautl was deprecated in version 3.0. Use 'pkeyutl' instead.
The command rsautl was deprecated in version 3.0. Use 'pkeyutl' instead.
The command rsautl was deprecated in version 3.0. Use 'pkeyutl' instead.
The command rsautl was deprecated in version 3.0. Use 'pkeyutl' instead.
The command rsautl was deprecated in version 3.0. Use 'pkeyutl' instead.
The command rsautl was deprecated in version 3.0. Use 'pkeyutl' instead.
The command rsautl was deprecated in version 3.0. Use 'pkeyutl' instead.
The command rsautl was deprecated in version 3.0. Use 'pkeyutl' instead.
The command rsautl was deprecated in version 3.0. Use 'pkeyutl' instead.
The command rsautl was deprecated in version 3.0. Use 'pkeyutl' instead.
The command rsautl was deprecated in version 3.0. Use 'pkeyutl' instead.
The command rsautl was deprecated in version 3.0. Use 'pkeyutl' instead.
The command rsautl was deprecated in version 3.0. Use 'pkeyutl' instead.
The command rsautl was deprecated in version 3.0. Use 'pkeyutl' instead.
The command rsautl was deprecated in version 3.0. Use 'pkeyutl' instead.
The command rsautl was deprecated in version 3.0. Use 'pkeyutl' instead.
The command rsautl was deprecated in version 3.0. Use 'pkeyutl' instead.
The command rsautl was deprecated in version 3.0. Use 'pkeyutl' instead.
The command rsautl was deprecated in version 3.0. Use 'pkeyutl' instead.
The command rsautl was deprecated in version 3.0. Use 'pkeyutl' instead.
The command rsautl was deprecated in version 3.0. Use 'pkeyutl' instead.
The command rsautl was deprecated in version 3.0. Use 'pkeyutl' instead.
The command rsautl was deprecated in version 3.0. Use 'pkeyutl' instead.
The command rsautl was deprecated in version 3.0. Use 'pkeyutl' instead.
The command rsautl was deprecated in version 3.0. Use 'pkeyutl' instead.
The command rsautl was deprecated in version 3.0. Use 'pkeyutl' instead.
The command rsautl was deprecated in version 3.0. Use 'pkeyutl' instead.
The command rsautl was deprecated in version 3.0. Use 'pkeyutl' instead.
The command rsautl was deprecated in version 3.0. Use 'pkeyutl' instead.
The command rsautl was deprecated in version 3.0. Use 'pkeyutl' instead.
The command rsautl was deprecated in version 3.0. Use 'pkeyutl' instead.
The command rsautl was deprecated in version 3.0. Use 'pkeyutl' instead.
The command rsautl was deprecated in version 3.0. Use 'pkeyutl' instead.
The command rsautl was deprecated in version 3.0. Use 'pkeyutl' instead.
The command rsautl was deprecated in version 3.0. Use 'pkeyutl' instead.
The command rsautl was deprecated in version 3.0. Use 'pkeyutl' instead.
The command rsautl was deprecated in version 3.0. Use 'pkeyutl' instead.
The command rsautl was deprecated in version 3.0. Use 'pkeyutl' instead.
The command rsautl was deprecated in version 3.0. Use 'pkeyutl' instead.
The command rsautl was deprecated in version 3.0. Use 'pkeyutl' instead.
The command rsautl was deprecated in version 3.0. Use 'pkeyutl' instead.
The command rsautl was deprecated in version 3.0. Use 'pkeyutl' instead.
The command rsautl was deprecated in version 3.0. Use 'pkeyutl' instead.
The command rsautl was deprecated in version 3.0. Use 'pkeyutl' instead.
The command rsautl was deprecated in version 3.0. Use 'pkeyutl' instead.
The command rsautl was deprecated in version 3.0. Use 'pkeyutl' instead.
The command rsautl was deprecated in version 3.0. Use 'pkeyutl' instead.
The command rsautl was deprecated in version 3.0. Use 'pkeyutl' instead.
The command rsautl was deprecated in version 3.0. Use 'pkeyutl' instead.
The command rsautl was deprecated in version 3.0. Use 'pkeyutl' instead.
