bad magic number
bad magic number
bad magic number
bad magic number
bad magic number
bad magic number
bad magic number
bad magic number
bad magic number
bad magic number
bad magic number
bad magic number
bad magic number
bad magic number
bad magic number
bad magic number
bad magic number
bad magic number
bad magic number
bad magic number
bad magic number
bad magic number
bad magic number
bad magic number
bad magic number
bad magic number
bad magic number
bad magic number
bad magic number
bad magic number
bad magic number
bad magic number
bad magic number
bad magic number
bad magic number
bad magic number
bad magic number
bad magic number
bad magic number
bad magic number
bad magic number
bad magic number
bad magic number
bad magic number
bad magic number
bad magic number
bad magic number
bad magic number
bad magic number
bad magic number
bad magic number
bad magic number
bad magic number
bad magic number
bad magic number
bad magic number
bad magic number
bad magic number
bad magic number
bad magic number
bad magic number
bad magic number
bad magic number
bad magic number
bad magic number
bad magic number
bad magic number
bad magic number
bad magic number
bad magic number
bad magic number
bad magic number
bad magic number
bad magic number
bad magic number
bad magic number
bad magic number
bad magic number
bad magic number
bad magic number
bad magic number
bad magic number
bad magic number
bad magic number
bad magic number
bad magic number
bad magic number
bad magic number
bad magic number
bad magic number
bad magic number
bad magic number
bad magic number
bad magic number
bad magic number
bad magic number
*** WARNING : deprecated key derivation used.
Using -iter or -pbkdf2 would be better.
bad decrypt
4067AF9978780000:error:1C80006B:Provider routines:ossl_cipher_generic_block_final:wrong final block length:../providers/implementations/ciphers/ciphercommon.c:443:
*** WARNING : deprecated key derivation used.
Using -iter or -pbkdf2 would be better.
*** WARNING : deprecated key derivation used.
Using -iter or -pbkdf2 would be better.
*** WARNING : deprecated key derivation used.
Using -iter or -pbkdf2 would be better.
*** WARNING : deprecated key derivation used.
Using -iter or -pbkdf2 would be better.
*** WARNING : deprecated key derivation used.
Using -iter or -pbkdf2 would be better.
bad decrypt
401722854C730000:error:1C80006B:Provider routines:ossl_cipher_generic_block_final:wrong final block length:../providers/implementations/ciphers/ciphercommon.c:443:
*** WARNING : deprecated key derivation used.
Using -iter or -pbkdf2 would be better.
*** WARNING : deprecated key derivation used.
Using -iter or -pbkdf2 would be better.
bad decrypt
40B732519F710000:error:1C80006B:Provider routines:ossl_cipher_generic_block_final:wrong final block length:../providers/implementations/ciphers/ciphercommon.c:443:
*** WARNING : deprecated key derivation used.
Using -iter or -pbkdf2 would be better.
*** WARNING : deprecated key derivation used.
Using -iter or -pbkdf2 would be better.
*** WARNING : deprecated key derivation used.
Using -iter or -pbkdf2 would be better.
*** WARNING : deprecated key derivation used.
Using -iter or -pbkdf2 would be better.
*** WARNING : deprecated key derivation used.
Using -iter or -pbkdf2 would be better.
bad decrypt
40979417D7770000:error:1C80006B:Provider routines:ossl_cipher_generic_block_final:wrong final block length:../providers/implementations/ciphers/ciphercommon.c:443:
*** WARNING : deprecated key derivation used.
Using -iter or -pbkdf2 would be better.
*** WARNING : deprecated key derivation used.
Using -iter or -pbkdf2 would be better.
bad decrypt
4077751208710000:error:1C80006B:Provider routines:ossl_cipher_generic_block_final:wrong final block length:../providers/implementations/ciphers/ciphercommon.c:443:
*** WARNING : deprecated key derivation used.
Using -iter or -pbkdf2 would be better.
*** WARNING : deprecated key derivation used.
Using -iter or -pbkdf2 would be better.
*** WARNING : deprecated key derivation used.
Using -iter or -pbkdf2 would be better.
*** WARNING : deprecated key derivation used.
Using -iter or -pbkdf2 would be better.
*** WARNING : deprecated key derivation used.
Using -iter or -pbkdf2 would be better.
bad decrypt
4007B6692D7E0000:error:1C80006B:Provider routines:ossl_cipher_generic_block_final:wrong final block length:../providers/implementations/ciphers/ciphercommon.c:443:
*** WARNING : deprecated key derivation used.
Using -iter or -pbkdf2 would be better.
*** WARNING : deprecated key derivation used.
Using -iter or -pbkdf2 would be better.
bad decrypt
40577494A47F0000:error:1C80006B:Provider routines:ossl_cipher_generic_block_final:wrong final block length:../providers/implementations/ciphers/ciphercommon.c:443:
*** WARNING : deprecated key derivation used.
Using -iter or -pbkdf2 would be better.
bad decrypt
4037BBB74B700000:error:1C80006B:Provider routines:ossl_cipher_generic_block_final:wrong final block length:../providers/implementations/ciphers/ciphercommon.c:443:
*** WARNING : deprecated key derivation used.
Using -iter or -pbkdf2 would be better.
bad decrypt
40D7DBB523780000:error:1C80006B:Provider routines:ossl_cipher_generic_block_final:wrong final block length:../providers/implementations/ciphers/ciphercommon.c:443:
*** WARNING : deprecated key derivation used.
Using -iter or -pbkdf2 would be better.
bad decrypt
409715C19F780000:error:1C80006B:Provider routines:ossl_cipher_generic_block_final:wrong final block length:../providers/implementations/ciphers/ciphercommon.c:443:
*** WARNING : deprecated key derivation used.
Using -iter or -pbkdf2 would be better.
*** WARNING : deprecated key derivation used.
Using -iter or -pbkdf2 would be better.
*** WARNING : deprecated key derivation used.
Using -iter or -pbkdf2 would be better.
*** WARNING : deprecated key derivation used.
Using -iter or -pbkdf2 would be better.
*** WARNING : deprecated key derivation used.
Using -iter or -pbkdf2 would be better.
bad decrypt
4057AF9FFB730000:error:1C80006B:Provider routines:ossl_cipher_generic_block_final:wrong final block length:../providers/implementations/ciphers/ciphercommon.c:443:
*** WARNING : deprecated key derivation used.
Using -iter or -pbkdf2 would be better.
*** WARNING : deprecated key derivation used.
Using -iter or -pbkdf2 would be better.
bad decrypt
40A7EFBA32790000:error:1C80006B:Provider routines:ossl_cipher_generic_block_final:wrong final block length:../providers/implementations/ciphers/ciphercommon.c:443:
*** WARNING : deprecated key derivation used.
Using -iter or -pbkdf2 would be better.
*** WARNING : deprecated key derivation used.
Using -iter or -pbkdf2 would be better.
*** WARNING : deprecated key derivation used.
Using -iter or -pbkdf2 would be better.
*** WARNING : deprecated key derivation used.
Using -iter or -pbkdf2 would be better.
*** WARNING : deprecated key derivation used.
Using -iter or -pbkdf2 would be better.
bad decrypt
401768FA65790000:error:1C80006B:Provider routines:ossl_cipher_generic_block_final:wrong final block length:../providers/implementations/ciphers/ciphercommon.c:443:
*** WARNING : deprecated key derivation used.
Using -iter or -pbkdf2 would be better.
*** WARNING : deprecated key derivation used.
Using -iter or -pbkdf2 would be better.
bad decrypt
403711102B770000:error:1C80006B:Provider routines:ossl_cipher_generic_block_final:wrong final block length:../providers/implementations/ciphers/ciphercommon.c:443:
*** WARNING : deprecated key derivation used.
Using -iter or -pbkdf2 would be better.
*** WARNING : deprecated key derivation used.
Using -iter or -pbkdf2 would be better.
*** WARNING : deprecated key derivation used.
Using -iter or -pbkdf2 would be better.
*** WARNING : deprecated key derivation used.
Using -iter or -pbkdf2 would be better.
*** WARNING : deprecated key derivation used.
Using -iter or -pbkdf2 would be better.
bad decrypt
4027FCEEB37A0000:error:1C80006B:Provider routines:ossl_cipher_generic_block_final:wrong final block length:../providers/implementations/ciphers/ciphercommon.c:443:
*** WARNING : deprecated key derivation used.
Using -iter or -pbkdf2 would be better.
*** WARNING : deprecated key derivation used.
Using -iter or -pbkdf2 would be better.
bad decrypt
4027090CD8750000:error:1C80006B:Provider routines:ossl_cipher_generic_block_final:wrong final block length:../providers/implementations/ciphers/ciphercommon.c:443:
*** WARNING : deprecated key derivation used.
Using -iter or -pbkdf2 would be better.
bad decrypt
40C7054B777D0000:error:1C80006B:Provider routines:ossl_cipher_generic_block_final:wrong final block length:../providers/implementations/ciphers/ciphercommon.c:443:
*** WARNING : deprecated key derivation used.
Using -iter or -pbkdf2 would be better.
bad decrypt
405738D0817C0000:error:1C80006B:Provider routines:ossl_cipher_generic_block_final:wrong final block length:../providers/implementations/ciphers/ciphercommon.c:443:
