Could not read public key from kljuc10.key
40572B4744720000:error:1608010C:STORE routines:ossl_store_handle_load_result:unsupported:../crypto/store/store_result.c:151:
Could not read public key from kljuc11.key
40877C335D710000:error:1608010C:STORE routines:ossl_store_handle_load_result:unsupported:../crypto/store/store_result.c:151:
Could not read public key from kljuc12.key
40C76A5E0F770000:error:1608010C:STORE routines:ossl_store_handle_load_result:unsupported:../crypto/store/store_result.c:151:
Could not read public key from kljuc13.key
401709327C760000:error:1608010C:STORE routines:ossl_store_handle_load_result:unsupported:../crypto/store/store_result.c:151:
Could not read public key from kljuc14.key
40876B805D700000:error:1608010C:STORE routines:ossl_store_handle_load_result:unsupported:../crypto/store/store_result.c:151:
Could not read public key from kljuc15.key
4067DCD210780000:error:1608010C:STORE routines:ossl_store_handle_load_result:unsupported:../crypto/store/store_result.c:151:
Could not read public key from kljuc16.key
40C7D5D099750000:error:1608010C:STORE routines:ossl_store_handle_load_result:unsupported:../crypto/store/store_result.c:151:
Could not read public key from kljuc17.key
40372B76C07C0000:error:1608010C:STORE routines:ossl_store_handle_load_result:unsupported:../crypto/store/store_result.c:151:
Could not read public key from kljuc18.key
40372231A1750000:error:1608010C:STORE routines:ossl_store_handle_load_result:unsupported:../crypto/store/store_result.c:151:
Could not read public key from kljuc19.key
40872DCA2C7D0000:error:1608010C:STORE routines:ossl_store_handle_load_result:unsupported:../crypto/store/store_result.c:151:
Could not read public key from kljuc1.key
40C78F502A750000:error:1608010C:STORE routines:ossl_store_handle_load_result:unsupported:../crypto/store/store_result.c:151:
Could not read public key from kljuc20.key
40371F37A47F0000:error:1608010C:STORE routines:ossl_store_handle_load_result:unsupported:../crypto/store/store_result.c:151:
Could not read public key from kljuc21.key
4067E18E2C720000:error:1608010C:STORE routines:ossl_store_handle_load_result:unsupported:../crypto/store/store_result.c:151:
Could not read public key from kljuc22.key
40E72C14ED7F0000:error:1608010C:STORE routines:ossl_store_handle_load_result:unsupported:../crypto/store/store_result.c:151:
Could not read public key from kljuc23.key
40E758058C760000:error:1608010C:STORE routines:ossl_store_handle_load_result:unsupported:../crypto/store/store_result.c:151:
Could not read public key from kljuc24.key
40772A2ED2780000:error:1608010C:STORE routines:ossl_store_handle_load_result:unsupported:../crypto/store/store_result.c:151:
Could not read public key from kljuc25.key
40576C4EE4790000:error:1608010C:STORE routines:ossl_store_handle_load_result:unsupported:../crypto/store/store_result.c:151:
Could not read public key from kljuc26.key
40D7A72E3B720000:error:1608010C:STORE routines:ossl_store_handle_load_result:unsupported:../crypto/store/store_result.c:151:
Could not read public key from kljuc27.key
40078E2D5F7F0000:error:1608010C:STORE routines:ossl_store_handle_load_result:unsupported:../crypto/store/store_result.c:151:
Could not read public key from kljuc28.key
409754822D790000:error:1608010C:STORE routines:ossl_store_handle_load_result:unsupported:../crypto/store/store_result.c:151:
Could not read public key from kljuc29.key
4077FB9CB9780000:error:1608010C:STORE routines:ossl_store_handle_load_result:unsupported:../crypto/store/store_result.c:151:
Could not read public key from kljuc2.key
40979BF1D2700000:error:1608010C:STORE routines:ossl_store_handle_load_result:unsupported:../crypto/store/store_result.c:151:
Could not read public key from kljuc30.key
40877DB5E3710000:error:1608010C:STORE routines:ossl_store_handle_load_result:unsupported:../crypto/store/store_result.c:151:
Could not read public key from kljuc31.key
4077C735737E0000:error:1608010C:STORE routines:ossl_store_handle_load_result:unsupported:../crypto/store/store_result.c:151:
Could not read public key from kljuc32.key
40071469C07F0000:error:1608010C:STORE routines:ossl_store_handle_load_result:unsupported:../crypto/store/store_result.c:151:
Could not read public key from kljuc33.key
40878839B37B0000:error:1608010C:STORE routines:ossl_store_handle_load_result:unsupported:../crypto/store/store_result.c:151:
Could not read public key from kljuc34.key
40E7FB9CCC7D0000:error:1608010C:STORE routines:ossl_store_handle_load_result:unsupported:../crypto/store/store_result.c:151:
Could not read public key from kljuc35.key
4067707ADD760000:error:1608010C:STORE routines:ossl_store_handle_load_result:unsupported:../crypto/store/store_result.c:151:
Could not read public key from kljuc36.key
40D76E059B710000:error:1608010C:STORE routines:ossl_store_handle_load_result:unsupported:../crypto/store/store_result.c:151:
Could not read public key from kljuc37.key
403772CC8E790000:error:1608010C:STORE routines:ossl_store_handle_load_result:unsupported:../crypto/store/store_result.c:151:
Could not read public key from kljuc38.key
40C73C8CD07D0000:error:1608010C:STORE routines:ossl_store_handle_load_result:unsupported:../crypto/store/store_result.c:151:
Could not read public key from kljuc39.key
40A77DFDC7780000:error:1608010C:STORE routines:ossl_store_handle_load_result:unsupported:../crypto/store/store_result.c:151:
Could not read public key from kljuc3.key
40274930A4770000:error:1608010C:STORE routines:ossl_store_handle_load_result:unsupported:../crypto/store/store_result.c:151:
Could not read public key from kljuc40.key
40276B4938710000:error:1608010C:STORE routines:ossl_store_handle_load_result:unsupported:../crypto/store/store_result.c:151:
Could not read public key from kljuc41.key
4047E994CD700000:error:1608010C:STORE routines:ossl_store_handle_load_result:unsupported:../crypto/store/store_result.c:151:
Could not read public key from kljuc42.key
4017A92978730000:error:1608010C:STORE routines:ossl_store_handle_load_result:unsupported:../crypto/store/store_result.c:151:
Could not read public key from kljuc43.key
406754E7BC740000:error:1608010C:STORE routines:ossl_store_handle_load_result:unsupported:../crypto/store/store_result.c:151:
Could not read public key from kljuc44.key
401775A35A7B0000:error:1608010C:STORE routines:ossl_store_handle_load_result:unsupported:../crypto/store/store_result.c:151:
Could not read public key from kljuc45.key
40076AF10D7B0000:error:1608010C:STORE routines:ossl_store_handle_load_result:unsupported:../crypto/store/store_result.c:151:
Could not read public key from kljuc46.key
40B7277B6C7A0000:error:1608010C:STORE routines:ossl_store_handle_load_result:unsupported:../crypto/store/store_result.c:151:
Could not read public key from kljuc47.key
4097A46190740000:error:1608010C:STORE routines:ossl_store_handle_load_result:unsupported:../crypto/store/store_result.c:151:
Could not read public key from kljuc48.key
40273742FC710000:error:1608010C:STORE routines:ossl_store_handle_load_result:unsupported:../crypto/store/store_result.c:151:
Could not read public key from kljuc49.key
4087623737780000:error:1608010C:STORE routines:ossl_store_handle_load_result:unsupported:../crypto/store/store_result.c:151:
Could not read public key from kljuc4.key
4077D2AA307E0000:error:1608010C:STORE routines:ossl_store_handle_load_result:unsupported:../crypto/store/store_result.c:151:
Could not read public key from kljuc50.key
40F7011866720000:error:1608010C:STORE routines:ossl_store_handle_load_result:unsupported:../crypto/store/store_result.c:151:
Could not read public key from kljuc5.key
4027B636EF7C0000:error:1608010C:STORE routines:ossl_store_handle_load_result:unsupported:../crypto/store/store_result.c:151:
Could not read public key from kljuc6.key
402700A4C17A0000:error:1608010C:STORE routines:ossl_store_handle_load_result:unsupported:../crypto/store/store_result.c:151:
Could not read public key from kljuc7.key
4097D07815700000:error:1608010C:STORE routines:ossl_store_handle_load_result:unsupported:../crypto/store/store_result.c:151:
Could not read public key from kljuc8.key
40A7F9B951700000:error:1608010C:STORE routines:ossl_store_handle_load_result:unsupported:../crypto/store/store_result.c:151:
Could not read public key from kljuc9.key
401736C192770000:error:1608010C:STORE routines:ossl_store_handle_load_result:unsupported:../crypto/store/store_result.c:151:
Could not read public key from kljuc10.key
407708BA6F760000:error:1608010C:STORE routines:ossl_store_handle_load_result:unsupported:../crypto/store/store_result.c:151:
Could not read public key from kljuc11.key
40E76A2F7A7A0000:error:1608010C:STORE routines:ossl_store_handle_load_result:unsupported:../crypto/store/store_result.c:151:
Could not read public key from kljuc12.key
4017EE91C87B0000:error:1608010C:STORE routines:ossl_store_handle_load_result:unsupported:../crypto/store/store_result.c:151:
Could not read public key from kljuc13.key
40379076597B0000:error:1608010C:STORE routines:ossl_store_handle_load_result:unsupported:../crypto/store/store_result.c:151:
Could not read public key from kljuc14.key
400724BCE67D0000:error:1608010C:STORE routines:ossl_store_handle_load_result:unsupported:../crypto/store/store_result.c:151:
Could not read public key from kljuc15.key
40776368D67C0000:error:1608010C:STORE routines:ossl_store_handle_load_result:unsupported:../crypto/store/store_result.c:151:
Could not read public key from kljuc16.key
40A7C51E377C0000:error:1608010C:STORE routines:ossl_store_handle_load_result:unsupported:../crypto/store/store_result.c:151:
Could not read public key from kljuc17.key
40876DE4CD700000:error:1608010C:STORE routines:ossl_store_handle_load_result:unsupported:../crypto/store/store_result.c:151:
Could not read public key from kljuc18.key
40A77264B77C0000:error:1608010C:STORE routines:ossl_store_handle_load_result:unsupported:../crypto/store/store_result.c:151:
Could not read public key from kljuc19.key
4067658AAB700000:error:1608010C:STORE routines:ossl_store_handle_load_result:unsupported:../crypto/store/store_result.c:151:
Could not read public key from kljuc1.key
4007170D33760000:error:1608010C:STORE routines:ossl_store_handle_load_result:unsupported:../crypto/store/store_result.c:151:
Could not read public key from kljuc20.key
40471FCFED780000:error:1608010C:STORE routines:ossl_store_handle_load_result:unsupported:../crypto/store/store_result.c:151:
Could not read public key from kljuc21.key
40A7B4E367760000:error:1608010C:STORE routines:ossl_store_handle_load_result:unsupported:../crypto/store/store_result.c:151:
Could not read public key from kljuc22.key
4047EC2D4B7A0000:error:1608010C:STORE routines:ossl_store_handle_load_result:unsupported:../crypto/store/store_result.c:151:
Could not read public key from kljuc23.key
40B797922A720000:error:1608010C:STORE routines:ossl_store_handle_load_result:unsupported:../crypto/store/store_result.c:151:
Could not read public key from kljuc24.key
40C7192CA37B0000:error:1608010C:STORE routines:ossl_store_handle_load_result:unsupported:../crypto/store/store_result.c:151:
Could not read public key from kljuc25.key
40B7CBA4597B0000:error:1608010C:STORE routines:ossl_store_handle_load_result:unsupported:../crypto/store/store_result.c:151:
Could not read public key from kljuc26.key
40A7409B71750000:error:1608010C:STORE routines:ossl_store_handle_load_result:unsupported:../crypto/store/store_result.c:151:
Could not read public key from kljuc27.key
40D7DDB4487E0000:error:1608010C:STORE routines:ossl_store_handle_load_result:unsupported:../crypto/store/store_result.c:151:
Could not read public key from kljuc28.key
40079CD781710000:error:1608010C:STORE routines:ossl_store_handle_load_result:unsupported:../crypto/store/store_result.c:151:
Could not read public key from kljuc29.key
4007E1C955760000:error:1608010C:STORE routines:ossl_store_handle_load_result:unsupported:../crypto/store/store_result.c:151:
Could not read public key from kljuc2.key
4017AFE4A17B0000:error:1608010C:STORE routines:ossl_store_handle_load_result:unsupported:../crypto/store/store_result.c:151:
Could not read public key from kljuc30.key
40D7425D20790000:error:1608010C:STORE routines:ossl_store_handle_load_result:unsupported:../crypto/store/store_result.c:151:
Could not read public key from kljuc31.key
40C7E53985730000:error:1608010C:STORE routines:ossl_store_handle_load_result:unsupported:../crypto/store/store_result.c:151:
Could not read public key from kljuc32.key
40D7EB8B62760000:error:1608010C:STORE routines:ossl_store_handle_load_result:unsupported:../crypto/store/store_result.c:151:
Could not read public key from kljuc33.key
40279499AB760000:error:1608010C:STORE routines:ossl_store_handle_load_result:unsupported:../crypto/store/store_result.c:151:
Could not read public key from kljuc34.key
4097DBC978780000:error:1608010C:STORE routines:ossl_store_handle_load_result:unsupported:../crypto/store/store_result.c:151:
Could not read public key from kljuc35.key
4067E2C28A770000:error:1608010C:STORE routines:ossl_store_handle_load_result:unsupported:../crypto/store/store_result.c:151:
Could not read public key from kljuc36.key
40271CA9B1750000:error:1608010C:STORE routines:ossl_store_handle_load_result:unsupported:../crypto/store/store_result.c:151:
Could not read public key from kljuc37.key
4017321DC27C0000:error:1608010C:STORE routines:ossl_store_handle_load_result:unsupported:../crypto/store/store_result.c:151:
Could not read public key from kljuc38.key
4087080D1C780000:error:1608010C:STORE routines:ossl_store_handle_load_result:unsupported:../crypto/store/store_result.c:151:
Could not read public key from kljuc39.key
40B73590BF790000:error:1608010C:STORE routines:ossl_store_handle_load_result:unsupported:../crypto/store/store_result.c:151:
Could not read public key from kljuc3.key
40E779B4067C0000:error:1608010C:STORE routines:ossl_store_handle_load_result:unsupported:../crypto/store/store_result.c:151:
Could not read public key from kljuc40.key
4027BC691F760000:error:1608010C:STORE routines:ossl_store_handle_load_result:unsupported:../crypto/store/store_result.c:151:
Could not read public key from kljuc41.key
401781DD69700000:error:1608010C:STORE routines:ossl_store_handle_load_result:unsupported:../crypto/store/store_result.c:151:
Could not read public key from kljuc42.key
40572978787E0000:error:1608010C:STORE routines:ossl_store_handle_load_result:unsupported:../crypto/store/store_result.c:151:
Could not read public key from kljuc43.key
40570018D37A0000:error:1608010C:STORE routines:ossl_store_handle_load_result:unsupported:../crypto/store/store_result.c:151:
Could not read public key from kljuc44.key
40574F8A117B0000:error:1608010C:STORE routines:ossl_store_handle_load_result:unsupported:../crypto/store/store_result.c:151:
Could not read public key from kljuc45.key
40B791CEF77E0000:error:1608010C:STORE routines:ossl_store_handle_load_result:unsupported:../crypto/store/store_result.c:151:
Could not read public key from kljuc46.key
40079C498B770000:error:1608010C:STORE routines:ossl_store_handle_load_result:unsupported:../crypto/store/store_result.c:151:
Could not read public key from kljuc47.key
40B78CB9B2790000:error:1608010C:STORE routines:ossl_store_handle_load_result:unsupported:../crypto/store/store_result.c:151:
Could not read public key from kljuc48.key
40B7E24A98720000:error:1608010C:STORE routines:ossl_store_handle_load_result:unsupported:../crypto/store/store_result.c:151:
Could not read public key from kljuc49.key
4067E8F2387E0000:error:1608010C:STORE routines:ossl_store_handle_load_result:unsupported:../crypto/store/store_result.c:151:
Could not read public key from kljuc4.key
4057AB182E700000:error:1608010C:STORE routines:ossl_store_handle_load_result:unsupported:../crypto/store/store_result.c:151:
Could not read public key from kljuc50.key
4027CDB491730000:error:1608010C:STORE routines:ossl_store_handle_load_result:unsupported:../crypto/store/store_result.c:151:
Could not read public key from kljuc5.key
40D7A137DA750000:error:1608010C:STORE routines:ossl_store_handle_load_result:unsupported:../crypto/store/store_result.c:151:
Could not read public key from kljuc6.key
405787F8A1760000:error:1608010C:STORE routines:ossl_store_handle_load_result:unsupported:../crypto/store/store_result.c:151:
Could not read public key from kljuc7.key
4097716728760000:error:1608010C:STORE routines:ossl_store_handle_load_result:unsupported:../crypto/store/store_result.c:151:
Could not read public key from kljuc8.key
40E74DA5217B0000:error:1608010C:STORE routines:ossl_store_handle_load_result:unsupported:../crypto/store/store_result.c:151:
Could not read public key from kljuc9.key
4077F472F37C0000:error:1608010C:STORE routines:ossl_store_handle_load_result:unsupported:../crypto/store/store_result.c:151:
