*** WARNING : deprecated key derivation used.
Using -iter or -pbkdf2 would be better.
*** WARNING : deprecated key derivation used.
Using -iter or -pbkdf2 would be better.
*** WARNING : deprecated key derivation used.
Using -iter or -pbkdf2 would be better.
*** WARNING : deprecated key derivation used.
Using -iter or -pbkdf2 would be better.
*** WARNING : deprecated key derivation used.
Using -iter or -pbkdf2 would be better.
*** WARNING : deprecated key derivation used.
Using -iter or -pbkdf2 would be better.
*** WARNING : deprecated key derivation used.
Using -iter or -pbkdf2 would be better.
*** WARNING : deprecated key derivation used.
Using -iter or -pbkdf2 would be better.
*** WARNING : deprecated key derivation used.
Using -iter or -pbkdf2 would be better.
*** WARNING : deprecated key derivation used.
Using -iter or -pbkdf2 would be better.
*** WARNING : deprecated key derivation used.
Using -iter or -pbkdf2 would be better.
*** WARNING : deprecated key derivation used.
Using -iter or -pbkdf2 would be better.
*** WARNING : deprecated key derivation used.
Using -iter or -pbkdf2 would be better.
*** WARNING : deprecated key derivation used.
Using -iter or -pbkdf2 would be better.
*** WARNING : deprecated key derivation used.
Using -iter or -pbkdf2 would be better.
*** WARNING : deprecated key derivation used.
Using -iter or -pbkdf2 would be better.
*** WARNING : deprecated key derivation used.
Using -iter or -pbkdf2 would be better.
*** WARNING : deprecated key derivation used.
Using -iter or -pbkdf2 would be better.
*** WARNING : deprecated key derivation used.
Using -iter or -pbkdf2 would be better.
*** WARNING : deprecated key derivation used.
Using -iter or -pbkdf2 would be better.
*** WARNING : deprecated key derivation used.
Using -iter or -pbkdf2 would be better.
*** WARNING : deprecated key derivation used.
Using -iter or -pbkdf2 would be better.
*** WARNING : deprecated key derivation used.
Using -iter or -pbkdf2 would be better.
*** WARNING : deprecated key derivation used.
Using -iter or -pbkdf2 would be better.
*** WARNING : deprecated key derivation used.
Using -iter or -pbkdf2 would be better.
*** WARNING : deprecated key derivation used.
Using -iter or -pbkdf2 would be better.
*** WARNING : deprecated key derivation used.
Using -iter or -pbkdf2 would be better.
*** WARNING : deprecated key derivation used.
Using -iter or -pbkdf2 would be better.
*** WARNING : deprecated key derivation used.
Using -iter or -pbkdf2 would be better.
*** WARNING : deprecated key derivation used.
Using -iter or -pbkdf2 would be better.
*** WARNING : deprecated key derivation used.
Using -iter or -pbkdf2 would be better.
*** WARNING : deprecated key derivation used.
Using -iter or -pbkdf2 would be better.
*** WARNING : deprecated key derivation used.
Using -iter or -pbkdf2 would be better.
*** WARNING : deprecated key derivation used.
Using -iter or -pbkdf2 would be better.
*** WARNING : deprecated key derivation used.
Using -iter or -pbkdf2 would be better.
*** WARNING : deprecated key derivation used.
Using -iter or -pbkdf2 would be better.
*** WARNING : deprecated key derivation used.
Using -iter or -pbkdf2 would be better.
*** WARNING : deprecated key derivation used.
Using -iter or -pbkdf2 would be better.
*** WARNING : deprecated key derivation used.
Using -iter or -pbkdf2 would be better.
*** WARNING : deprecated key derivation used.
Using -iter or -pbkdf2 would be better.
*** WARNING : deprecated key derivation used.
Using -iter or -pbkdf2 would be better.
*** WARNING : deprecated key derivation used.
Using -iter or -pbkdf2 would be better.
*** WARNING : deprecated key derivation used.
Using -iter or -pbkdf2 would be better.
*** WARNING : deprecated key derivation used.
Using -iter or -pbkdf2 would be better.
*** WARNING : deprecated key derivation used.
Using -iter or -pbkdf2 would be better.
*** WARNING : deprecated key derivation used.
Using -iter or -pbkdf2 would be better.
*** WARNING : deprecated key derivation used.
Using -iter or -pbkdf2 would be better.
*** WARNING : deprecated key derivation used.
Using -iter or -pbkdf2 would be better.
*** WARNING : deprecated key derivation used.
Using -iter or -pbkdf2 would be better.
*** WARNING : deprecated key derivation used.
Using -iter or -pbkdf2 would be better.
*** WARNING : deprecated key derivation used.
Using -iter or -pbkdf2 would be better.
*** WARNING : deprecated key derivation used.
Using -iter or -pbkdf2 would be better.
*** WARNING : deprecated key derivation used.
Using -iter or -pbkdf2 would be better.
*** WARNING : deprecated key derivation used.
Using -iter or -pbkdf2 would be better.
*** WARNING : deprecated key derivation used.
Using -iter or -pbkdf2 would be better.
*** WARNING : deprecated key derivation used.
Using -iter or -pbkdf2 would be better.
*** WARNING : deprecated key derivation used.
Using -iter or -pbkdf2 would be better.
*** WARNING : deprecated key derivation used.
Using -iter or -pbkdf2 would be better.
*** WARNING : deprecated key derivation used.
Using -iter or -pbkdf2 would be better.
*** WARNING : deprecated key derivation used.
Using -iter or -pbkdf2 would be better.
*** WARNING : deprecated key derivation used.
Using -iter or -pbkdf2 would be better.
*** WARNING : deprecated key derivation used.
Using -iter or -pbkdf2 would be better.
*** WARNING : deprecated key derivation used.
Using -iter or -pbkdf2 would be better.
*** WARNING : deprecated key derivation used.
Using -iter or -pbkdf2 would be better.
*** WARNING : deprecated key derivation used.
Using -iter or -pbkdf2 would be better.
*** WARNING : deprecated key derivation used.
Using -iter or -pbkdf2 would be better.
*** WARNING : deprecated key derivation used.
Using -iter or -pbkdf2 would be better.
bad magic number
error reading input file
*** WARNING : deprecated key derivation used.
Using -iter or -pbkdf2 would be better.
bad magic number
error reading input file
*** WARNING : deprecated key derivation used.
Using -iter or -pbkdf2 would be better.
bad magic number
error reading input file
*** WARNING : deprecated key derivation used.
Using -iter or -pbkdf2 would be better.
bad magic number
error reading input file
*** WARNING : deprecated key derivation used.
Using -iter or -pbkdf2 would be better.
bad decrypt
40377F7EC2720000:error:1C800064:Provider routines:ossl_cipher_unpadblock:bad decrypt:../providers/implementations/ciphers/ciphercommon_block.c:124:
bad magic number
error reading input file
*** WARNING : deprecated key derivation used.
Using -iter or -pbkdf2 would be better.
bad magic number
error reading input file
*** WARNING : deprecated key derivation used.
Using -iter or -pbkdf2 would be better.
bad magic number
error reading input file
*** WARNING : deprecated key derivation used.
Using -iter or -pbkdf2 would be better.
bad magic number
error reading input file
*** WARNING : deprecated key derivation used.
Using -iter or -pbkdf2 would be better.
bad magic number
error reading input file
*** WARNING : deprecated key derivation used.
Using -iter or -pbkdf2 would be better.
bad magic number
error reading input file
*** WARNING : deprecated key derivation used.
Using -iter or -pbkdf2 would be better.
bad decrypt
4027FBF1D7760000:error:1C800064:Provider routines:ossl_cipher_unpadblock:bad decrypt:../providers/implementations/ciphers/ciphercommon_block.c:124:
bad magic number
error reading input file
*** WARNING : deprecated key derivation used.
Using -iter or -pbkdf2 would be better.
bad magic number
error reading input file
*** WARNING : deprecated key derivation used.
Using -iter or -pbkdf2 would be better.
bad magic number
error reading input file
*** WARNING : deprecated key derivation used.
Using -iter or -pbkdf2 would be better.
bad magic number
error reading input file
*** WARNING : deprecated key derivation used.
Using -iter or -pbkdf2 would be better.
bad magic number
error reading input file
*** WARNING : deprecated key derivation used.
Using -iter or -pbkdf2 would be better.
bad magic number
error reading input file
*** WARNING : deprecated key derivation used.
Using -iter or -pbkdf2 would be better.
bad decrypt
400718E84C730000:error:1C800064:Provider routines:ossl_cipher_unpadblock:bad decrypt:../providers/implementations/ciphers/ciphercommon_block.c:124:
bad magic number
error reading input file
*** WARNING : deprecated key derivation used.
Using -iter or -pbkdf2 would be better.
bad magic number
error reading input file
*** WARNING : deprecated key derivation used.
Using -iter or -pbkdf2 would be better.
bad magic number
error reading input file
*** WARNING : deprecated key derivation used.
Using -iter or -pbkdf2 would be better.
bad magic number
error reading input file
*** WARNING : deprecated key derivation used.
Using -iter or -pbkdf2 would be better.
bad magic number
error reading input file
*** WARNING : deprecated key derivation used.
Using -iter or -pbkdf2 would be better.
bad magic number
error reading input file
*** WARNING : deprecated key derivation used.
Using -iter or -pbkdf2 would be better.
bad decrypt
4007A22F56770000:error:1C800064:Provider routines:ossl_cipher_unpadblock:bad decrypt:../providers/implementations/ciphers/ciphercommon_block.c:124:
bad magic number
error reading input file
*** WARNING : deprecated key derivation used.
Using -iter or -pbkdf2 would be better.
bad magic number
error reading input file
*** WARNING : deprecated key derivation used.
Using -iter or -pbkdf2 would be better.
bad magic number
error reading input file
*** WARNING : deprecated key derivation used.
Using -iter or -pbkdf2 would be better.
bad magic number
error reading input file
*** WARNING : deprecated key derivation used.
Using -iter or -pbkdf2 would be better.
bad magic number
error reading input file
*** WARNING : deprecated key derivation used.
Using -iter or -pbkdf2 would be better.
bad magic number
error reading input file
*** WARNING : deprecated key derivation used.
Using -iter or -pbkdf2 would be better.
bad decrypt
406772BDBD7D0000:error:1C800064:Provider routines:ossl_cipher_unpadblock:bad decrypt:../providers/implementations/ciphers/ciphercommon_block.c:124:
bad magic number
error reading input file
*** WARNING : deprecated key derivation used.
Using -iter or -pbkdf2 would be better.
bad magic number
error reading input file
*** WARNING : deprecated key derivation used.
Using -iter or -pbkdf2 would be better.
bad magic number
error reading input file
*** WARNING : deprecated key derivation used.
Using -iter or -pbkdf2 would be better.
bad magic number
error reading input file
*** WARNING : deprecated key derivation used.
Using -iter or -pbkdf2 would be better.
bad magic number
error reading input file
*** WARNING : deprecated key derivation used.
Using -iter or -pbkdf2 would be better.
bad magic number
error reading input file
*** WARNING : deprecated key derivation used.
Using -iter or -pbkdf2 would be better.
bad decrypt
40B74D741D7D0000:error:1C800064:Provider routines:ossl_cipher_unpadblock:bad decrypt:../providers/implementations/ciphers/ciphercommon_block.c:124:
bad magic number
error reading input file
*** WARNING : deprecated key derivation used.
Using -iter or -pbkdf2 would be better.
bad magic number
error reading input file
*** WARNING : deprecated key derivation used.
Using -iter or -pbkdf2 would be better.
bad magic number
error reading input file
*** WARNING : deprecated key derivation used.
Using -iter or -pbkdf2 would be better.
bad magic number
error reading input file
*** WARNING : deprecated key derivation used.
Using -iter or -pbkdf2 would be better.
bad magic number
error reading input file
*** WARNING : deprecated key derivation used.
Using -iter or -pbkdf2 would be better.
bad magic number
error reading input file
*** WARNING : deprecated key derivation used.
Using -iter or -pbkdf2 would be better.
bad decrypt
40F706B41C760000:error:1C800064:Provider routines:ossl_cipher_unpadblock:bad decrypt:../providers/implementations/ciphers/ciphercommon_block.c:124:
bad magic number
error reading input file
*** WARNING : deprecated key derivation used.
Using -iter or -pbkdf2 would be better.
bad magic number
error reading input file
*** WARNING : deprecated key derivation used.
Using -iter or -pbkdf2 would be better.
bad magic number
error reading input file
*** WARNING : deprecated key derivation used.
Using -iter or -pbkdf2 would be better.
bad magic number
error reading input file
*** WARNING : deprecated key derivation used.
Using -iter or -pbkdf2 would be better.
bad magic number
error reading input file
*** WARNING : deprecated key derivation used.
Using -iter or -pbkdf2 would be better.
bad magic number
error reading input file
*** WARNING : deprecated key derivation used.
Using -iter or -pbkdf2 would be better.
bad decrypt
40D72200C4710000:error:1C800064:Provider routines:ossl_cipher_unpadblock:bad decrypt:../providers/implementations/ciphers/ciphercommon_block.c:124:
bad magic number
error reading input file
*** WARNING : deprecated key derivation used.
Using -iter or -pbkdf2 would be better.
bad magic number
error reading input file
*** WARNING : deprecated key derivation used.
Using -iter or -pbkdf2 would be better.
bad magic number
error reading input file
*** WARNING : deprecated key derivation used.
Using -iter or -pbkdf2 would be better.
bad magic number
error reading input file
*** WARNING : deprecated key derivation used.
Using -iter or -pbkdf2 would be better.
bad magic number
error reading input file
*** WARNING : deprecated key derivation used.
Using -iter or -pbkdf2 would be better.
bad magic number
error reading input file
*** WARNING : deprecated key derivation used.
Using -iter or -pbkdf2 would be better.
bad decrypt
40C7C6579F730000:error:1C800064:Provider routines:ossl_cipher_unpadblock:bad decrypt:../providers/implementations/ciphers/ciphercommon_block.c:124:
bad magic number
error reading input file
*** WARNING : deprecated key derivation used.
Using -iter or -pbkdf2 would be better.
bad magic number
error reading input file
*** WARNING : deprecated key derivation used.
Using -iter or -pbkdf2 would be better.
bad magic number
error reading input file
*** WARNING : deprecated key derivation used.
Using -iter or -pbkdf2 would be better.
bad magic number
error reading input file
*** WARNING : deprecated key derivation used.
Using -iter or -pbkdf2 would be better.
bad magic number
error reading input file
*** WARNING : deprecated key derivation used.
Using -iter or -pbkdf2 would be better.
bad magic number
error reading input file
*** WARNING : deprecated key derivation used.
Using -iter or -pbkdf2 would be better.
bad decrypt
40E7EAA038790000:error:1C800064:Provider routines:ossl_cipher_unpadblock:bad decrypt:../providers/implementations/ciphers/ciphercommon_block.c:124:
bad magic number
error reading input file
*** WARNING : deprecated key derivation used.
Using -iter or -pbkdf2 would be better.
bad magic number
error reading input file
*** WARNING : deprecated key derivation used.
Using -iter or -pbkdf2 would be better.
bad magic number
error reading input file
*** WARNING : deprecated key derivation used.
Using -iter or -pbkdf2 would be better.
bad magic number
error reading input file
*** WARNING : deprecated key derivation used.
Using -iter or -pbkdf2 would be better.
bad magic number
error reading input file
*** WARNING : deprecated key derivation used.
Using -iter or -pbkdf2 would be better.
bad magic number
error reading input file
*** WARNING : deprecated key derivation used.
Using -iter or -pbkdf2 would be better.
bad decrypt
40F77705F6730000:error:1C800064:Provider routines:ossl_cipher_unpadblock:bad decrypt:../providers/implementations/ciphers/ciphercommon_block.c:124:
bad magic number
error reading input file
*** WARNING : deprecated key derivation used.
Using -iter or -pbkdf2 would be better.
bad magic number
error reading input file
*** WARNING : deprecated key derivation used.
Using -iter or -pbkdf2 would be better.
*** WARNING : deprecated key derivation used.
Using -iter or -pbkdf2 would be better.
*** WARNING : deprecated key derivation used.
Using -iter or -pbkdf2 would be better.
*** WARNING : deprecated key derivation used.
Using -iter or -pbkdf2 would be better.
*** WARNING : deprecated key derivation used.
Using -iter or -pbkdf2 would be better.
*** WARNING : deprecated key derivation used.
Using -iter or -pbkdf2 would be better.
*** WARNING : deprecated key derivation used.
Using -iter or -pbkdf2 would be better.
*** WARNING : deprecated key derivation used.
Using -iter or -pbkdf2 would be better.
*** WARNING : deprecated key derivation used.
Using -iter or -pbkdf2 would be better.
*** WARNING : deprecated key derivation used.
Using -iter or -pbkdf2 would be better.
*** WARNING : deprecated key derivation used.
Using -iter or -pbkdf2 would be better.
*** WARNING : deprecated key derivation used.
Using -iter or -pbkdf2 would be better.
*** WARNING : deprecated key derivation used.
Using -iter or -pbkdf2 would be better.
bad decrypt
407787F4A2750000:error:1C800064:Provider routines:ossl_cipher_unpadblock:bad decrypt:../providers/implementations/ciphers/ciphercommon_block.c:124:
*** WARNING : deprecated key derivation used.
Using -iter or -pbkdf2 would be better.
*** WARNING : deprecated key derivation used.
Using -iter or -pbkdf2 would be better.
bad decrypt
40578C51957C0000:error:1C800064:Provider routines:ossl_cipher_unpadblock:bad decrypt:../providers/implementations/ciphers/ciphercommon_block.c:124:
bad decrypt
40F7D8A9FA7B0000:error:1C800064:Provider routines:ossl_cipher_unpadblock:bad decrypt:../providers/implementations/ciphers/ciphercommon_block.c:124:
*** WARNING : deprecated key derivation used.
Using -iter or -pbkdf2 would be better.
*** WARNING : deprecated key derivation used.
Using -iter or -pbkdf2 would be better.
*** WARNING : deprecated key derivation used.
Using -iter or -pbkdf2 would be better.
*** WARNING : deprecated key derivation used.
Using -iter or -pbkdf2 would be better.
*** WARNING : deprecated key derivation used.
Using -iter or -pbkdf2 would be better.
*** WARNING : deprecated key derivation used.
Using -iter or -pbkdf2 would be better.
*** WARNING : deprecated key derivation used.
Using -iter or -pbkdf2 would be better.
*** WARNING : deprecated key derivation used.
Using -iter or -pbkdf2 would be better.
*** WARNING : deprecated key derivation used.
Using -iter or -pbkdf2 would be better.
*** WARNING : deprecated key derivation used.
Using -iter or -pbkdf2 would be better.
*** WARNING : deprecated key derivation used.
Using -iter or -pbkdf2 would be better.
*** WARNING : deprecated key derivation used.
Using -iter or -pbkdf2 would be better.
*** WARNING : deprecated key derivation used.
Using -iter or -pbkdf2 would be better.
*** WARNING : deprecated key derivation used.
Using -iter or -pbkdf2 would be better.
*** WARNING : deprecated key derivation used.
Using -iter or -pbkdf2 would be better.
*** WARNING : deprecated key derivation used.
Using -iter or -pbkdf2 would be better.
bad decrypt
40D730D386770000:error:1C800064:Provider routines:ossl_cipher_unpadblock:bad decrypt:../providers/implementations/ciphers/ciphercommon_block.c:124:
*** WARNING : deprecated key derivation used.
Using -iter or -pbkdf2 would be better.
*** WARNING : deprecated key derivation used.
Using -iter or -pbkdf2 would be better.
bad decrypt
40B7BA83C4780000:error:1C800064:Provider routines:ossl_cipher_unpadblock:bad decrypt:../providers/implementations/ciphers/ciphercommon_block.c:124:
bad decrypt
40372FBBD9720000:error:1C800064:Provider routines:ossl_cipher_unpadblock:bad decrypt:../providers/implementations/ciphers/ciphercommon_block.c:124:
*** WARNING : deprecated key derivation used.
Using -iter or -pbkdf2 would be better.
*** WARNING : deprecated key derivation used.
Using -iter or -pbkdf2 would be better.
*** WARNING : deprecated key derivation used.
Using -iter or -pbkdf2 would be better.
*** WARNING : deprecated key derivation used.
Using -iter or -pbkdf2 would be better.
*** WARNING : deprecated key derivation used.
Using -iter or -pbkdf2 would be better.
*** WARNING : deprecated key derivation used.
Using -iter or -pbkdf2 would be better.
*** WARNING : deprecated key derivation used.
Using -iter or -pbkdf2 would be better.
*** WARNING : deprecated key derivation used.
Using -iter or -pbkdf2 would be better.
*** WARNING : deprecated key derivation used.
Using -iter or -pbkdf2 would be better.
*** WARNING : deprecated key derivation used.
Using -iter or -pbkdf2 would be better.
*** WARNING : deprecated key derivation used.
Using -iter or -pbkdf2 would be better.
*** WARNING : deprecated key derivation used.
Using -iter or -pbkdf2 would be better.
*** WARNING : deprecated key derivation used.
Using -iter or -pbkdf2 would be better.
*** WARNING : deprecated key derivation used.
Using -iter or -pbkdf2 would be better.
*** WARNING : deprecated key derivation used.
Using -iter or -pbkdf2 would be better.
*** WARNING : deprecated key derivation used.
Using -iter or -pbkdf2 would be better.
bad decrypt
40E723B479780000:error:1C800064:Provider routines:ossl_cipher_unpadblock:bad decrypt:../providers/implementations/ciphers/ciphercommon_block.c:124:
*** WARNING : deprecated key derivation used.
Using -iter or -pbkdf2 would be better.
bad decrypt
40877444D9720000:error:1C800064:Provider routines:ossl_cipher_unpadblock:bad decrypt:../providers/implementations/ciphers/ciphercommon_block.c:124:
*** WARNING : deprecated key derivation used.
Using -iter or -pbkdf2 would be better.
bad decrypt
4077601672740000:error:1C800064:Provider routines:ossl_cipher_unpadblock:bad decrypt:../providers/implementations/ciphers/ciphercommon_block.c:124:
*** WARNING : deprecated key derivation used.
Using -iter or -pbkdf2 would be better.
*** WARNING : deprecated key derivation used.
Using -iter or -pbkdf2 would be better.
*** WARNING : deprecated key derivation used.
Using -iter or -pbkdf2 would be better.
*** WARNING : deprecated key derivation used.
Using -iter or -pbkdf2 would be better.
bad magic number
bad magic number
*** WARNING : deprecated key derivation used.
Using -iter or -pbkdf2 would be better.
bad magic number
bad magic number
*** WARNING : deprecated key derivation used.
Using -iter or -pbkdf2 would be better.
bad magic number
bad magic number
*** WARNING : deprecated key derivation used.
Using -iter or -pbkdf2 would be better.
bad magic number
bad magic number
*** WARNING : deprecated key derivation used.
Using -iter or -pbkdf2 would be better.
bad decrypt
40070489DA710000:error:1C800064:Provider routines:ossl_cipher_unpadblock:bad decrypt:../providers/implementations/ciphers/ciphercommon_block.c:124:
bad magic number
bad magic number
*** WARNING : deprecated key derivation used.
Using -iter or -pbkdf2 would be better.
bad magic number
bad magic number
*** WARNING : deprecated key derivation used.
Using -iter or -pbkdf2 would be better.
*** WARNING : deprecated key derivation used.
Using -iter or -pbkdf2 would be better.
*** WARNING : deprecated key derivation used.
Using -iter or -pbkdf2 would be better.
*** WARNING : deprecated key derivation used.
Using -iter or -pbkdf2 would be better.
*** WARNING : deprecated key derivation used.
Using -iter or -pbkdf2 would be better.
*** WARNING : deprecated key derivation used.
Using -iter or -pbkdf2 would be better.
*** WARNING : deprecated key derivation used.
Using -iter or -pbkdf2 would be better.
*** WARNING : deprecated key derivation used.
Using -iter or -pbkdf2 would be better.
*** WARNING : deprecated key derivation used.
Using -iter or -pbkdf2 would be better.
*** WARNING : deprecated key derivation used.
Using -iter or -pbkdf2 would be better.
*** WARNING : deprecated key derivation used.
Using -iter or -pbkdf2 would be better.
*** WARNING : deprecated key derivation used.
Using -iter or -pbkdf2 would be better.
*** WARNING : deprecated key derivation used.
Using -iter or -pbkdf2 would be better.
bad decrypt
40B75D8DA67D0000:error:1C800064:Provider routines:ossl_cipher_unpadblock:bad decrypt:../providers/implementations/ciphers/ciphercommon_block.c:124:
*** WARNING : deprecated key derivation used.
Using -iter or -pbkdf2 would be better.
bad decrypt
4067AA701B740000:error:1C800064:Provider routines:ossl_cipher_unpadblock:bad decrypt:../providers/implementations/ciphers/ciphercommon_block.c:124:
*** WARNING : deprecated key derivation used.
Using -iter or -pbkdf2 would be better.
bad decrypt
40E7B18EBE780000:error:1C800064:Provider routines:ossl_cipher_unpadblock:bad decrypt:../providers/implementations/ciphers/ciphercommon_block.c:124:
*** WARNING : deprecated key derivation used.
Using -iter or -pbkdf2 would be better.
*** WARNING : deprecated key derivation used.
Using -iter or -pbkdf2 would be better.
*** WARNING : deprecated key derivation used.
Using -iter or -pbkdf2 would be better.
*** WARNING : deprecated key derivation used.
Using -iter or -pbkdf2 would be better.
*** WARNING : deprecated key derivation used.
Using -iter or -pbkdf2 would be better.
*** WARNING : deprecated key derivation used.
Using -iter or -pbkdf2 would be better.
*** WARNING : deprecated key derivation used.
Using -iter or -pbkdf2 would be better.
*** WARNING : deprecated key derivation used.
Using -iter or -pbkdf2 would be better.
*** WARNING : deprecated key derivation used.
Using -iter or -pbkdf2 would be better.
*** WARNING : deprecated key derivation used.
Using -iter or -pbkdf2 would be better.
*** WARNING : deprecated key derivation used.
Using -iter or -pbkdf2 would be better.
*** WARNING : deprecated key derivation used.
Using -iter or -pbkdf2 would be better.
*** WARNING : deprecated key derivation used.
Using -iter or -pbkdf2 would be better.
*** WARNING : deprecated key derivation used.
Using -iter or -pbkdf2 would be better.
*** WARNING : deprecated key derivation used.
Using -iter or -pbkdf2 would be better.
*** WARNING : deprecated key derivation used.
Using -iter or -pbkdf2 would be better.
bad decrypt
40D7506F667D0000:error:1C800064:Provider routines:ossl_cipher_unpadblock:bad decrypt:../providers/implementations/ciphers/ciphercommon_block.c:124:
*** WARNING : deprecated key derivation used.
Using -iter or -pbkdf2 would be better.
bad decrypt
407720E60C730000:error:1C800064:Provider routines:ossl_cipher_unpadblock:bad decrypt:../providers/implementations/ciphers/ciphercommon_block.c:124:
*** WARNING : deprecated key derivation used.
Using -iter or -pbkdf2 would be better.
bad decrypt
4097A5075E7C0000:error:1C800064:Provider routines:ossl_cipher_unpadblock:bad decrypt:../providers/implementations/ciphers/ciphercommon_block.c:124:
*** WARNING : deprecated key derivation used.
Using -iter or -pbkdf2 would be better.
*** WARNING : deprecated key derivation used.
Using -iter or -pbkdf2 would be better.
*** WARNING : deprecated key derivation used.
Using -iter or -pbkdf2 would be better.
*** WARNING : deprecated key derivation used.
Using -iter or -pbkdf2 would be better.
*** WARNING : deprecated key derivation used.
Using -iter or -pbkdf2 would be better.
*** WARNING : deprecated key derivation used.
Using -iter or -pbkdf2 would be better.
*** WARNING : deprecated key derivation used.
Using -iter or -pbkdf2 would be better.
*** WARNING : deprecated key derivation used.
Using -iter or -pbkdf2 would be better.
*** WARNING : deprecated key derivation used.
Using -iter or -pbkdf2 would be better.
*** WARNING : deprecated key derivation used.
Using -iter or -pbkdf2 would be better.
*** WARNING : deprecated key derivation used.
Using -iter or -pbkdf2 would be better.
*** WARNING : deprecated key derivation used.
Using -iter or -pbkdf2 would be better.
*** WARNING : deprecated key derivation used.
Using -iter or -pbkdf2 would be better.
*** WARNING : deprecated key derivation used.
Using -iter or -pbkdf2 would be better.
*** WARNING : deprecated key derivation used.
Using -iter or -pbkdf2 would be better.
*** WARNING : deprecated key derivation used.
Using -iter or -pbkdf2 would be better.
bad decrypt
405700FF25790000:error:1C800064:Provider routines:ossl_cipher_unpadblock:bad decrypt:../providers/implementations/ciphers/ciphercommon_block.c:124:
*** WARNING : deprecated key derivation used.
Using -iter or -pbkdf2 would be better.
bad decrypt
40579CD6B77E0000:error:1C800064:Provider routines:ossl_cipher_unpadblock:bad decrypt:../providers/implementations/ciphers/ciphercommon_block.c:124:
*** WARNING : deprecated key derivation used.
Using -iter or -pbkdf2 would be better.
bad decrypt
40C722AE82720000:error:1C800064:Provider routines:ossl_cipher_unpadblock:bad decrypt:../providers/implementations/ciphers/ciphercommon_block.c:124:
*** WARNING : deprecated key derivation used.
Using -iter or -pbkdf2 would be better.
*** WARNING : deprecated key derivation used.
Using -iter or -pbkdf2 would be better.
*** WARNING : deprecated key derivation used.
Using -iter or -pbkdf2 would be better.
*** WARNING : deprecated key derivation used.
Using -iter or -pbkdf2 would be better.
*** WARNING : deprecated key derivation used.
Using -iter or -pbkdf2 would be better.
*** WARNING : deprecated key derivation used.
Using -iter or -pbkdf2 would be better.
*** WARNING : deprecated key derivation used.
Using -iter or -pbkdf2 would be better.
*** WARNING : deprecated key derivation used.
Using -iter or -pbkdf2 would be better.
*** WARNING : deprecated key derivation used.
Using -iter or -pbkdf2 would be better.
*** WARNING : deprecated key derivation used.
Using -iter or -pbkdf2 would be better.
*** WARNING : deprecated key derivation used.
Using -iter or -pbkdf2 would be better.
*** WARNING : deprecated key derivation used.
Using -iter or -pbkdf2 would be better.
*** WARNING : deprecated key derivation used.
Using -iter or -pbkdf2 would be better.
*** WARNING : deprecated key derivation used.
Using -iter or -pbkdf2 would be better.
*** WARNING : deprecated key derivation used.
Using -iter or -pbkdf2 would be better.
*** WARNING : deprecated key derivation used.
Using -iter or -pbkdf2 would be better.
bad decrypt
40C791B356750000:error:1C800064:Provider routines:ossl_cipher_unpadblock:bad decrypt:../providers/implementations/ciphers/ciphercommon_block.c:124:
*** WARNING : deprecated key derivation used.
Using -iter or -pbkdf2 would be better.
bad decrypt
4057DB3CB4730000:error:1C800064:Provider routines:ossl_cipher_unpadblock:bad decrypt:../providers/implementations/ciphers/ciphercommon_block.c:124:
*** WARNING : deprecated key derivation used.
Using -iter or -pbkdf2 would be better.
bad decrypt
4057C159217C0000:error:1C800064:Provider routines:ossl_cipher_unpadblock:bad decrypt:../providers/implementations/ciphers/ciphercommon_block.c:124:
*** WARNING : deprecated key derivation used.
Using -iter or -pbkdf2 would be better.
*** WARNING : deprecated key derivation used.
Using -iter or -pbkdf2 would be better.
*** WARNING : deprecated key derivation used.
Using -iter or -pbkdf2 would be better.
