Can't read Password
pkcs12: Use -help for summary.
The command rsautl was deprecated in version 3.0. Use 'pkeyutl' instead.
Could not read private key from tmp.dat
pkcs12: Use -help for summary.
The command rsautl was deprecated in version 3.0. Use 'pkeyutl' instead.
Could not read private key from tmp.dat
pkcs12: Use -help for summary.
The command rsautl was deprecated in version 3.0. Use 'pkeyutl' instead.
Could not read private key from tmp.dat
pkcs12: Use -help for summary.
The command rsautl was deprecated in version 3.0. Use 'pkeyutl' instead.
Could not read private key from tmp.dat
pkcs12: Use -help for summary.
The command rsautl was deprecated in version 3.0. Use 'pkeyutl' instead.
Could not read private key from tmp.dat
pkcs12: Use -help for summary.
The command rsautl was deprecated in version 3.0. Use 'pkeyutl' instead.
Could not read private key from tmp.dat
pkcs12: Use -help for summary.
The command rsautl was deprecated in version 3.0. Use 'pkeyutl' instead.
Could not read private key from tmp.dat
pkcs12: Use -help for summary.
The command rsautl was deprecated in version 3.0. Use 'pkeyutl' instead.
Could not read private key from tmp.dat
pkcs12: Use -help for summary.
The command rsautl was deprecated in version 3.0. Use 'pkeyutl' instead.
Could not read private key from tmp.dat
pkcs12: Use -help for summary.
The command rsautl was deprecated in version 3.0. Use 'pkeyutl' instead.
Could not read private key from tmp.dat
pkcs12: Use -help for summary.
The command rsautl was deprecated in version 3.0. Use 'pkeyutl' instead.
Could not read private key from tmp.dat
pkcs12: Use -help for summary.
The command rsautl was deprecated in version 3.0. Use 'pkeyutl' instead.
Could not read private key from tmp.dat
pkcs12: Use -help for summary.
The command rsautl was deprecated in version 3.0. Use 'pkeyutl' instead.
Could not read private key from tmp.dat
pkcs12: Use -help for summary.
The command rsautl was deprecated in version 3.0. Use 'pkeyutl' instead.
Could not read private key from tmp.dat
pkcs12: Use -help for summary.
The command rsautl was deprecated in version 3.0. Use 'pkeyutl' instead.
Could not read private key from tmp.dat
pkcs12: Use -help for summary.
The command rsautl was deprecated in version 3.0. Use 'pkeyutl' instead.
Could not read private key from tmp.dat
pkcs12: Use -help for summary.
The command rsautl was deprecated in version 3.0. Use 'pkeyutl' instead.
Could not read private key from tmp.dat
pkcs12: Use -help for summary.
The command rsautl was deprecated in version 3.0. Use 'pkeyutl' instead.
Could not read private key from tmp.dat
pkcs12: Use -help for summary.
The command rsautl was deprecated in version 3.0. Use 'pkeyutl' instead.
Could not read private key from tmp.dat
pkcs12: Use -help for summary.
The command rsautl was deprecated in version 3.0. Use 'pkeyutl' instead.
Could not read private key from tmp.dat
pkcs12: Use -help for summary.
The command rsautl was deprecated in version 3.0. Use 'pkeyutl' instead.
Could not read private key from tmp.dat
pkcs12: Use -help for summary.
The command rsautl was deprecated in version 3.0. Use 'pkeyutl' instead.
Could not read private key from tmp.dat
pkcs12: Use -help for summary.
The command rsautl was deprecated in version 3.0. Use 'pkeyutl' instead.
Could not read private key from tmp.dat
pkcs12: Use -help for summary.
The command rsautl was deprecated in version 3.0. Use 'pkeyutl' instead.
Could not read private key from tmp.dat
pkcs12: Use -help for summary.
The command rsautl was deprecated in version 3.0. Use 'pkeyutl' instead.
Could not read private key from tmp.dat
pkcs12: Use -help for summary.
The command rsautl was deprecated in version 3.0. Use 'pkeyutl' instead.
Could not read private key from tmp.dat
pkcs12: Use -help for summary.
The command rsautl was deprecated in version 3.0. Use 'pkeyutl' instead.
Could not read private key from tmp.dat
pkcs12: Use -help for summary.
The command rsautl was deprecated in version 3.0. Use 'pkeyutl' instead.
Could not read private key from tmp.dat
pkcs12: Use -help for summary.
The command rsautl was deprecated in version 3.0. Use 'pkeyutl' instead.
Could not read private key from tmp.dat
pkcs12: Use -help for summary.
The command rsautl was deprecated in version 3.0. Use 'pkeyutl' instead.
Could not read private key from tmp.dat
pkcs12: Use -help for summary.
The command rsautl was deprecated in version 3.0. Use 'pkeyutl' instead.
Could not read private key from tmp.dat
pkcs12: Use -help for summary.
The command rsautl was deprecated in version 3.0. Use 'pkeyutl' instead.
Could not read private key from tmp.dat
pkcs12: Use -help for summary.
The command rsautl was deprecated in version 3.0. Use 'pkeyutl' instead.
Could not read private key from tmp.dat
pkcs12: Use -help for summary.
The command rsautl was deprecated in version 3.0. Use 'pkeyutl' instead.
Could not read private key from tmp.dat
pkcs12: Use -help for summary.
The command rsautl was deprecated in version 3.0. Use 'pkeyutl' instead.
Could not read private key from tmp.dat
pkcs12: Use -help for summary.
The command rsautl was deprecated in version 3.0. Use 'pkeyutl' instead.
Could not read private key from tmp.dat
pkcs12: Use -help for summary.
The command rsautl was deprecated in version 3.0. Use 'pkeyutl' instead.
Could not read private key from tmp.dat
pkcs12: Use -help for summary.
The command rsautl was deprecated in version 3.0. Use 'pkeyutl' instead.
Could not read private key from tmp.dat
pkcs12: Use -help for summary.
The command rsautl was deprecated in version 3.0. Use 'pkeyutl' instead.
Could not read private key from tmp.dat
pkcs12: Use -help for summary.
The command rsautl was deprecated in version 3.0. Use 'pkeyutl' instead.
Could not read private key from tmp.dat
pkcs12: Use -help for summary.
The command rsautl was deprecated in version 3.0. Use 'pkeyutl' instead.
Could not read private key from tmp.dat
pkcs12: Use -help for summary.
The command rsautl was deprecated in version 3.0. Use 'pkeyutl' instead.
Could not read private key from tmp.dat
pkcs12: Use -help for summary.
The command rsautl was deprecated in version 3.0. Use 'pkeyutl' instead.
Could not read private key from tmp.dat
pkcs12: Use -help for summary.
The command rsautl was deprecated in version 3.0. Use 'pkeyutl' instead.
Could not read private key from tmp.dat
pkcs12: Use -help for summary.
The command rsautl was deprecated in version 3.0. Use 'pkeyutl' instead.
Could not read private key from tmp.dat
pkcs12: Use -help for summary.
The command rsautl was deprecated in version 3.0. Use 'pkeyutl' instead.
Could not read private key from tmp.dat
pkcs12: Use -help for summary.
The command rsautl was deprecated in version 3.0. Use 'pkeyutl' instead.
Could not read private key from tmp.dat
pkcs12: Use -help for summary.
The command rsautl was deprecated in version 3.0. Use 'pkeyutl' instead.
Could not read private key from tmp.dat
pkcs12: Use -help for summary.
The command rsautl was deprecated in version 3.0. Use 'pkeyutl' instead.
Could not read private key from tmp.dat
pkcs12: Use -help for summary.
The command rsautl was deprecated in version 3.0. Use 'pkeyutl' instead.
Could not read private key from tmp.dat
pkcs12: Use -help for summary.
The command rsautl was deprecated in version 3.0. Use 'pkeyutl' instead.
Could not read private key from tmp.dat
pkcs12: Use -help for summary.
The command rsautl was deprecated in version 3.0. Use 'pkeyutl' instead.
Could not read private key from tmp.dat
pkcs12: Use -help for summary.
The command rsautl was deprecated in version 3.0. Use 'pkeyutl' instead.
Could not read private key from tmp.dat
pkcs12: Use -help for summary.
The command rsautl was deprecated in version 3.0. Use 'pkeyutl' instead.
Could not read private key from tmp.dat
pkcs12: Use -help for summary.
The command rsautl was deprecated in version 3.0. Use 'pkeyutl' instead.
Could not read private key from tmp.dat
pkcs12: Use -help for summary.
The command rsautl was deprecated in version 3.0. Use 'pkeyutl' instead.
Could not read private key from tmp.dat
pkcs12: Use -help for summary.
The command rsautl was deprecated in version 3.0. Use 'pkeyutl' instead.
Could not read private key from tmp.dat
pkcs12: Use -help for summary.
The command rsautl was deprecated in version 3.0. Use 'pkeyutl' instead.
Could not read private key from tmp.dat
pkcs12: Use -help for summary.
The command rsautl was deprecated in version 3.0. Use 'pkeyutl' instead.
Could not read private key from tmp.dat
pkcs12: Use -help for summary.
The command rsautl was deprecated in version 3.0. Use 'pkeyutl' instead.
Could not read private key from tmp.dat
pkcs12: Use -help for summary.
The command rsautl was deprecated in version 3.0. Use 'pkeyutl' instead.
Could not read private key from tmp.dat
pkcs12: Use -help for summary.
The command rsautl was deprecated in version 3.0. Use 'pkeyutl' instead.
Could not read private key from tmp.dat
pkcs12: Use -help for summary.
The command rsautl was deprecated in version 3.0. Use 'pkeyutl' instead.
Could not read private key from tmp.dat
pkcs12: Use -help for summary.
The command rsautl was deprecated in version 3.0. Use 'pkeyutl' instead.
Could not read private key from tmp.dat
pkcs12: Use -help for summary.
The command rsautl was deprecated in version 3.0. Use 'pkeyutl' instead.
Could not read private key from tmp.dat
pkcs12: Use -help for summary.
The command rsautl was deprecated in version 3.0. Use 'pkeyutl' instead.
Could not read private key from tmp.dat
pkcs12: Use -help for summary.
The command rsautl was deprecated in version 3.0. Use 'pkeyutl' instead.
Could not read private key from tmp.dat
pkcs12: Use -help for summary.
The command rsautl was deprecated in version 3.0. Use 'pkeyutl' instead.
Could not read private key from tmp.dat
pkcs12: Use -help for summary.
The command rsautl was deprecated in version 3.0. Use 'pkeyutl' instead.
Could not read private key from tmp.dat
pkcs12: Use -help for summary.
The command rsautl was deprecated in version 3.0. Use 'pkeyutl' instead.
Could not read private key from tmp.dat
pkcs12: Use -help for summary.
The command rsautl was deprecated in version 3.0. Use 'pkeyutl' instead.
Could not read private key from tmp.dat
pkcs12: Use -help for summary.
The command rsautl was deprecated in version 3.0. Use 'pkeyutl' instead.
Could not read private key from tmp.dat
pkcs12: Use -help for summary.
The command rsautl was deprecated in version 3.0. Use 'pkeyutl' instead.
Could not read private key from tmp.dat
pkcs12: Use -help for summary.
The command rsautl was deprecated in version 3.0. Use 'pkeyutl' instead.
Could not read private key from tmp.dat
pkcs12: Use -help for summary.
The command rsautl was deprecated in version 3.0. Use 'pkeyutl' instead.
Could not read private key from tmp.dat
pkcs12: Use -help for summary.
The command rsautl was deprecated in version 3.0. Use 'pkeyutl' instead.
Could not read private key from tmp.dat
pkcs12: Use -help for summary.
The command rsautl was deprecated in version 3.0. Use 'pkeyutl' instead.
Could not read private key from tmp.dat
pkcs12: Use -help for summary.
The command rsautl was deprecated in version 3.0. Use 'pkeyutl' instead.
Could not read private key from tmp.dat
pkcs12: Use -help for summary.
The command rsautl was deprecated in version 3.0. Use 'pkeyutl' instead.
Could not read private key from tmp.dat
pkcs12: Use -help for summary.
The command rsautl was deprecated in version 3.0. Use 'pkeyutl' instead.
Could not read private key from tmp.dat
pkcs12: Use -help for summary.
The command rsautl was deprecated in version 3.0. Use 'pkeyutl' instead.
Could not read private key from tmp.dat
pkcs12: Use -help for summary.
The command rsautl was deprecated in version 3.0. Use 'pkeyutl' instead.
Could not read private key from tmp.dat
pkcs12: Use -help for summary.
The command rsautl was deprecated in version 3.0. Use 'pkeyutl' instead.
Could not read private key from tmp.dat
pkcs12: Use -help for summary.
The command rsautl was deprecated in version 3.0. Use 'pkeyutl' instead.
Could not read private key from tmp.dat
pkcs12: Use -help for summary.
The command rsautl was deprecated in version 3.0. Use 'pkeyutl' instead.
Could not read private key from tmp.dat
pkcs12: Use -help for summary.
The command rsautl was deprecated in version 3.0. Use 'pkeyutl' instead.
Could not read private key from tmp.dat
pkcs12: Use -help for summary.
The command rsautl was deprecated in version 3.0. Use 'pkeyutl' instead.
Could not read private key from tmp.dat
pkcs12: Use -help for summary.
The command rsautl was deprecated in version 3.0. Use 'pkeyutl' instead.
Could not read private key from tmp.dat
pkcs12: Use -help for summary.
The command rsautl was deprecated in version 3.0. Use 'pkeyutl' instead.
Could not read private key from tmp.dat
pkcs12: Use -help for summary.
The command rsautl was deprecated in version 3.0. Use 'pkeyutl' instead.
Could not read private key from tmp.dat
pkcs12: Use -help for summary.
The command rsautl was deprecated in version 3.0. Use 'pkeyutl' instead.
Could not read private key from tmp.dat
pkcs12: Use -help for summary.
The command rsautl was deprecated in version 3.0. Use 'pkeyutl' instead.
Could not read private key from tmp.dat
pkcs12: Use -help for summary.
The command rsautl was deprecated in version 3.0. Use 'pkeyutl' instead.
Could not read private key from tmp.dat
pkcs12: Use -help for summary.
The command rsautl was deprecated in version 3.0. Use 'pkeyutl' instead.
Could not read private key from tmp.dat
pkcs12: Use -help for summary.
The command rsautl was deprecated in version 3.0. Use 'pkeyutl' instead.
Could not read private key from tmp.dat
pkcs12: Use -help for summary.
The command rsautl was deprecated in version 3.0. Use 'pkeyutl' instead.
Could not read private key from tmp.dat
pkcs12: Use -help for summary.
The command rsautl was deprecated in version 3.0. Use 'pkeyutl' instead.
Could not read private key from tmp.dat
pkcs12: Use -help for summary.
The command rsautl was deprecated in version 3.0. Use 'pkeyutl' instead.
Could not read private key from tmp.dat
pkcs12: Use -help for summary.
The command rsautl was deprecated in version 3.0. Use 'pkeyutl' instead.
Could not read private key from tmp.dat
pkcs12: Use -help for summary.
The command rsautl was deprecated in version 3.0. Use 'pkeyutl' instead.
Could not read private key from tmp.dat
pkcs12: Use -help for summary.
The command rsautl was deprecated in version 3.0. Use 'pkeyutl' instead.
Could not read private key from tmp.dat
pkcs12: Use -help for summary.
The command rsautl was deprecated in version 3.0. Use 'pkeyutl' instead.
Could not read private key from tmp.dat
pkcs12: Use -help for summary.
The command rsautl was deprecated in version 3.0. Use 'pkeyutl' instead.
Could not read private key from tmp.dat
pkcs12: Use -help for summary.
The command rsautl was deprecated in version 3.0. Use 'pkeyutl' instead.
Could not read private key from tmp.dat
pkcs12: Use -help for summary.
The command rsautl was deprecated in version 3.0. Use 'pkeyutl' instead.
Could not read private key from tmp.dat
pkcs12: Use -help for summary.
The command rsautl was deprecated in version 3.0. Use 'pkeyutl' instead.
Could not read private key from tmp.dat
pkcs12: Use -help for summary.
The command rsautl was deprecated in version 3.0. Use 'pkeyutl' instead.
Could not read private key from tmp.dat
pkcs12: Use -help for summary.
The command rsautl was deprecated in version 3.0. Use 'pkeyutl' instead.
Could not read private key from tmp.dat
pkcs12: Use -help for summary.
The command rsautl was deprecated in version 3.0. Use 'pkeyutl' instead.
Could not read private key from tmp.dat
pkcs12: Use -help for summary.
The command rsautl was deprecated in version 3.0. Use 'pkeyutl' instead.
Could not read private key from tmp.dat
pkcs12: Use -help for summary.
The command rsautl was deprecated in version 3.0. Use 'pkeyutl' instead.
Could not read private key from tmp.dat
pkcs12: Use -help for summary.
The command rsautl was deprecated in version 3.0. Use 'pkeyutl' instead.
Could not read private key from tmp.dat
pkcs12: Use -help for summary.
The command rsautl was deprecated in version 3.0. Use 'pkeyutl' instead.
Could not read private key from tmp.dat
pkcs12: Use -help for summary.
The command rsautl was deprecated in version 3.0. Use 'pkeyutl' instead.
Could not read private key from tmp.dat
pkcs12: Use -help for summary.
The command rsautl was deprecated in version 3.0. Use 'pkeyutl' instead.
Could not read private key from tmp.dat
pkcs12: Use -help for summary.
The command rsautl was deprecated in version 3.0. Use 'pkeyutl' instead.
Could not read private key from tmp.dat
pkcs12: Use -help for summary.
The command rsautl was deprecated in version 3.0. Use 'pkeyutl' instead.
Could not read private key from tmp.dat
pkcs12: Use -help for summary.
The command rsautl was deprecated in version 3.0. Use 'pkeyutl' instead.
Could not read private key from tmp.dat
pkcs12: Use -help for summary.
The command rsautl was deprecated in version 3.0. Use 'pkeyutl' instead.
Could not read private key from tmp.dat
pkcs12: Use -help for summary.
The command rsautl was deprecated in version 3.0. Use 'pkeyutl' instead.
Could not read private key from tmp.dat
pkcs12: Use -help for summary.
The command rsautl was deprecated in version 3.0. Use 'pkeyutl' instead.
Could not read private key from tmp.dat
pkcs12: Use -help for summary.
The command rsautl was deprecated in version 3.0. Use 'pkeyutl' instead.
Could not read private key from tmp.dat
pkcs12: Use -help for summary.
The command rsautl was deprecated in version 3.0. Use 'pkeyutl' instead.
Could not read private key from tmp.dat
pkcs12: Use -help for summary.
The command rsautl was deprecated in version 3.0. Use 'pkeyutl' instead.
Could not read private key from tmp.dat
pkcs12: Use -help for summary.
The command rsautl was deprecated in version 3.0. Use 'pkeyutl' instead.
Could not read private key from tmp.dat
pkcs12: Use -help for summary.
The command rsautl was deprecated in version 3.0. Use 'pkeyutl' instead.
Could not read private key from tmp.dat
pkcs12: Use -help for summary.
The command rsautl was deprecated in version 3.0. Use 'pkeyutl' instead.
Could not read private key from tmp.dat
pkcs12: Use -help for summary.
The command rsautl was deprecated in version 3.0. Use 'pkeyutl' instead.
Could not read private key from tmp.dat
pkcs12: Use -help for summary.
The command rsautl was deprecated in version 3.0. Use 'pkeyutl' instead.
Could not read private key from tmp.dat
pkcs12: Use -help for summary.
The command rsautl was deprecated in version 3.0. Use 'pkeyutl' instead.
Could not read private key from tmp.dat
pkcs12: Use -help for summary.
The command rsautl was deprecated in version 3.0. Use 'pkeyutl' instead.
Could not read private key from tmp.dat
pkcs12: Use -help for summary.
The command rsautl was deprecated in version 3.0. Use 'pkeyutl' instead.
Could not read private key from tmp.dat
pkcs12: Use -help for summary.
The command rsautl was deprecated in version 3.0. Use 'pkeyutl' instead.
Could not read private key from tmp.dat
pkcs12: Use -help for summary.
The command rsautl was deprecated in version 3.0. Use 'pkeyutl' instead.
Could not read private key from tmp.dat
pkcs12: Use -help for summary.
The command rsautl was deprecated in version 3.0. Use 'pkeyutl' instead.
Could not read private key from tmp.dat
pkcs12: Use -help for summary.
The command rsautl was deprecated in version 3.0. Use 'pkeyutl' instead.
Could not read private key from tmp.dat
pkcs12: Use -help for summary.
The command rsautl was deprecated in version 3.0. Use 'pkeyutl' instead.
Could not read private key from tmp.dat
pkcs12: Use -help for summary.
The command rsautl was deprecated in version 3.0. Use 'pkeyutl' instead.
Could not read private key from tmp.dat
pkcs12: Use -help for summary.
The command rsautl was deprecated in version 3.0. Use 'pkeyutl' instead.
Could not read private key from tmp.dat
pkcs12: Use -help for summary.
The command rsautl was deprecated in version 3.0. Use 'pkeyutl' instead.
Could not read private key from tmp.dat
pkcs12: Use -help for summary.
The command rsautl was deprecated in version 3.0. Use 'pkeyutl' instead.
Could not read private key from tmp.dat
pkcs12: Use -help for summary.
The command rsautl was deprecated in version 3.0. Use 'pkeyutl' instead.
Could not read private key from tmp.dat
pkcs12: Use -help for summary.
The command rsautl was deprecated in version 3.0. Use 'pkeyutl' instead.
Could not read private key from tmp.dat
pkcs12: Use -help for summary.
The command rsautl was deprecated in version 3.0. Use 'pkeyutl' instead.
Could not read private key from tmp.dat
pkcs12: Use -help for summary.
The command rsautl was deprecated in version 3.0. Use 'pkeyutl' instead.
Could not read private key from tmp.dat
pkcs12: Use -help for summary.
The command rsautl was deprecated in version 3.0. Use 'pkeyutl' instead.
Could not read private key from tmp.dat
pkcs12: Use -help for summary.
The command rsautl was deprecated in version 3.0. Use 'pkeyutl' instead.
Could not read private key from tmp.dat
pkcs12: Use -help for summary.
The command rsautl was deprecated in version 3.0. Use 'pkeyutl' instead.
Could not read private key from tmp.dat
pkcs12: Use -help for summary.
The command rsautl was deprecated in version 3.0. Use 'pkeyutl' instead.
Could not read private key from tmp.dat
pkcs12: Use -help for summary.
The command rsautl was deprecated in version 3.0. Use 'pkeyutl' instead.
Could not read private key from tmp.dat
Invalid password argument, missing ':' within the first 5 chars
Error getting passwords
The command rsautl was deprecated in version 3.0. Use 'pkeyutl' instead.
Could not read private key from tmp.dat
Invalid password argument, missing ':' within the first 5 chars
Error getting passwords
The command rsautl was deprecated in version 3.0. Use 'pkeyutl' instead.
Could not read private key from tmp.dat
Invalid password argument, missing ':' within the first 5 chars
Error getting passwords
The command rsautl was deprecated in version 3.0. Use 'pkeyutl' instead.
Could not read private key from tmp.dat
Invalid password argument, missing ':' within the first 5 chars
Error getting passwords
The command rsautl was deprecated in version 3.0. Use 'pkeyutl' instead.
Could not read private key from tmp.dat
Invalid password argument, missing ':' within the first 5 chars
Error getting passwords
The command rsautl was deprecated in version 3.0. Use 'pkeyutl' instead.
Could not read private key from tmp.dat
Invalid password argument, missing ':' within the first 5 chars
Error getting passwords
The command rsautl was deprecated in version 3.0. Use 'pkeyutl' instead.
Could not read private key from tmp.dat
Invalid password argument, missing ':' within the first 5 chars
Error getting passwords
The command rsautl was deprecated in version 3.0. Use 'pkeyutl' instead.
Could not read private key from tmp.dat
Invalid password argument, missing ':' within the first 5 chars
Error getting passwords
The command rsautl was deprecated in version 3.0. Use 'pkeyutl' instead.
Could not read private key from tmp.dat
Invalid password argument, missing ':' within the first 5 chars
Error getting passwords
The command rsautl was deprecated in version 3.0. Use 'pkeyutl' instead.
Could not read private key from tmp.dat
Invalid password argument, missing ':' within the first 5 chars
Error getting passwords
The command rsautl was deprecated in version 3.0. Use 'pkeyutl' instead.
Could not read private key from tmp.dat
Invalid password argument, missing ':' within the first 5 chars
Error getting passwords
The command rsautl was deprecated in version 3.0. Use 'pkeyutl' instead.
Could not read private key from tmp.dat
Invalid password argument, missing ':' within the first 5 chars
Error getting passwords
The command rsautl was deprecated in version 3.0. Use 'pkeyutl' instead.
Could not read private key from tmp.dat
Invalid password argument, missing ':' within the first 5 chars
Error getting passwords
The command rsautl was deprecated in version 3.0. Use 'pkeyutl' instead.
Could not read private key from tmp.dat
Invalid password argument, missing ':' within the first 5 chars
Error getting passwords
The command rsautl was deprecated in version 3.0. Use 'pkeyutl' instead.
Could not read private key from tmp.dat
Invalid password argument, missing ':' within the first 5 chars
Error getting passwords
The command rsautl was deprecated in version 3.0. Use 'pkeyutl' instead.
Could not read private key from tmp.dat
Invalid password argument, missing ':' within the first 5 chars
Error getting passwords
The command rsautl was deprecated in version 3.0. Use 'pkeyutl' instead.
Could not read private key from tmp.dat
Invalid password argument, missing ':' within the first 5 chars
Error getting passwords
The command rsautl was deprecated in version 3.0. Use 'pkeyutl' instead.
Could not read private key from tmp.dat
Invalid password argument, missing ':' within the first 5 chars
Error getting passwords
The command rsautl was deprecated in version 3.0. Use 'pkeyutl' instead.
Could not read private key from tmp.dat
Invalid password argument, missing ':' within the first 5 chars
Error getting passwords
The command rsautl was deprecated in version 3.0. Use 'pkeyutl' instead.
Could not read private key from tmp.dat
Invalid password argument, missing ':' within the first 5 chars
Error getting passwords
The command rsautl was deprecated in version 3.0. Use 'pkeyutl' instead.
Could not read private key from tmp.dat
Invalid password argument, missing ':' within the first 5 chars
Error getting passwords
The command rsautl was deprecated in version 3.0. Use 'pkeyutl' instead.
Could not read private key from tmp.dat
Invalid password argument, missing ':' within the first 5 chars
Error getting passwords
The command rsautl was deprecated in version 3.0. Use 'pkeyutl' instead.
Could not read private key from tmp.dat
Invalid password argument, missing ':' within the first 5 chars
Error getting passwords
The command rsautl was deprecated in version 3.0. Use 'pkeyutl' instead.
Could not read private key from tmp.dat
Invalid password argument, missing ':' within the first 5 chars
Error getting passwords
The command rsautl was deprecated in version 3.0. Use 'pkeyutl' instead.
Could not read private key from tmp.dat
Invalid password argument, missing ':' within the first 5 chars
Error getting passwords
The command rsautl was deprecated in version 3.0. Use 'pkeyutl' instead.
Could not read private key from tmp.dat
Invalid password argument, missing ':' within the first 5 chars
Error getting passwords
The command rsautl was deprecated in version 3.0. Use 'pkeyutl' instead.
Could not read private key from tmp.dat
Invalid password argument, missing ':' within the first 5 chars
Error getting passwords
The command rsautl was deprecated in version 3.0. Use 'pkeyutl' instead.
Could not read private key from tmp.dat
Invalid password argument, missing ':' within the first 5 chars
Error getting passwords
The command rsautl was deprecated in version 3.0. Use 'pkeyutl' instead.
Could not read private key from tmp.dat
Invalid password argument, missing ':' within the first 5 chars
Error getting passwords
The command rsautl was deprecated in version 3.0. Use 'pkeyutl' instead.
Could not read private key from tmp.dat
Invalid password argument, missing ':' within the first 5 chars
Error getting passwords
The command rsautl was deprecated in version 3.0. Use 'pkeyutl' instead.
Could not read private key from tmp.dat
Invalid password argument, missing ':' within the first 5 chars
Error getting passwords
The command rsautl was deprecated in version 3.0. Use 'pkeyutl' instead.
Could not read private key from tmp.dat
Invalid password argument, missing ':' within the first 5 chars
Error getting passwords
The command rsautl was deprecated in version 3.0. Use 'pkeyutl' instead.
Could not read private key from tmp.dat
Invalid password argument, missing ':' within the first 5 chars
Error getting passwords
The command rsautl was deprecated in version 3.0. Use 'pkeyutl' instead.
Could not read private key from tmp.dat
Invalid password argument, missing ':' within the first 5 chars
Error getting passwords
The command rsautl was deprecated in version 3.0. Use 'pkeyutl' instead.
Could not read private key from tmp.dat
Invalid password argument, missing ':' within the first 5 chars
Error getting passwords
The command rsautl was deprecated in version 3.0. Use 'pkeyutl' instead.
Could not read private key from tmp.dat
Invalid password argument, missing ':' within the first 5 chars
Error getting passwords
The command rsautl was deprecated in version 3.0. Use 'pkeyutl' instead.
Could not read private key from tmp.dat
Invalid password argument, missing ':' within the first 5 chars
Error getting passwords
The command rsautl was deprecated in version 3.0. Use 'pkeyutl' instead.
Could not read private key from tmp.dat
Invalid password argument, missing ':' within the first 5 chars
Error getting passwords
The command rsautl was deprecated in version 3.0. Use 'pkeyutl' instead.
Could not read private key from tmp.dat
Invalid password argument, missing ':' within the first 5 chars
Error getting passwords
The command rsautl was deprecated in version 3.0. Use 'pkeyutl' instead.
Could not read private key from tmp.dat
Invalid password argument, missing ':' within the first 5 chars
Error getting passwords
The command rsautl was deprecated in version 3.0. Use 'pkeyutl' instead.
Could not read private key from tmp.dat
Invalid password argument, missing ':' within the first 5 chars
Error getting passwords
The command rsautl was deprecated in version 3.0. Use 'pkeyutl' instead.
Could not read private key from tmp.dat
Invalid password argument, missing ':' within the first 5 chars
Error getting passwords
The command rsautl was deprecated in version 3.0. Use 'pkeyutl' instead.
Could not read private key from tmp.dat
Invalid password argument, missing ':' within the first 5 chars
Error getting passwords
The command rsautl was deprecated in version 3.0. Use 'pkeyutl' instead.
Could not read private key from tmp.dat
Invalid password argument, missing ':' within the first 5 chars
Error getting passwords
The command rsautl was deprecated in version 3.0. Use 'pkeyutl' instead.
Could not read private key from tmp.dat
Invalid password argument, missing ':' within the first 5 chars
Error getting passwords
The command rsautl was deprecated in version 3.0. Use 'pkeyutl' instead.
Could not read private key from tmp.dat
Invalid password argument, missing ':' within the first 5 chars
Error getting passwords
The command rsautl was deprecated in version 3.0. Use 'pkeyutl' instead.
Could not read private key from tmp.dat
Invalid password argument, missing ':' within the first 5 chars
Error getting passwords
The command rsautl was deprecated in version 3.0. Use 'pkeyutl' instead.
Could not read private key from tmp.dat
Invalid password argument, missing ':' within the first 5 chars
Error getting passwords
The command rsautl was deprecated in version 3.0. Use 'pkeyutl' instead.
Could not read private key from tmp.dat
Invalid password argument, missing ':' within the first 5 chars
Error getting passwords
The command rsautl was deprecated in version 3.0. Use 'pkeyutl' instead.
Could not read private key from tmp.dat
Invalid password argument, missing ':' within the first 5 chars
Error getting passwords
The command rsautl was deprecated in version 3.0. Use 'pkeyutl' instead.
Could not read private key from tmp.dat
The command rsautl was deprecated in version 3.0. Use 'pkeyutl' instead.
The command rsautl was deprecated in version 3.0. Use 'pkeyutl' instead.
The command rsautl was deprecated in version 3.0. Use 'pkeyutl' instead.
The command rsautl was deprecated in version 3.0. Use 'pkeyutl' instead.
The command rsautl was deprecated in version 3.0. Use 'pkeyutl' instead.
The command rsautl was deprecated in version 3.0. Use 'pkeyutl' instead.
RSA operation error
4087ADF5CD780000:error:02000084:rsa routines:rsa_ossl_private_decrypt:data too large for modulus:../crypto/rsa/rsa_ossl.c:435:
The command rsautl was deprecated in version 3.0. Use 'pkeyutl' instead.
RSA operation error
40675C9AA9780000:error:02000084:rsa routines:rsa_ossl_private_decrypt:data too large for modulus:../crypto/rsa/rsa_ossl.c:435:
The command rsautl was deprecated in version 3.0. Use 'pkeyutl' instead.
RSA operation error
4027BD3778720000:error:02000084:rsa routines:rsa_ossl_private_decrypt:data too large for modulus:../crypto/rsa/rsa_ossl.c:435:
The command rsautl was deprecated in version 3.0. Use 'pkeyutl' instead.
RSA operation error
4037EC5258710000:error:02000084:rsa routines:rsa_ossl_private_decrypt:data too large for modulus:../crypto/rsa/rsa_ossl.c:435:
The command rsautl was deprecated in version 3.0. Use 'pkeyutl' instead.
The command rsautl was deprecated in version 3.0. Use 'pkeyutl' instead.
The command rsautl was deprecated in version 3.0. Use 'pkeyutl' instead.
The command rsautl was deprecated in version 3.0. Use 'pkeyutl' instead.
The command rsautl was deprecated in version 3.0. Use 'pkeyutl' instead.
RSA operation error
40D77A4AAA780000:error:02000084:rsa routines:rsa_ossl_private_decrypt:data too large for modulus:../crypto/rsa/rsa_ossl.c:435:
The command rsautl was deprecated in version 3.0. Use 'pkeyutl' instead.
The command rsautl was deprecated in version 3.0. Use 'pkeyutl' instead.
The command rsautl was deprecated in version 3.0. Use 'pkeyutl' instead.
The command rsautl was deprecated in version 3.0. Use 'pkeyutl' instead.
The command rsautl was deprecated in version 3.0. Use 'pkeyutl' instead.
The command rsautl was deprecated in version 3.0. Use 'pkeyutl' instead.
The command rsautl was deprecated in version 3.0. Use 'pkeyutl' instead.
The command rsautl was deprecated in version 3.0. Use 'pkeyutl' instead.
The command rsautl was deprecated in version 3.0. Use 'pkeyutl' instead.
The command rsautl was deprecated in version 3.0. Use 'pkeyutl' instead.
RSA operation error
406793B8F6780000:error:02000084:rsa routines:rsa_ossl_private_decrypt:data too large for modulus:../crypto/rsa/rsa_ossl.c:435:
The command rsautl was deprecated in version 3.0. Use 'pkeyutl' instead.
RSA operation error
40F7E982C17D0000:error:02000084:rsa routines:rsa_ossl_private_decrypt:data too large for modulus:../crypto/rsa/rsa_ossl.c:435:
The command rsautl was deprecated in version 3.0. Use 'pkeyutl' instead.
RSA operation error
40E7499324780000:error:02000084:rsa routines:rsa_ossl_private_decrypt:data too large for modulus:../crypto/rsa/rsa_ossl.c:435:
The command rsautl was deprecated in version 3.0. Use 'pkeyutl' instead.
The command rsautl was deprecated in version 3.0. Use 'pkeyutl' instead.
The command rsautl was deprecated in version 3.0. Use 'pkeyutl' instead.
The command rsautl was deprecated in version 3.0. Use 'pkeyutl' instead.
RSA operation error
40B73458E37B0000:error:02000084:rsa routines:rsa_ossl_private_decrypt:data too large for modulus:../crypto/rsa/rsa_ossl.c:435:
The command rsautl was deprecated in version 3.0. Use 'pkeyutl' instead.
The command rsautl was deprecated in version 3.0. Use 'pkeyutl' instead.
RSA operation error
40F74CD5F17A0000:error:02000084:rsa routines:rsa_ossl_private_decrypt:data too large for modulus:../crypto/rsa/rsa_ossl.c:435:
The command rsautl was deprecated in version 3.0. Use 'pkeyutl' instead.
The command rsautl was deprecated in version 3.0. Use 'pkeyutl' instead.
The command rsautl was deprecated in version 3.0. Use 'pkeyutl' instead.
The command rsautl was deprecated in version 3.0. Use 'pkeyutl' instead.
RSA operation error
40F7D00CA2760000:error:02000084:rsa routines:rsa_ossl_private_decrypt:data too large for modulus:../crypto/rsa/rsa_ossl.c:435:
The command rsautl was deprecated in version 3.0. Use 'pkeyutl' instead.
RSA operation error
40379EC8FD720000:error:02000084:rsa routines:rsa_ossl_private_decrypt:data too large for modulus:../crypto/rsa/rsa_ossl.c:435:
The command rsautl was deprecated in version 3.0. Use 'pkeyutl' instead.
RSA operation error
40E79C6BD47B0000:error:02000084:rsa routines:rsa_ossl_private_decrypt:data too large for modulus:../crypto/rsa/rsa_ossl.c:435:
The command rsautl was deprecated in version 3.0. Use 'pkeyutl' instead.
RSA operation error
40877A71C8780000:error:02000084:rsa routines:rsa_ossl_private_decrypt:data too large for modulus:../crypto/rsa/rsa_ossl.c:435:
The command rsautl was deprecated in version 3.0. Use 'pkeyutl' instead.
The command rsautl was deprecated in version 3.0. Use 'pkeyutl' instead.
RSA operation error
4077BBB12C790000:error:02000084:rsa routines:rsa_ossl_private_decrypt:data too large for modulus:../crypto/rsa/rsa_ossl.c:435:
The command rsautl was deprecated in version 3.0. Use 'pkeyutl' instead.
The command rsautl was deprecated in version 3.0. Use 'pkeyutl' instead.
The command rsautl was deprecated in version 3.0. Use 'pkeyutl' instead.
The command rsautl was deprecated in version 3.0. Use 'pkeyutl' instead.
The command rsautl was deprecated in version 3.0. Use 'pkeyutl' instead.
The command rsautl was deprecated in version 3.0. Use 'pkeyutl' instead.
The command rsautl was deprecated in version 3.0. Use 'pkeyutl' instead.
The command rsautl was deprecated in version 3.0. Use 'pkeyutl' instead.
The command rsautl was deprecated in version 3.0. Use 'pkeyutl' instead.
