Can't open "sifrat.dec" for reading, No such file or directory
40577DC8AA7D0000:error:80000002:system library:BIO_new_file:No such file or directory:../crypto/bio/bss_file.c:67:calling fopen(sifrat.dec, rb)
40577DC8AA7D0000:error:10000080:BIO routines:BIO_new_file:no such file:../crypto/bio/bss_file.c:75:
Can't open "tmp1.bin" for reading, No such file or directory
40B7C079E8750000:error:80000002:system library:BIO_new_file:No such file or directory:../crypto/bio/bss_file.c:67:calling fopen(tmp1.bin, rb)
40B7C079E8750000:error:10000080:BIO routines:BIO_new_file:no such file:../crypto/bio/bss_file.c:75:
Can't open "tmp2.bin" for reading, No such file or directory
40D7ABCCC5700000:error:80000002:system library:BIO_new_file:No such file or directory:../crypto/bio/bss_file.c:67:calling fopen(tmp2.bin, rb)
40D7ABCCC5700000:error:10000080:BIO routines:BIO_new_file:no such file:../crypto/bio/bss_file.c:75:
Can't open "sifrat.dec" for reading, No such file or directory
40575105FE780000:error:80000002:system library:BIO_new_file:No such file or directory:../crypto/bio/bss_file.c:67:calling fopen(sifrat.dec, rb)
40575105FE780000:error:10000080:BIO routines:BIO_new_file:no such file:../crypto/bio/bss_file.c:75:
Can't open "tmp1.bin" for reading, No such file or directory
4057D012437A0000:error:80000002:system library:BIO_new_file:No such file or directory:../crypto/bio/bss_file.c:67:calling fopen(tmp1.bin, rb)
4057D012437A0000:error:10000080:BIO routines:BIO_new_file:no such file:../crypto/bio/bss_file.c:75:
Can't open "tmp2.bin" for reading, No such file or directory
4057D0E3D1700000:error:80000002:system library:BIO_new_file:No such file or directory:../crypto/bio/bss_file.c:67:calling fopen(tmp2.bin, rb)
4057D0E3D1700000:error:10000080:BIO routines:BIO_new_file:no such file:../crypto/bio/bss_file.c:75:
Can't open "sifrat.dec" for reading, No such file or directory
40F75F6FB07E0000:error:80000002:system library:BIO_new_file:No such file or directory:../crypto/bio/bss_file.c:67:calling fopen(sifrat.dec, rb)
40F75F6FB07E0000:error:10000080:BIO routines:BIO_new_file:no such file:../crypto/bio/bss_file.c:75:
Can't open "tmp1.bin" for reading, No such file or directory
4017C63AF6700000:error:80000002:system library:BIO_new_file:No such file or directory:../crypto/bio/bss_file.c:67:calling fopen(tmp1.bin, rb)
4017C63AF6700000:error:10000080:BIO routines:BIO_new_file:no such file:../crypto/bio/bss_file.c:75:
Can't open "tmp2.bin" for reading, No such file or directory
401782553B7D0000:error:80000002:system library:BIO_new_file:No such file or directory:../crypto/bio/bss_file.c:67:calling fopen(tmp2.bin, rb)
401782553B7D0000:error:10000080:BIO routines:BIO_new_file:no such file:../crypto/bio/bss_file.c:75:
Can't open "sifrat.dec" for reading, No such file or directory
40676F11CE710000:error:80000002:system library:BIO_new_file:No such file or directory:../crypto/bio/bss_file.c:67:calling fopen(sifrat.dec, rb)
40676F11CE710000:error:10000080:BIO routines:BIO_new_file:no such file:../crypto/bio/bss_file.c:75:
Can't open "tmp1.bin" for reading, No such file or directory
40F73D6709710000:error:80000002:system library:BIO_new_file:No such file or directory:../crypto/bio/bss_file.c:67:calling fopen(tmp1.bin, rb)
40F73D6709710000:error:10000080:BIO routines:BIO_new_file:no such file:../crypto/bio/bss_file.c:75:
Can't open "tmp2.bin" for reading, No such file or directory
40C7F2027E7E0000:error:80000002:system library:BIO_new_file:No such file or directory:../crypto/bio/bss_file.c:67:calling fopen(tmp2.bin, rb)
40C7F2027E7E0000:error:10000080:BIO routines:BIO_new_file:no such file:../crypto/bio/bss_file.c:75:
Can't open "sifrat.dec" for reading, No such file or directory
406721E3E6730000:error:80000002:system library:BIO_new_file:No such file or directory:../crypto/bio/bss_file.c:67:calling fopen(sifrat.dec, rb)
406721E3E6730000:error:10000080:BIO routines:BIO_new_file:no such file:../crypto/bio/bss_file.c:75:
Can't open "tmp1.bin" for reading, No such file or directory
40D7D3E07F720000:error:80000002:system library:BIO_new_file:No such file or directory:../crypto/bio/bss_file.c:67:calling fopen(tmp1.bin, rb)
40D7D3E07F720000:error:10000080:BIO routines:BIO_new_file:no such file:../crypto/bio/bss_file.c:75:
Can't open "tmp2.bin" for reading, No such file or directory
4067BC9C58790000:error:80000002:system library:BIO_new_file:No such file or directory:../crypto/bio/bss_file.c:67:calling fopen(tmp2.bin, rb)
4067BC9C58790000:error:10000080:BIO routines:BIO_new_file:no such file:../crypto/bio/bss_file.c:75:
Can't open "sifrat.dec" for reading, No such file or directory
4067C40032700000:error:80000002:system library:BIO_new_file:No such file or directory:../crypto/bio/bss_file.c:67:calling fopen(sifrat.dec, rb)
4067C40032700000:error:10000080:BIO routines:BIO_new_file:no such file:../crypto/bio/bss_file.c:75:
Can't open "tmp1.bin" for reading, No such file or directory
4097777A9F7E0000:error:80000002:system library:BIO_new_file:No such file or directory:../crypto/bio/bss_file.c:67:calling fopen(tmp1.bin, rb)
4097777A9F7E0000:error:10000080:BIO routines:BIO_new_file:no such file:../crypto/bio/bss_file.c:75:
Can't open "tmp2.bin" for reading, No such file or directory
4087939260750000:error:80000002:system library:BIO_new_file:No such file or directory:../crypto/bio/bss_file.c:67:calling fopen(tmp2.bin, rb)
4087939260750000:error:10000080:BIO routines:BIO_new_file:no such file:../crypto/bio/bss_file.c:75:
Can't open "sifrat.dec" for reading, No such file or directory
40574CD31C710000:error:80000002:system library:BIO_new_file:No such file or directory:../crypto/bio/bss_file.c:67:calling fopen(sifrat.dec, rb)
40574CD31C710000:error:10000080:BIO routines:BIO_new_file:no such file:../crypto/bio/bss_file.c:75:
Can't open "tmp1.bin" for reading, No such file or directory
4077896C61710000:error:80000002:system library:BIO_new_file:No such file or directory:../crypto/bio/bss_file.c:67:calling fopen(tmp1.bin, rb)
4077896C61710000:error:10000080:BIO routines:BIO_new_file:no such file:../crypto/bio/bss_file.c:75:
Can't open "tmp2.bin" for reading, No such file or directory
4057B6E10F7F0000:error:80000002:system library:BIO_new_file:No such file or directory:../crypto/bio/bss_file.c:67:calling fopen(tmp2.bin, rb)
4057B6E10F7F0000:error:10000080:BIO routines:BIO_new_file:no such file:../crypto/bio/bss_file.c:75:
Can't open "sifrat.dec" for reading, No such file or directory
408761B450710000:error:80000002:system library:BIO_new_file:No such file or directory:../crypto/bio/bss_file.c:67:calling fopen(sifrat.dec, rb)
408761B450710000:error:10000080:BIO routines:BIO_new_file:no such file:../crypto/bio/bss_file.c:75:
Can't open "tmp1.bin" for reading, No such file or directory
40C74870AF7D0000:error:80000002:system library:BIO_new_file:No such file or directory:../crypto/bio/bss_file.c:67:calling fopen(tmp1.bin, rb)
40C74870AF7D0000:error:10000080:BIO routines:BIO_new_file:no such file:../crypto/bio/bss_file.c:75:
Can't open "tmp2.bin" for reading, No such file or directory
40D7BD2771720000:error:80000002:system library:BIO_new_file:No such file or directory:../crypto/bio/bss_file.c:67:calling fopen(tmp2.bin, rb)
40D7BD2771720000:error:10000080:BIO routines:BIO_new_file:no such file:../crypto/bio/bss_file.c:75:
Can't open "sifrat.dec" for reading, No such file or directory
40C70408107D0000:error:80000002:system library:BIO_new_file:No such file or directory:../crypto/bio/bss_file.c:67:calling fopen(sifrat.dec, rb)
40C70408107D0000:error:10000080:BIO routines:BIO_new_file:no such file:../crypto/bio/bss_file.c:75:
Can't open "tmp1.bin" for reading, No such file or directory
40B74123D67E0000:error:80000002:system library:BIO_new_file:No such file or directory:../crypto/bio/bss_file.c:67:calling fopen(tmp1.bin, rb)
40B74123D67E0000:error:10000080:BIO routines:BIO_new_file:no such file:../crypto/bio/bss_file.c:75:
Can't open "tmp2.bin" for reading, No such file or directory
4007FB79C1770000:error:80000002:system library:BIO_new_file:No such file or directory:../crypto/bio/bss_file.c:67:calling fopen(tmp2.bin, rb)
4007FB79C1770000:error:10000080:BIO routines:BIO_new_file:no such file:../crypto/bio/bss_file.c:75:
Can't open "sifrat.dec" for reading, No such file or directory
40072D1A127F0000:error:80000002:system library:BIO_new_file:No such file or directory:../crypto/bio/bss_file.c:67:calling fopen(sifrat.dec, rb)
40072D1A127F0000:error:10000080:BIO routines:BIO_new_file:no such file:../crypto/bio/bss_file.c:75:
Can't open "tmp1.bin" for reading, No such file or directory
40779B5098700000:error:80000002:system library:BIO_new_file:No such file or directory:../crypto/bio/bss_file.c:67:calling fopen(tmp1.bin, rb)
40779B5098700000:error:10000080:BIO routines:BIO_new_file:no such file:../crypto/bio/bss_file.c:75:
Can't open "tmp2.bin" for reading, No such file or directory
40E71CB6E4730000:error:80000002:system library:BIO_new_file:No such file or directory:../crypto/bio/bss_file.c:67:calling fopen(tmp2.bin, rb)
40E71CB6E4730000:error:10000080:BIO routines:BIO_new_file:no such file:../crypto/bio/bss_file.c:75:
Can't open "sifrat.dec" for reading, No such file or directory
400798D9727E0000:error:80000002:system library:BIO_new_file:No such file or directory:../crypto/bio/bss_file.c:67:calling fopen(sifrat.dec, rb)
400798D9727E0000:error:10000080:BIO routines:BIO_new_file:no such file:../crypto/bio/bss_file.c:75:
Can't open "tmp1.bin" for reading, No such file or directory
40078DDF7F720000:error:80000002:system library:BIO_new_file:No such file or directory:../crypto/bio/bss_file.c:67:calling fopen(tmp1.bin, rb)
40078DDF7F720000:error:10000080:BIO routines:BIO_new_file:no such file:../crypto/bio/bss_file.c:75:
Can't open "tmp2.bin" for reading, No such file or directory
40173A3E45770000:error:80000002:system library:BIO_new_file:No such file or directory:../crypto/bio/bss_file.c:67:calling fopen(tmp2.bin, rb)
40173A3E45770000:error:10000080:BIO routines:BIO_new_file:no such file:../crypto/bio/bss_file.c:75:
Can't open "sifrat.dec" for reading, No such file or directory
4047942561770000:error:80000002:system library:BIO_new_file:No such file or directory:../crypto/bio/bss_file.c:67:calling fopen(sifrat.dec, rb)
4047942561770000:error:10000080:BIO routines:BIO_new_file:no such file:../crypto/bio/bss_file.c:75:
Can't open "tmp1.bin" for reading, No such file or directory
4027D06525780000:error:80000002:system library:BIO_new_file:No such file or directory:../crypto/bio/bss_file.c:67:calling fopen(tmp1.bin, rb)
4027D06525780000:error:10000080:BIO routines:BIO_new_file:no such file:../crypto/bio/bss_file.c:75:
Can't open "tmp2.bin" for reading, No such file or directory
40D7791A29710000:error:80000002:system library:BIO_new_file:No such file or directory:../crypto/bio/bss_file.c:67:calling fopen(tmp2.bin, rb)
40D7791A29710000:error:10000080:BIO routines:BIO_new_file:no such file:../crypto/bio/bss_file.c:75:
Can't open "sifrat.dec" for reading, No such file or directory
407793C07B7C0000:error:80000002:system library:BIO_new_file:No such file or directory:../crypto/bio/bss_file.c:67:calling fopen(sifrat.dec, rb)
407793C07B7C0000:error:10000080:BIO routines:BIO_new_file:no such file:../crypto/bio/bss_file.c:75:
Can't open "tmp1.bin" for reading, No such file or directory
40F79E5573780000:error:80000002:system library:BIO_new_file:No such file or directory:../crypto/bio/bss_file.c:67:calling fopen(tmp1.bin, rb)
40F79E5573780000:error:10000080:BIO routines:BIO_new_file:no such file:../crypto/bio/bss_file.c:75:
Can't open "tmp2.bin" for reading, No such file or directory
40572D9EDD7A0000:error:80000002:system library:BIO_new_file:No such file or directory:../crypto/bio/bss_file.c:67:calling fopen(tmp2.bin, rb)
40572D9EDD7A0000:error:10000080:BIO routines:BIO_new_file:no such file:../crypto/bio/bss_file.c:75:
Can't open "sifrat.dec" for reading, No such file or directory
40678D90627C0000:error:80000002:system library:BIO_new_file:No such file or directory:../crypto/bio/bss_file.c:67:calling fopen(sifrat.dec, rb)
40678D90627C0000:error:10000080:BIO routines:BIO_new_file:no such file:../crypto/bio/bss_file.c:75:
Can't open "tmp1.bin" for reading, No such file or directory
4067ED0EE3760000:error:80000002:system library:BIO_new_file:No such file or directory:../crypto/bio/bss_file.c:67:calling fopen(tmp1.bin, rb)
4067ED0EE3760000:error:10000080:BIO routines:BIO_new_file:no such file:../crypto/bio/bss_file.c:75:
Can't open "tmp2.bin" for reading, No such file or directory
40E7088881710000:error:80000002:system library:BIO_new_file:No such file or directory:../crypto/bio/bss_file.c:67:calling fopen(tmp2.bin, rb)
40E7088881710000:error:10000080:BIO routines:BIO_new_file:no such file:../crypto/bio/bss_file.c:75:
Can't open "sifrat.dec" for reading, No such file or directory
4037D9B8F1780000:error:80000002:system library:BIO_new_file:No such file or directory:../crypto/bio/bss_file.c:67:calling fopen(sifrat.dec, rb)
4037D9B8F1780000:error:10000080:BIO routines:BIO_new_file:no such file:../crypto/bio/bss_file.c:75:
Can't open "tmp1.bin" for reading, No such file or directory
40176E76107A0000:error:80000002:system library:BIO_new_file:No such file or directory:../crypto/bio/bss_file.c:67:calling fopen(tmp1.bin, rb)
40176E76107A0000:error:10000080:BIO routines:BIO_new_file:no such file:../crypto/bio/bss_file.c:75:
Can't open "tmp2.bin" for reading, No such file or directory
404702B13E7D0000:error:80000002:system library:BIO_new_file:No such file or directory:../crypto/bio/bss_file.c:67:calling fopen(tmp2.bin, rb)
404702B13E7D0000:error:10000080:BIO routines:BIO_new_file:no such file:../crypto/bio/bss_file.c:75:
Can't open "sifrat.dec" for reading, No such file or directory
40575B2D397B0000:error:80000002:system library:BIO_new_file:No such file or directory:../crypto/bio/bss_file.c:67:calling fopen(sifrat.dec, rb)
40575B2D397B0000:error:10000080:BIO routines:BIO_new_file:no such file:../crypto/bio/bss_file.c:75:
Can't open "tmp1.bin" for reading, No such file or directory
40D7F2F2DD7D0000:error:80000002:system library:BIO_new_file:No such file or directory:../crypto/bio/bss_file.c:67:calling fopen(tmp1.bin, rb)
40D7F2F2DD7D0000:error:10000080:BIO routines:BIO_new_file:no such file:../crypto/bio/bss_file.c:75:
Can't open "tmp2.bin" for reading, No such file or directory
405738D8387C0000:error:80000002:system library:BIO_new_file:No such file or directory:../crypto/bio/bss_file.c:67:calling fopen(tmp2.bin, rb)
405738D8387C0000:error:10000080:BIO routines:BIO_new_file:no such file:../crypto/bio/bss_file.c:75:
Can't open "sifrat.dec" for reading, No such file or directory
40F79211207D0000:error:80000002:system library:BIO_new_file:No such file or directory:../crypto/bio/bss_file.c:67:calling fopen(sifrat.dec, rb)
40F79211207D0000:error:10000080:BIO routines:BIO_new_file:no such file:../crypto/bio/bss_file.c:75:
Can't open "tmp1.bin" for reading, No such file or directory
4037A2C695740000:error:80000002:system library:BIO_new_file:No such file or directory:../crypto/bio/bss_file.c:67:calling fopen(tmp1.bin, rb)
4037A2C695740000:error:10000080:BIO routines:BIO_new_file:no such file:../crypto/bio/bss_file.c:75:
Can't open "tmp2.bin" for reading, No such file or directory
40F7273F05710000:error:80000002:system library:BIO_new_file:No such file or directory:../crypto/bio/bss_file.c:67:calling fopen(tmp2.bin, rb)
40F7273F05710000:error:10000080:BIO routines:BIO_new_file:no such file:../crypto/bio/bss_file.c:75:
Can't open "sifrat.dec" for reading, No such file or directory
40174936F17F0000:error:80000002:system library:BIO_new_file:No such file or directory:../crypto/bio/bss_file.c:67:calling fopen(sifrat.dec, rb)
40174936F17F0000:error:10000080:BIO routines:BIO_new_file:no such file:../crypto/bio/bss_file.c:75:
Can't open "tmp1.bin" for reading, No such file or directory
40B71B5FB5720000:error:80000002:system library:BIO_new_file:No such file or directory:../crypto/bio/bss_file.c:67:calling fopen(tmp1.bin, rb)
40B71B5FB5720000:error:10000080:BIO routines:BIO_new_file:no such file:../crypto/bio/bss_file.c:75:
Can't open "tmp2.bin" for reading, No such file or directory
4097E24B4F780000:error:80000002:system library:BIO_new_file:No such file or directory:../crypto/bio/bss_file.c:67:calling fopen(tmp2.bin, rb)
4097E24B4F780000:error:10000080:BIO routines:BIO_new_file:no such file:../crypto/bio/bss_file.c:75:
Can't open "sifrat.dec" for reading, No such file or directory
40F764BB367E0000:error:80000002:system library:BIO_new_file:No such file or directory:../crypto/bio/bss_file.c:67:calling fopen(sifrat.dec, rb)
40F764BB367E0000:error:10000080:BIO routines:BIO_new_file:no such file:../crypto/bio/bss_file.c:75:
Can't open "tmp1.bin" for reading, No such file or directory
4037211768780000:error:80000002:system library:BIO_new_file:No such file or directory:../crypto/bio/bss_file.c:67:calling fopen(tmp1.bin, rb)
4037211768780000:error:10000080:BIO routines:BIO_new_file:no such file:../crypto/bio/bss_file.c:75:
Can't open "tmp2.bin" for reading, No such file or directory
4087981AA9750000:error:80000002:system library:BIO_new_file:No such file or directory:../crypto/bio/bss_file.c:67:calling fopen(tmp2.bin, rb)
4087981AA9750000:error:10000080:BIO routines:BIO_new_file:no such file:../crypto/bio/bss_file.c:75:
Can't open "sifrat.dec" for reading, No such file or directory
40C7185BA5750000:error:80000002:system library:BIO_new_file:No such file or directory:../crypto/bio/bss_file.c:67:calling fopen(sifrat.dec, rb)
40C7185BA5750000:error:10000080:BIO routines:BIO_new_file:no such file:../crypto/bio/bss_file.c:75:
Can't open "tmp1.bin" for reading, No such file or directory
40377F4292700000:error:80000002:system library:BIO_new_file:No such file or directory:../crypto/bio/bss_file.c:67:calling fopen(tmp1.bin, rb)
40377F4292700000:error:10000080:BIO routines:BIO_new_file:no such file:../crypto/bio/bss_file.c:75:
Can't open "tmp2.bin" for reading, No such file or directory
40175AD3F1770000:error:80000002:system library:BIO_new_file:No such file or directory:../crypto/bio/bss_file.c:67:calling fopen(tmp2.bin, rb)
40175AD3F1770000:error:10000080:BIO routines:BIO_new_file:no such file:../crypto/bio/bss_file.c:75:
Can't open "sifrat.dec" for reading, No such file or directory
40473FB5E17B0000:error:80000002:system library:BIO_new_file:No such file or directory:../crypto/bio/bss_file.c:67:calling fopen(sifrat.dec, rb)
40473FB5E17B0000:error:10000080:BIO routines:BIO_new_file:no such file:../crypto/bio/bss_file.c:75:
Can't open "tmp1.bin" for reading, No such file or directory
4077E9F983700000:error:80000002:system library:BIO_new_file:No such file or directory:../crypto/bio/bss_file.c:67:calling fopen(tmp1.bin, rb)
4077E9F983700000:error:10000080:BIO routines:BIO_new_file:no such file:../crypto/bio/bss_file.c:75:
Can't open "tmp2.bin" for reading, No such file or directory
408750BB65700000:error:80000002:system library:BIO_new_file:No such file or directory:../crypto/bio/bss_file.c:67:calling fopen(tmp2.bin, rb)
408750BB65700000:error:10000080:BIO routines:BIO_new_file:no such file:../crypto/bio/bss_file.c:75:
Can't open "sifrat.dec" for reading, No such file or directory
40A792FDDC7B0000:error:80000002:system library:BIO_new_file:No such file or directory:../crypto/bio/bss_file.c:67:calling fopen(sifrat.dec, rb)
40A792FDDC7B0000:error:10000080:BIO routines:BIO_new_file:no such file:../crypto/bio/bss_file.c:75:
Can't open "tmp1.bin" for reading, No such file or directory
4067AA0AEA760000:error:80000002:system library:BIO_new_file:No such file or directory:../crypto/bio/bss_file.c:67:calling fopen(tmp1.bin, rb)
4067AA0AEA760000:error:10000080:BIO routines:BIO_new_file:no such file:../crypto/bio/bss_file.c:75:
Can't open "tmp2.bin" for reading, No such file or directory
40F764F37F700000:error:80000002:system library:BIO_new_file:No such file or directory:../crypto/bio/bss_file.c:67:calling fopen(tmp2.bin, rb)
40F764F37F700000:error:10000080:BIO routines:BIO_new_file:no such file:../crypto/bio/bss_file.c:75:
Can't open "sifrat.dec" for reading, No such file or directory
402735B5D1720000:error:80000002:system library:BIO_new_file:No such file or directory:../crypto/bio/bss_file.c:67:calling fopen(sifrat.dec, rb)
402735B5D1720000:error:10000080:BIO routines:BIO_new_file:no such file:../crypto/bio/bss_file.c:75:
Can't open "tmp1.bin" for reading, No such file or directory
4077854E1C730000:error:80000002:system library:BIO_new_file:No such file or directory:../crypto/bio/bss_file.c:67:calling fopen(tmp1.bin, rb)
4077854E1C730000:error:10000080:BIO routines:BIO_new_file:no such file:../crypto/bio/bss_file.c:75:
Can't open "tmp2.bin" for reading, No such file or directory
4007D38552700000:error:80000002:system library:BIO_new_file:No such file or directory:../crypto/bio/bss_file.c:67:calling fopen(tmp2.bin, rb)
4007D38552700000:error:10000080:BIO routines:BIO_new_file:no such file:../crypto/bio/bss_file.c:75:
Can't open "sifrat.dec" for reading, No such file or directory
40A75DD903770000:error:80000002:system library:BIO_new_file:No such file or directory:../crypto/bio/bss_file.c:67:calling fopen(sifrat.dec, rb)
40A75DD903770000:error:10000080:BIO routines:BIO_new_file:no such file:../crypto/bio/bss_file.c:75:
Can't open "tmp1.bin" for reading, No such file or directory
402793D57A7A0000:error:80000002:system library:BIO_new_file:No such file or directory:../crypto/bio/bss_file.c:67:calling fopen(tmp1.bin, rb)
402793D57A7A0000:error:10000080:BIO routines:BIO_new_file:no such file:../crypto/bio/bss_file.c:75:
Can't open "tmp2.bin" for reading, No such file or directory
4037F98318700000:error:80000002:system library:BIO_new_file:No such file or directory:../crypto/bio/bss_file.c:67:calling fopen(tmp2.bin, rb)
4037F98318700000:error:10000080:BIO routines:BIO_new_file:no such file:../crypto/bio/bss_file.c:75:
Can't open "sifrat.dec" for reading, No such file or directory
4037A5001B7C0000:error:80000002:system library:BIO_new_file:No such file or directory:../crypto/bio/bss_file.c:67:calling fopen(sifrat.dec, rb)
4037A5001B7C0000:error:10000080:BIO routines:BIO_new_file:no such file:../crypto/bio/bss_file.c:75:
Can't open "tmp1.bin" for reading, No such file or directory
40F7743F22770000:error:80000002:system library:BIO_new_file:No such file or directory:../crypto/bio/bss_file.c:67:calling fopen(tmp1.bin, rb)
40F7743F22770000:error:10000080:BIO routines:BIO_new_file:no such file:../crypto/bio/bss_file.c:75:
Can't open "tmp2.bin" for reading, No such file or directory
40A70EBE95730000:error:80000002:system library:BIO_new_file:No such file or directory:../crypto/bio/bss_file.c:67:calling fopen(tmp2.bin, rb)
40A70EBE95730000:error:10000080:BIO routines:BIO_new_file:no such file:../crypto/bio/bss_file.c:75:
Can't open "sifrat.dec" for reading, No such file or directory
40A76F92AD7D0000:error:80000002:system library:BIO_new_file:No such file or directory:../crypto/bio/bss_file.c:67:calling fopen(sifrat.dec, rb)
40A76F92AD7D0000:error:10000080:BIO routines:BIO_new_file:no such file:../crypto/bio/bss_file.c:75:
Can't open "tmp1.bin" for reading, No such file or directory
401743D0B37A0000:error:80000002:system library:BIO_new_file:No such file or directory:../crypto/bio/bss_file.c:67:calling fopen(tmp1.bin, rb)
401743D0B37A0000:error:10000080:BIO routines:BIO_new_file:no such file:../crypto/bio/bss_file.c:75:
Can't open "tmp2.bin" for reading, No such file or directory
40F7AD35E2700000:error:80000002:system library:BIO_new_file:No such file or directory:../crypto/bio/bss_file.c:67:calling fopen(tmp2.bin, rb)
40F7AD35E2700000:error:10000080:BIO routines:BIO_new_file:no such file:../crypto/bio/bss_file.c:75:
Can't open "sifrat.dec" for reading, No such file or directory
40F718C5F4770000:error:80000002:system library:BIO_new_file:No such file or directory:../crypto/bio/bss_file.c:67:calling fopen(sifrat.dec, rb)
40F718C5F4770000:error:10000080:BIO routines:BIO_new_file:no such file:../crypto/bio/bss_file.c:75:
Can't open "tmp1.bin" for reading, No such file or directory
40E78C0F6B710000:error:80000002:system library:BIO_new_file:No such file or directory:../crypto/bio/bss_file.c:67:calling fopen(tmp1.bin, rb)
40E78C0F6B710000:error:10000080:BIO routines:BIO_new_file:no such file:../crypto/bio/bss_file.c:75:
Can't open "tmp2.bin" for reading, No such file or directory
40C7501B1D760000:error:80000002:system library:BIO_new_file:No such file or directory:../crypto/bio/bss_file.c:67:calling fopen(tmp2.bin, rb)
40C7501B1D760000:error:10000080:BIO routines:BIO_new_file:no such file:../crypto/bio/bss_file.c:75:
Can't open "sifrat.dec" for reading, No such file or directory
40677465D47B0000:error:80000002:system library:BIO_new_file:No such file or directory:../crypto/bio/bss_file.c:67:calling fopen(sifrat.dec, rb)
40677465D47B0000:error:10000080:BIO routines:BIO_new_file:no such file:../crypto/bio/bss_file.c:75:
Can't open "tmp1.bin" for reading, No such file or directory
40175A7B7C7C0000:error:80000002:system library:BIO_new_file:No such file or directory:../crypto/bio/bss_file.c:67:calling fopen(tmp1.bin, rb)
40175A7B7C7C0000:error:10000080:BIO routines:BIO_new_file:no such file:../crypto/bio/bss_file.c:75:
Can't open "tmp2.bin" for reading, No such file or directory
4007583BDC7E0000:error:80000002:system library:BIO_new_file:No such file or directory:../crypto/bio/bss_file.c:67:calling fopen(tmp2.bin, rb)
4007583BDC7E0000:error:10000080:BIO routines:BIO_new_file:no such file:../crypto/bio/bss_file.c:75:
Can't open "sifrat.dec" for reading, No such file or directory
402720BC9E700000:error:80000002:system library:BIO_new_file:No such file or directory:../crypto/bio/bss_file.c:67:calling fopen(sifrat.dec, rb)
402720BC9E700000:error:10000080:BIO routines:BIO_new_file:no such file:../crypto/bio/bss_file.c:75:
Can't open "tmp1.bin" for reading, No such file or directory
407744AA21750000:error:80000002:system library:BIO_new_file:No such file or directory:../crypto/bio/bss_file.c:67:calling fopen(tmp1.bin, rb)
407744AA21750000:error:10000080:BIO routines:BIO_new_file:no such file:../crypto/bio/bss_file.c:75:
Can't open "tmp2.bin" for reading, No such file or directory
4057FC95C7780000:error:80000002:system library:BIO_new_file:No such file or directory:../crypto/bio/bss_file.c:67:calling fopen(tmp2.bin, rb)
4057FC95C7780000:error:10000080:BIO routines:BIO_new_file:no such file:../crypto/bio/bss_file.c:75:
Can't open "sifrat.dec" for reading, No such file or directory
407730DB1E7C0000:error:80000002:system library:BIO_new_file:No such file or directory:../crypto/bio/bss_file.c:67:calling fopen(sifrat.dec, rb)
407730DB1E7C0000:error:10000080:BIO routines:BIO_new_file:no such file:../crypto/bio/bss_file.c:75:
Can't open "tmp1.bin" for reading, No such file or directory
4007B0F50D7A0000:error:80000002:system library:BIO_new_file:No such file or directory:../crypto/bio/bss_file.c:67:calling fopen(tmp1.bin, rb)
4007B0F50D7A0000:error:10000080:BIO routines:BIO_new_file:no such file:../crypto/bio/bss_file.c:75:
Can't open "tmp2.bin" for reading, No such file or directory
403792F088750000:error:80000002:system library:BIO_new_file:No such file or directory:../crypto/bio/bss_file.c:67:calling fopen(tmp2.bin, rb)
403792F088750000:error:10000080:BIO routines:BIO_new_file:no such file:../crypto/bio/bss_file.c:75:
Can't open "sifrat.dec" for reading, No such file or directory
40A7D8F0AE7F0000:error:80000002:system library:BIO_new_file:No such file or directory:../crypto/bio/bss_file.c:67:calling fopen(sifrat.dec, rb)
40A7D8F0AE7F0000:error:10000080:BIO routines:BIO_new_file:no such file:../crypto/bio/bss_file.c:75:
Can't open "tmp1.bin" for reading, No such file or directory
40F72C1D62730000:error:80000002:system library:BIO_new_file:No such file or directory:../crypto/bio/bss_file.c:67:calling fopen(tmp1.bin, rb)
40F72C1D62730000:error:10000080:BIO routines:BIO_new_file:no such file:../crypto/bio/bss_file.c:75:
Can't open "tmp2.bin" for reading, No such file or directory
4027540EAA7F0000:error:80000002:system library:BIO_new_file:No such file or directory:../crypto/bio/bss_file.c:67:calling fopen(tmp2.bin, rb)
4027540EAA7F0000:error:10000080:BIO routines:BIO_new_file:no such file:../crypto/bio/bss_file.c:75:
Can't open "sifrat.dec" for reading, No such file or directory
404719AA8B7B0000:error:80000002:system library:BIO_new_file:No such file or directory:../crypto/bio/bss_file.c:67:calling fopen(sifrat.dec, rb)
404719AA8B7B0000:error:10000080:BIO routines:BIO_new_file:no such file:../crypto/bio/bss_file.c:75:
Can't open "tmp1.bin" for reading, No such file or directory
4057823C0B720000:error:80000002:system library:BIO_new_file:No such file or directory:../crypto/bio/bss_file.c:67:calling fopen(tmp1.bin, rb)
4057823C0B720000:error:10000080:BIO routines:BIO_new_file:no such file:../crypto/bio/bss_file.c:75:
Can't open "tmp2.bin" for reading, No such file or directory
40A7C3B25E770000:error:80000002:system library:BIO_new_file:No such file or directory:../crypto/bio/bss_file.c:67:calling fopen(tmp2.bin, rb)
40A7C3B25E770000:error:10000080:BIO routines:BIO_new_file:no such file:../crypto/bio/bss_file.c:75:
Can't open "sifrat.dec" for reading, No such file or directory
40C76FC531750000:error:80000002:system library:BIO_new_file:No such file or directory:../crypto/bio/bss_file.c:67:calling fopen(sifrat.dec, rb)
40C76FC531750000:error:10000080:BIO routines:BIO_new_file:no such file:../crypto/bio/bss_file.c:75:
Can't open "tmp1.bin" for reading, No such file or directory
40E7C5D1A1730000:error:80000002:system library:BIO_new_file:No such file or directory:../crypto/bio/bss_file.c:67:calling fopen(tmp1.bin, rb)
40E7C5D1A1730000:error:10000080:BIO routines:BIO_new_file:no such file:../crypto/bio/bss_file.c:75:
Can't open "tmp2.bin" for reading, No such file or directory
40C7A72F217D0000:error:80000002:system library:BIO_new_file:No such file or directory:../crypto/bio/bss_file.c:67:calling fopen(tmp2.bin, rb)
40C7A72F217D0000:error:10000080:BIO routines:BIO_new_file:no such file:../crypto/bio/bss_file.c:75:
Can't open "sifrat.dec" for reading, No such file or directory
4057D88607740000:error:80000002:system library:BIO_new_file:No such file or directory:../crypto/bio/bss_file.c:67:calling fopen(sifrat.dec, rb)
4057D88607740000:error:10000080:BIO routines:BIO_new_file:no such file:../crypto/bio/bss_file.c:75:
Can't open "tmp1.bin" for reading, No such file or directory
40E76C076A760000:error:80000002:system library:BIO_new_file:No such file or directory:../crypto/bio/bss_file.c:67:calling fopen(tmp1.bin, rb)
40E76C076A760000:error:10000080:BIO routines:BIO_new_file:no such file:../crypto/bio/bss_file.c:75:
Can't open "tmp2.bin" for reading, No such file or directory
4087A3B2D57A0000:error:80000002:system library:BIO_new_file:No such file or directory:../crypto/bio/bss_file.c:67:calling fopen(tmp2.bin, rb)
4087A3B2D57A0000:error:10000080:BIO routines:BIO_new_file:no such file:../crypto/bio/bss_file.c:75:
Can't open "sifrat.dec" for reading, No such file or directory
40E7DD01BA7D0000:error:80000002:system library:BIO_new_file:No such file or directory:../crypto/bio/bss_file.c:67:calling fopen(sifrat.dec, rb)
40E7DD01BA7D0000:error:10000080:BIO routines:BIO_new_file:no such file:../crypto/bio/bss_file.c:75:
Can't open "tmp1.bin" for reading, No such file or directory
40B7F4E2BE750000:error:80000002:system library:BIO_new_file:No such file or directory:../crypto/bio/bss_file.c:67:calling fopen(tmp1.bin, rb)
40B7F4E2BE750000:error:10000080:BIO routines:BIO_new_file:no such file:../crypto/bio/bss_file.c:75:
Can't open "tmp2.bin" for reading, No such file or directory
4077A4543A7B0000:error:80000002:system library:BIO_new_file:No such file or directory:../crypto/bio/bss_file.c:67:calling fopen(tmp2.bin, rb)
4077A4543A7B0000:error:10000080:BIO routines:BIO_new_file:no such file:../crypto/bio/bss_file.c:75:
Can't open "sifrat.dec" for reading, No such file or directory
40775F8F767C0000:error:80000002:system library:BIO_new_file:No such file or directory:../crypto/bio/bss_file.c:67:calling fopen(sifrat.dec, rb)
40775F8F767C0000:error:10000080:BIO routines:BIO_new_file:no such file:../crypto/bio/bss_file.c:75:
Can't open "tmp1.bin" for reading, No such file or directory
4047EACCE3720000:error:80000002:system library:BIO_new_file:No such file or directory:../crypto/bio/bss_file.c:67:calling fopen(tmp1.bin, rb)
4047EACCE3720000:error:10000080:BIO routines:BIO_new_file:no such file:../crypto/bio/bss_file.c:75:
Can't open "tmp2.bin" for reading, No such file or directory
40B7F53AD6760000:error:80000002:system library:BIO_new_file:No such file or directory:../crypto/bio/bss_file.c:67:calling fopen(tmp2.bin, rb)
40B7F53AD6760000:error:10000080:BIO routines:BIO_new_file:no such file:../crypto/bio/bss_file.c:75:
Can't open "sifrat.dec" for reading, No such file or directory
40E72E67E2760000:error:80000002:system library:BIO_new_file:No such file or directory:../crypto/bio/bss_file.c:67:calling fopen(sifrat.dec, rb)
40E72E67E2760000:error:10000080:BIO routines:BIO_new_file:no such file:../crypto/bio/bss_file.c:75:
Can't open "tmp1.bin" for reading, No such file or directory
40B742973C7F0000:error:80000002:system library:BIO_new_file:No such file or directory:../crypto/bio/bss_file.c:67:calling fopen(tmp1.bin, rb)
40B742973C7F0000:error:10000080:BIO routines:BIO_new_file:no such file:../crypto/bio/bss_file.c:75:
Can't open "tmp2.bin" for reading, No such file or directory
40A797FDE4750000:error:80000002:system library:BIO_new_file:No such file or directory:../crypto/bio/bss_file.c:67:calling fopen(tmp2.bin, rb)
40A797FDE4750000:error:10000080:BIO routines:BIO_new_file:no such file:../crypto/bio/bss_file.c:75:
Can't open "sifrat.dec" for reading, No such file or directory
404717CEF2790000:error:80000002:system library:BIO_new_file:No such file or directory:../crypto/bio/bss_file.c:67:calling fopen(sifrat.dec, rb)
404717CEF2790000:error:10000080:BIO routines:BIO_new_file:no such file:../crypto/bio/bss_file.c:75:
Can't open "tmp1.bin" for reading, No such file or directory
40470C8117730000:error:80000002:system library:BIO_new_file:No such file or directory:../crypto/bio/bss_file.c:67:calling fopen(tmp1.bin, rb)
40470C8117730000:error:10000080:BIO routines:BIO_new_file:no such file:../crypto/bio/bss_file.c:75:
Can't open "tmp2.bin" for reading, No such file or directory
40F7E221167E0000:error:80000002:system library:BIO_new_file:No such file or directory:../crypto/bio/bss_file.c:67:calling fopen(tmp2.bin, rb)
40F7E221167E0000:error:10000080:BIO routines:BIO_new_file:no such file:../crypto/bio/bss_file.c:75:
Can't open "sifrat.dec" for reading, No such file or directory
40B7366BBF770000:error:80000002:system library:BIO_new_file:No such file or directory:../crypto/bio/bss_file.c:67:calling fopen(sifrat.dec, rb)
40B7366BBF770000:error:10000080:BIO routines:BIO_new_file:no such file:../crypto/bio/bss_file.c:75:
Can't open "tmp1.bin" for reading, No such file or directory
40E7AC31377E0000:error:80000002:system library:BIO_new_file:No such file or directory:../crypto/bio/bss_file.c:67:calling fopen(tmp1.bin, rb)
40E7AC31377E0000:error:10000080:BIO routines:BIO_new_file:no such file:../crypto/bio/bss_file.c:75:
Can't open "tmp2.bin" for reading, No such file or directory
40F73EFA307E0000:error:80000002:system library:BIO_new_file:No such file or directory:../crypto/bio/bss_file.c:67:calling fopen(tmp2.bin, rb)
40F73EFA307E0000:error:10000080:BIO routines:BIO_new_file:no such file:../crypto/bio/bss_file.c:75:
Can't open "sifrat.dec" for reading, No such file or directory
40E7880EBE770000:error:80000002:system library:BIO_new_file:No such file or directory:../crypto/bio/bss_file.c:67:calling fopen(sifrat.dec, rb)
40E7880EBE770000:error:10000080:BIO routines:BIO_new_file:no such file:../crypto/bio/bss_file.c:75:
Can't open "tmp1.bin" for reading, No such file or directory
40271B6AAA790000:error:80000002:system library:BIO_new_file:No such file or directory:../crypto/bio/bss_file.c:67:calling fopen(tmp1.bin, rb)
40271B6AAA790000:error:10000080:BIO routines:BIO_new_file:no such file:../crypto/bio/bss_file.c:75:
Can't open "tmp2.bin" for reading, No such file or directory
4097724D10790000:error:80000002:system library:BIO_new_file:No such file or directory:../crypto/bio/bss_file.c:67:calling fopen(tmp2.bin, rb)
4097724D10790000:error:10000080:BIO routines:BIO_new_file:no such file:../crypto/bio/bss_file.c:75:
Can't open "sifrat.dec" for reading, No such file or directory
40A707F4DB720000:error:80000002:system library:BIO_new_file:No such file or directory:../crypto/bio/bss_file.c:67:calling fopen(sifrat.dec, rb)
40A707F4DB720000:error:10000080:BIO routines:BIO_new_file:no such file:../crypto/bio/bss_file.c:75:
Can't open "tmp1.bin" for reading, No such file or directory
40E7C534467E0000:error:80000002:system library:BIO_new_file:No such file or directory:../crypto/bio/bss_file.c:67:calling fopen(tmp1.bin, rb)
40E7C534467E0000:error:10000080:BIO routines:BIO_new_file:no such file:../crypto/bio/bss_file.c:75:
Can't open "tmp2.bin" for reading, No such file or directory
40E7ECE98B700000:error:80000002:system library:BIO_new_file:No such file or directory:../crypto/bio/bss_file.c:67:calling fopen(tmp2.bin, rb)
40E7ECE98B700000:error:10000080:BIO routines:BIO_new_file:no such file:../crypto/bio/bss_file.c:75:
Can't open "sifrat.dec" for reading, No such file or directory
4047E77442790000:error:80000002:system library:BIO_new_file:No such file or directory:../crypto/bio/bss_file.c:67:calling fopen(sifrat.dec, rb)
4047E77442790000:error:10000080:BIO routines:BIO_new_file:no such file:../crypto/bio/bss_file.c:75:
Can't open "tmp1.bin" for reading, No such file or directory
40B7F195297C0000:error:80000002:system library:BIO_new_file:No such file or directory:../crypto/bio/bss_file.c:67:calling fopen(tmp1.bin, rb)
40B7F195297C0000:error:10000080:BIO routines:BIO_new_file:no such file:../crypto/bio/bss_file.c:75:
Can't open "tmp2.bin" for reading, No such file or directory
40E7C1A2D8700000:error:80000002:system library:BIO_new_file:No such file or directory:../crypto/bio/bss_file.c:67:calling fopen(tmp2.bin, rb)
40E7C1A2D8700000:error:10000080:BIO routines:BIO_new_file:no such file:../crypto/bio/bss_file.c:75:
Can't open "sifrat.dec" for reading, No such file or directory
400717E2497D0000:error:80000002:system library:BIO_new_file:No such file or directory:../crypto/bio/bss_file.c:67:calling fopen(sifrat.dec, rb)
400717E2497D0000:error:10000080:BIO routines:BIO_new_file:no such file:../crypto/bio/bss_file.c:75:
Can't open "tmp1.bin" for reading, No such file or directory
4047E546177E0000:error:80000002:system library:BIO_new_file:No such file or directory:../crypto/bio/bss_file.c:67:calling fopen(tmp1.bin, rb)
4047E546177E0000:error:10000080:BIO routines:BIO_new_file:no such file:../crypto/bio/bss_file.c:75:
Can't open "tmp2.bin" for reading, No such file or directory
40470971D5780000:error:80000002:system library:BIO_new_file:No such file or directory:../crypto/bio/bss_file.c:67:calling fopen(tmp2.bin, rb)
40470971D5780000:error:10000080:BIO routines:BIO_new_file:no such file:../crypto/bio/bss_file.c:75:
Can't open "sifrat.dec" for reading, No such file or directory
40479F1BCC7C0000:error:80000002:system library:BIO_new_file:No such file or directory:../crypto/bio/bss_file.c:67:calling fopen(sifrat.dec, rb)
40479F1BCC7C0000:error:10000080:BIO routines:BIO_new_file:no such file:../crypto/bio/bss_file.c:75:
Can't open "tmp1.bin" for reading, No such file or directory
4047D20B1A720000:error:80000002:system library:BIO_new_file:No such file or directory:../crypto/bio/bss_file.c:67:calling fopen(tmp1.bin, rb)
4047D20B1A720000:error:10000080:BIO routines:BIO_new_file:no such file:../crypto/bio/bss_file.c:75:
Can't open "tmp2.bin" for reading, No such file or directory
4027BCE15C760000:error:80000002:system library:BIO_new_file:No such file or directory:../crypto/bio/bss_file.c:67:calling fopen(tmp2.bin, rb)
4027BCE15C760000:error:10000080:BIO routines:BIO_new_file:no such file:../crypto/bio/bss_file.c:75:
Can't open "sifrat.dec" for reading, No such file or directory
4047EAC4347F0000:error:80000002:system library:BIO_new_file:No such file or directory:../crypto/bio/bss_file.c:67:calling fopen(sifrat.dec, rb)
4047EAC4347F0000:error:10000080:BIO routines:BIO_new_file:no such file:../crypto/bio/bss_file.c:75:
Can't open "tmp1.bin" for reading, No such file or directory
40375ABD8F7F0000:error:80000002:system library:BIO_new_file:No such file or directory:../crypto/bio/bss_file.c:67:calling fopen(tmp1.bin, rb)
40375ABD8F7F0000:error:10000080:BIO routines:BIO_new_file:no such file:../crypto/bio/bss_file.c:75:
Can't open "tmp2.bin" for reading, No such file or directory
40A7811E0B720000:error:80000002:system library:BIO_new_file:No such file or directory:../crypto/bio/bss_file.c:67:calling fopen(tmp2.bin, rb)
40A7811E0B720000:error:10000080:BIO routines:BIO_new_file:no such file:../crypto/bio/bss_file.c:75:
Can't open "sifrat.dec" for reading, No such file or directory
406782F972770000:error:80000002:system library:BIO_new_file:No such file or directory:../crypto/bio/bss_file.c:67:calling fopen(sifrat.dec, rb)
406782F972770000:error:10000080:BIO routines:BIO_new_file:no such file:../crypto/bio/bss_file.c:75:
Can't open "tmp1.bin" for reading, No such file or directory
40474E74E1720000:error:80000002:system library:BIO_new_file:No such file or directory:../crypto/bio/bss_file.c:67:calling fopen(tmp1.bin, rb)
40474E74E1720000:error:10000080:BIO routines:BIO_new_file:no such file:../crypto/bio/bss_file.c:75:
Can't open "tmp2.bin" for reading, No such file or directory
4057B9F59A760000:error:80000002:system library:BIO_new_file:No such file or directory:../crypto/bio/bss_file.c:67:calling fopen(tmp2.bin, rb)
4057B9F59A760000:error:10000080:BIO routines:BIO_new_file:no such file:../crypto/bio/bss_file.c:75:
Can't open "sifrat.dec" for reading, No such file or directory
40B72372237D0000:error:80000002:system library:BIO_new_file:No such file or directory:../crypto/bio/bss_file.c:67:calling fopen(sifrat.dec, rb)
40B72372237D0000:error:10000080:BIO routines:BIO_new_file:no such file:../crypto/bio/bss_file.c:75:
Can't open "tmp1.bin" for reading, No such file or directory
40B740FD02740000:error:80000002:system library:BIO_new_file:No such file or directory:../crypto/bio/bss_file.c:67:calling fopen(tmp1.bin, rb)
40B740FD02740000:error:10000080:BIO routines:BIO_new_file:no such file:../crypto/bio/bss_file.c:75:
Can't open "tmp2.bin" for reading, No such file or directory
4047C126AB7B0000:error:80000002:system library:BIO_new_file:No such file or directory:../crypto/bio/bss_file.c:67:calling fopen(tmp2.bin, rb)
4047C126AB7B0000:error:10000080:BIO routines:BIO_new_file:no such file:../crypto/bio/bss_file.c:75:
Can't open "sifrat.dec" for reading, No such file or directory
4007265AB6740000:error:80000002:system library:BIO_new_file:No such file or directory:../crypto/bio/bss_file.c:67:calling fopen(sifrat.dec, rb)
4007265AB6740000:error:10000080:BIO routines:BIO_new_file:no such file:../crypto/bio/bss_file.c:75:
Can't open "tmp1.bin" for reading, No such file or directory
40C78FA291760000:error:80000002:system library:BIO_new_file:No such file or directory:../crypto/bio/bss_file.c:67:calling fopen(tmp1.bin, rb)
40C78FA291760000:error:10000080:BIO routines:BIO_new_file:no such file:../crypto/bio/bss_file.c:75:
Can't open "tmp2.bin" for reading, No such file or directory
4017000638790000:error:80000002:system library:BIO_new_file:No such file or directory:../crypto/bio/bss_file.c:67:calling fopen(tmp2.bin, rb)
4017000638790000:error:10000080:BIO routines:BIO_new_file:no such file:../crypto/bio/bss_file.c:75:
Can't open "sifrat.dec" for reading, No such file or directory
40C79FA222720000:error:80000002:system library:BIO_new_file:No such file or directory:../crypto/bio/bss_file.c:67:calling fopen(sifrat.dec, rb)
40C79FA222720000:error:10000080:BIO routines:BIO_new_file:no such file:../crypto/bio/bss_file.c:75:
Can't open "tmp1.bin" for reading, No such file or directory
40B7FB79A5760000:error:80000002:system library:BIO_new_file:No such file or directory:../crypto/bio/bss_file.c:67:calling fopen(tmp1.bin, rb)
40B7FB79A5760000:error:10000080:BIO routines:BIO_new_file:no such file:../crypto/bio/bss_file.c:75:
Can't open "tmp2.bin" for reading, No such file or directory
400798D3BA700000:error:80000002:system library:BIO_new_file:No such file or directory:../crypto/bio/bss_file.c:67:calling fopen(tmp2.bin, rb)
400798D3BA700000:error:10000080:BIO routines:BIO_new_file:no such file:../crypto/bio/bss_file.c:75:
Can't open "sifrat.dec" for reading, No such file or directory
40C78EE6C57E0000:error:80000002:system library:BIO_new_file:No such file or directory:../crypto/bio/bss_file.c:67:calling fopen(sifrat.dec, rb)
40C78EE6C57E0000:error:10000080:BIO routines:BIO_new_file:no such file:../crypto/bio/bss_file.c:75:
Can't open "tmp1.bin" for reading, No such file or directory
4007D92D95700000:error:80000002:system library:BIO_new_file:No such file or directory:../crypto/bio/bss_file.c:67:calling fopen(tmp1.bin, rb)
4007D92D95700000:error:10000080:BIO routines:BIO_new_file:no such file:../crypto/bio/bss_file.c:75:
Can't open "tmp2.bin" for reading, No such file or directory
409718B3EB750000:error:80000002:system library:BIO_new_file:No such file or directory:../crypto/bio/bss_file.c:67:calling fopen(tmp2.bin, rb)
409718B3EB750000:error:10000080:BIO routines:BIO_new_file:no such file:../crypto/bio/bss_file.c:75:
Can't open "sifrat.dec" for reading, No such file or directory
40D71607F6790000:error:80000002:system library:BIO_new_file:No such file or directory:../crypto/bio/bss_file.c:67:calling fopen(sifrat.dec, rb)
40D71607F6790000:error:10000080:BIO routines:BIO_new_file:no such file:../crypto/bio/bss_file.c:75:
Can't open "tmp1.bin" for reading, No such file or directory
4027F7940B740000:error:80000002:system library:BIO_new_file:No such file or directory:../crypto/bio/bss_file.c:67:calling fopen(tmp1.bin, rb)
4027F7940B740000:error:10000080:BIO routines:BIO_new_file:no such file:../crypto/bio/bss_file.c:75:
Can't open "tmp2.bin" for reading, No such file or directory
40B7E70A5A7B0000:error:80000002:system library:BIO_new_file:No such file or directory:../crypto/bio/bss_file.c:67:calling fopen(tmp2.bin, rb)
40B7E70A5A7B0000:error:10000080:BIO routines:BIO_new_file:no such file:../crypto/bio/bss_file.c:75:
Can't open "sifrat.dec" for reading, No such file or directory
40772C5D147B0000:error:80000002:system library:BIO_new_file:No such file or directory:../crypto/bio/bss_file.c:67:calling fopen(sifrat.dec, rb)
40772C5D147B0000:error:10000080:BIO routines:BIO_new_file:no such file:../crypto/bio/bss_file.c:75:
Can't open "tmp1.bin" for reading, No such file or directory
4097632C247D0000:error:80000002:system library:BIO_new_file:No such file or directory:../crypto/bio/bss_file.c:67:calling fopen(tmp1.bin, rb)
4097632C247D0000:error:10000080:BIO routines:BIO_new_file:no such file:../crypto/bio/bss_file.c:75:
Can't open "tmp2.bin" for reading, No such file or directory
40B7ACEB4D730000:error:80000002:system library:BIO_new_file:No such file or directory:../crypto/bio/bss_file.c:67:calling fopen(tmp2.bin, rb)
40B7ACEB4D730000:error:10000080:BIO routines:BIO_new_file:no such file:../crypto/bio/bss_file.c:75:
Can't open "sifrat.dec" for reading, No such file or directory
40F7A3035F760000:error:80000002:system library:BIO_new_file:No such file or directory:../crypto/bio/bss_file.c:67:calling fopen(sifrat.dec, rb)
40F7A3035F760000:error:10000080:BIO routines:BIO_new_file:no such file:../crypto/bio/bss_file.c:75:
Can't open "tmp1.bin" for reading, No such file or directory
40477FBB417F0000:error:80000002:system library:BIO_new_file:No such file or directory:../crypto/bio/bss_file.c:67:calling fopen(tmp1.bin, rb)
40477FBB417F0000:error:10000080:BIO routines:BIO_new_file:no such file:../crypto/bio/bss_file.c:75:
Can't open "tmp2.bin" for reading, No such file or directory
4067275549720000:error:80000002:system library:BIO_new_file:No such file or directory:../crypto/bio/bss_file.c:67:calling fopen(tmp2.bin, rb)
4067275549720000:error:10000080:BIO routines:BIO_new_file:no such file:../crypto/bio/bss_file.c:75:
Can't open "sifrat.dec" for reading, No such file or directory
4007EE1720790000:error:80000002:system library:BIO_new_file:No such file or directory:../crypto/bio/bss_file.c:67:calling fopen(sifrat.dec, rb)
4007EE1720790000:error:10000080:BIO routines:BIO_new_file:no such file:../crypto/bio/bss_file.c:75:
Can't open "tmp1.bin" for reading, No such file or directory
4037158EF7780000:error:80000002:system library:BIO_new_file:No such file or directory:../crypto/bio/bss_file.c:67:calling fopen(tmp1.bin, rb)
4037158EF7780000:error:10000080:BIO routines:BIO_new_file:no such file:../crypto/bio/bss_file.c:75:
Can't open "tmp2.bin" for reading, No such file or directory
40F7C448797B0000:error:80000002:system library:BIO_new_file:No such file or directory:../crypto/bio/bss_file.c:67:calling fopen(tmp2.bin, rb)
40F7C448797B0000:error:10000080:BIO routines:BIO_new_file:no such file:../crypto/bio/bss_file.c:75:
Can't open "sifrat.dec" for reading, No such file or directory
40B784C0A3770000:error:80000002:system library:BIO_new_file:No such file or directory:../crypto/bio/bss_file.c:67:calling fopen(sifrat.dec, rb)
40B784C0A3770000:error:10000080:BIO routines:BIO_new_file:no such file:../crypto/bio/bss_file.c:75:
Can't open "tmp1.bin" for reading, No such file or directory
40270C60747F0000:error:80000002:system library:BIO_new_file:No such file or directory:../crypto/bio/bss_file.c:67:calling fopen(tmp1.bin, rb)
40270C60747F0000:error:10000080:BIO routines:BIO_new_file:no such file:../crypto/bio/bss_file.c:75:
Can't open "tmp2.bin" for reading, No such file or directory
40A75BEB98750000:error:80000002:system library:BIO_new_file:No such file or directory:../crypto/bio/bss_file.c:67:calling fopen(tmp2.bin, rb)
40A75BEB98750000:error:10000080:BIO routines:BIO_new_file:no such file:../crypto/bio/bss_file.c:75:
Can't open "sifrat.dec" for reading, No such file or directory
405706D6CC7B0000:error:80000002:system library:BIO_new_file:No such file or directory:../crypto/bio/bss_file.c:67:calling fopen(sifrat.dec, rb)
405706D6CC7B0000:error:10000080:BIO routines:BIO_new_file:no such file:../crypto/bio/bss_file.c:75:
Can't open "tmp1.bin" for reading, No such file or directory
40F7FC0767790000:error:80000002:system library:BIO_new_file:No such file or directory:../crypto/bio/bss_file.c:67:calling fopen(tmp1.bin, rb)
40F7FC0767790000:error:10000080:BIO routines:BIO_new_file:no such file:../crypto/bio/bss_file.c:75:
Can't open "tmp2.bin" for reading, No such file or directory
4097ED8DAF7A0000:error:80000002:system library:BIO_new_file:No such file or directory:../crypto/bio/bss_file.c:67:calling fopen(tmp2.bin, rb)
4097ED8DAF7A0000:error:10000080:BIO routines:BIO_new_file:no such file:../crypto/bio/bss_file.c:75:
Can't open "sifrat.dec" for reading, No such file or directory
4057FDF0957E0000:error:80000002:system library:BIO_new_file:No such file or directory:../crypto/bio/bss_file.c:67:calling fopen(sifrat.dec, rb)
4057FDF0957E0000:error:10000080:BIO routines:BIO_new_file:no such file:../crypto/bio/bss_file.c:75:
Can't open "tmp1.bin" for reading, No such file or directory
409763FFE2700000:error:80000002:system library:BIO_new_file:No such file or directory:../crypto/bio/bss_file.c:67:calling fopen(tmp1.bin, rb)
409763FFE2700000:error:10000080:BIO routines:BIO_new_file:no such file:../crypto/bio/bss_file.c:75:
Can't open "tmp2.bin" for reading, No such file or directory
4017AA4A917E0000:error:80000002:system library:BIO_new_file:No such file or directory:../crypto/bio/bss_file.c:67:calling fopen(tmp2.bin, rb)
4017AA4A917E0000:error:10000080:BIO routines:BIO_new_file:no such file:../crypto/bio/bss_file.c:75:
Can't open "sifrat.dec" for reading, No such file or directory
4047C37A987B0000:error:80000002:system library:BIO_new_file:No such file or directory:../crypto/bio/bss_file.c:67:calling fopen(sifrat.dec, rb)
4047C37A987B0000:error:10000080:BIO routines:BIO_new_file:no such file:../crypto/bio/bss_file.c:75:
Can't open "tmp1.bin" for reading, No such file or directory
40273FC606790000:error:80000002:system library:BIO_new_file:No such file or directory:../crypto/bio/bss_file.c:67:calling fopen(tmp1.bin, rb)
40273FC606790000:error:10000080:BIO routines:BIO_new_file:no such file:../crypto/bio/bss_file.c:75:
Can't open "tmp2.bin" for reading, No such file or directory
4007A38F257B0000:error:80000002:system library:BIO_new_file:No such file or directory:../crypto/bio/bss_file.c:67:calling fopen(tmp2.bin, rb)
4007A38F257B0000:error:10000080:BIO routines:BIO_new_file:no such file:../crypto/bio/bss_file.c:75:
Can't open "sifrat.dec" for reading, No such file or directory
4087864AA9790000:error:80000002:system library:BIO_new_file:No such file or directory:../crypto/bio/bss_file.c:67:calling fopen(sifrat.dec, rb)
4087864AA9790000:error:10000080:BIO routines:BIO_new_file:no such file:../crypto/bio/bss_file.c:75:
Can't open "tmp1.bin" for reading, No such file or directory
40F7EDF0E0760000:error:80000002:system library:BIO_new_file:No such file or directory:../crypto/bio/bss_file.c:67:calling fopen(tmp1.bin, rb)
40F7EDF0E0760000:error:10000080:BIO routines:BIO_new_file:no such file:../crypto/bio/bss_file.c:75:
Can't open "tmp2.bin" for reading, No such file or directory
4097D6BD147B0000:error:80000002:system library:BIO_new_file:No such file or directory:../crypto/bio/bss_file.c:67:calling fopen(tmp2.bin, rb)
4097D6BD147B0000:error:10000080:BIO routines:BIO_new_file:no such file:../crypto/bio/bss_file.c:75:
Can't open "sifrat.dec" for reading, No such file or directory
40778133F8790000:error:80000002:system library:BIO_new_file:No such file or directory:../crypto/bio/bss_file.c:67:calling fopen(sifrat.dec, rb)
40778133F8790000:error:10000080:BIO routines:BIO_new_file:no such file:../crypto/bio/bss_file.c:75:
Can't open "tmp1.bin" for reading, No such file or directory
40170D1BA4770000:error:80000002:system library:BIO_new_file:No such file or directory:../crypto/bio/bss_file.c:67:calling fopen(tmp1.bin, rb)
40170D1BA4770000:error:10000080:BIO routines:BIO_new_file:no such file:../crypto/bio/bss_file.c:75:
Can't open "tmp2.bin" for reading, No such file or directory
40D727806D700000:error:80000002:system library:BIO_new_file:No such file or directory:../crypto/bio/bss_file.c:67:calling fopen(tmp2.bin, rb)
40D727806D700000:error:10000080:BIO routines:BIO_new_file:no such file:../crypto/bio/bss_file.c:75:
Can't open "sifrat.dec" for reading, No such file or directory
4077977586710000:error:80000002:system library:BIO_new_file:No such file or directory:../crypto/bio/bss_file.c:67:calling fopen(sifrat.dec, rb)
4077977586710000:error:10000080:BIO routines:BIO_new_file:no such file:../crypto/bio/bss_file.c:75:
Can't open "tmp1.bin" for reading, No such file or directory
4077432EAB7A0000:error:80000002:system library:BIO_new_file:No such file or directory:../crypto/bio/bss_file.c:67:calling fopen(tmp1.bin, rb)
4077432EAB7A0000:error:10000080:BIO routines:BIO_new_file:no such file:../crypto/bio/bss_file.c:75:
Can't open "tmp2.bin" for reading, No such file or directory
4007730D61790000:error:80000002:system library:BIO_new_file:No such file or directory:../crypto/bio/bss_file.c:67:calling fopen(tmp2.bin, rb)
4007730D61790000:error:10000080:BIO routines:BIO_new_file:no such file:../crypto/bio/bss_file.c:75:
Can't open "sifrat.dec" for reading, No such file or directory
40E7DBAA827F0000:error:80000002:system library:BIO_new_file:No such file or directory:../crypto/bio/bss_file.c:67:calling fopen(sifrat.dec, rb)
40E7DBAA827F0000:error:10000080:BIO routines:BIO_new_file:no such file:../crypto/bio/bss_file.c:75:
Can't open "tmp1.bin" for reading, No such file or directory
40970CF69F7F0000:error:80000002:system library:BIO_new_file:No such file or directory:../crypto/bio/bss_file.c:67:calling fopen(tmp1.bin, rb)
40970CF69F7F0000:error:10000080:BIO routines:BIO_new_file:no such file:../crypto/bio/bss_file.c:75:
Can't open "tmp2.bin" for reading, No such file or directory
40D77A7436710000:error:80000002:system library:BIO_new_file:No such file or directory:../crypto/bio/bss_file.c:67:calling fopen(tmp2.bin, rb)
40D77A7436710000:error:10000080:BIO routines:BIO_new_file:no such file:../crypto/bio/bss_file.c:75:
Can't open "sifrat.dec" for reading, No such file or directory
4027F0FAA2730000:error:80000002:system library:BIO_new_file:No such file or directory:../crypto/bio/bss_file.c:67:calling fopen(sifrat.dec, rb)
4027F0FAA2730000:error:10000080:BIO routines:BIO_new_file:no such file:../crypto/bio/bss_file.c:75:
Can't open "tmp1.bin" for reading, No such file or directory
40B7365DCD700000:error:80000002:system library:BIO_new_file:No such file or directory:../crypto/bio/bss_file.c:67:calling fopen(tmp1.bin, rb)
40B7365DCD700000:error:10000080:BIO routines:BIO_new_file:no such file:../crypto/bio/bss_file.c:75:
Can't open "tmp2.bin" for reading, No such file or directory
40E7CE7E76790000:error:80000002:system library:BIO_new_file:No such file or directory:../crypto/bio/bss_file.c:67:calling fopen(tmp2.bin, rb)
40E7CE7E76790000:error:10000080:BIO routines:BIO_new_file:no such file:../crypto/bio/bss_file.c:75:
Can't open "sifrat.dec" for reading, No such file or directory
40072BE83B750000:error:80000002:system library:BIO_new_file:No such file or directory:../crypto/bio/bss_file.c:67:calling fopen(sifrat.dec, rb)
40072BE83B750000:error:10000080:BIO routines:BIO_new_file:no such file:../crypto/bio/bss_file.c:75:
Can't open "tmp1.bin" for reading, No such file or directory
40C7F3DFB6730000:error:80000002:system library:BIO_new_file:No such file or directory:../crypto/bio/bss_file.c:67:calling fopen(tmp1.bin, rb)
40C7F3DFB6730000:error:10000080:BIO routines:BIO_new_file:no such file:../crypto/bio/bss_file.c:75:
Can't open "tmp2.bin" for reading, No such file or directory
406733EA45740000:error:80000002:system library:BIO_new_file:No such file or directory:../crypto/bio/bss_file.c:67:calling fopen(tmp2.bin, rb)
406733EA45740000:error:10000080:BIO routines:BIO_new_file:no such file:../crypto/bio/bss_file.c:75:
Can't open "sifrat.dec" for reading, No such file or directory
406799767C740000:error:80000002:system library:BIO_new_file:No such file or directory:../crypto/bio/bss_file.c:67:calling fopen(sifrat.dec, rb)
406799767C740000:error:10000080:BIO routines:BIO_new_file:no such file:../crypto/bio/bss_file.c:75:
Can't open "tmp1.bin" for reading, No such file or directory
4017A17098720000:error:80000002:system library:BIO_new_file:No such file or directory:../crypto/bio/bss_file.c:67:calling fopen(tmp1.bin, rb)
4017A17098720000:error:10000080:BIO routines:BIO_new_file:no such file:../crypto/bio/bss_file.c:75:
Can't open "tmp2.bin" for reading, No such file or directory
40170E6F13760000:error:80000002:system library:BIO_new_file:No such file or directory:../crypto/bio/bss_file.c:67:calling fopen(tmp2.bin, rb)
40170E6F13760000:error:10000080:BIO routines:BIO_new_file:no such file:../crypto/bio/bss_file.c:75:
Can't open "sifrat.dec" for reading, No such file or directory
40F7ABD339760000:error:80000002:system library:BIO_new_file:No such file or directory:../crypto/bio/bss_file.c:67:calling fopen(sifrat.dec, rb)
40F7ABD339760000:error:10000080:BIO routines:BIO_new_file:no such file:../crypto/bio/bss_file.c:75:
Can't open "tmp1.bin" for reading, No such file or directory
40274EB3C07E0000:error:80000002:system library:BIO_new_file:No such file or directory:../crypto/bio/bss_file.c:67:calling fopen(tmp1.bin, rb)
40274EB3C07E0000:error:10000080:BIO routines:BIO_new_file:no such file:../crypto/bio/bss_file.c:75:
Can't open "tmp2.bin" for reading, No such file or directory
4067DE6DB2780000:error:80000002:system library:BIO_new_file:No such file or directory:../crypto/bio/bss_file.c:67:calling fopen(tmp2.bin, rb)
4067DE6DB2780000:error:10000080:BIO routines:BIO_new_file:no such file:../crypto/bio/bss_file.c:75:
*** WARNING : deprecated key derivation used.
Using -iter or -pbkdf2 would be better.
bad decrypt
40C79203CE700000:error:1C800064:Provider routines:ossl_cipher_unpadblock:bad decrypt:../providers/implementations/ciphers/ciphercommon_block.c:124:
bad magic number
error reading input file
*** WARNING : deprecated key derivation used.
Using -iter or -pbkdf2 would be better.
bad magic number
error reading input file
*** WARNING : deprecated key derivation used.
Using -iter or -pbkdf2 would be better.
bad magic number
error reading input file
*** WARNING : deprecated key derivation used.
Using -iter or -pbkdf2 would be better.
bad magic number
error reading input file
*** WARNING : deprecated key derivation used.
Using -iter or -pbkdf2 would be better.
bad magic number
error reading input file
*** WARNING : deprecated key derivation used.
Using -iter or -pbkdf2 would be better.
bad decrypt
40571F2A2D7C0000:error:1C800064:Provider routines:ossl_cipher_unpadblock:bad decrypt:../providers/implementations/ciphers/ciphercommon_block.c:124:
bad magic number
error reading input file
*** WARNING : deprecated key derivation used.
Using -iter or -pbkdf2 would be better.
bad magic number
error reading input file
*** WARNING : deprecated key derivation used.
Using -iter or -pbkdf2 would be better.
bad decrypt
4007095569750000:error:1C800064:Provider routines:ossl_cipher_unpadblock:bad decrypt:../providers/implementations/ciphers/ciphercommon_block.c:124:
bad magic number
error reading input file
*** WARNING : deprecated key derivation used.
Using -iter or -pbkdf2 would be better.
bad magic number
error reading input file
*** WARNING : deprecated key derivation used.
Using -iter or -pbkdf2 would be better.
bad magic number
error reading input file
*** WARNING : deprecated key derivation used.
Using -iter or -pbkdf2 would be better.
bad magic number
error reading input file
*** WARNING : deprecated key derivation used.
Using -iter or -pbkdf2 would be better.
bad magic number
error reading input file
*** WARNING : deprecated key derivation used.
Using -iter or -pbkdf2 would be better.
bad decrypt
4007470685740000:error:1C800064:Provider routines:ossl_cipher_unpadblock:bad decrypt:../providers/implementations/ciphers/ciphercommon_block.c:124:
bad magic number
error reading input file
*** WARNING : deprecated key derivation used.
Using -iter or -pbkdf2 would be better.
bad magic number
error reading input file
*** WARNING : deprecated key derivation used.
Using -iter or -pbkdf2 would be better.
bad decrypt
40D7616BAE700000:error:1C800064:Provider routines:ossl_cipher_unpadblock:bad decrypt:../providers/implementations/ciphers/ciphercommon_block.c:124:
*** WARNING : deprecated key derivation used.
Using -iter or -pbkdf2 would be better.
bad decrypt
4027BDB5E9730000:error:1C80006B:Provider routines:ossl_cipher_generic_block_final:wrong final block length:../providers/implementations/ciphers/ciphercommon.c:443:
error reading input file
*** WARNING : deprecated key derivation used.
Using -iter or -pbkdf2 would be better.
bad magic number
error reading input file
*** WARNING : deprecated key derivation used.
Using -iter or -pbkdf2 would be better.
bad magic number
error reading input file
*** WARNING : deprecated key derivation used.
Using -iter or -pbkdf2 would be better.
bad magic number
error reading input file
*** WARNING : deprecated key derivation used.
Using -iter or -pbkdf2 would be better.
bad magic number
error reading input file
*** WARNING : deprecated key derivation used.
Using -iter or -pbkdf2 would be better.
bad decrypt
40370980647E0000:error:1C800064:Provider routines:ossl_cipher_unpadblock:bad decrypt:../providers/implementations/ciphers/ciphercommon_block.c:124:
bad magic number
error reading input file
*** WARNING : deprecated key derivation used.
Using -iter or -pbkdf2 would be better.
bad magic number
error reading input file
*** WARNING : deprecated key derivation used.
Using -iter or -pbkdf2 would be better.
bad decrypt
4057CE2BE6730000:error:1C800064:Provider routines:ossl_cipher_unpadblock:bad decrypt:../providers/implementations/ciphers/ciphercommon_block.c:124:
bad magic number
error reading input file
*** WARNING : deprecated key derivation used.
Using -iter or -pbkdf2 would be better.
error writing output file
40B7E3C863720000:error:1C800066:Provider routines:aes_wrap_cipher_internal:cipher operation failed:../providers/implementations/ciphers/cipher_aes_wrp.c:212:
40B7E3C863720000:error:030000BD:digital envelope routines:EVP_DecryptUpdate:update error:../crypto/evp/evp_enc.c:837:
error reading input file
error reading input file
*** WARNING : deprecated key derivation used.
Using -iter or -pbkdf2 would be better.
bad decrypt
4047BAF66E7B0000:error:1C800064:Provider routines:ossl_cipher_unpadblock:bad decrypt:../providers/implementations/ciphers/ciphercommon_block.c:124:
bad magic number
error reading input file
*** WARNING : deprecated key derivation used.
Using -iter or -pbkdf2 would be better.
error writing output file
4057E5569B7F0000:error:1C800066:Provider routines:aes_wrap_cipher_internal:cipher operation failed:../providers/implementations/ciphers/cipher_aes_wrp.c:212:
4057E5569B7F0000:error:030000BD:digital envelope routines:EVP_DecryptUpdate:update error:../crypto/evp/evp_enc.c:837:
error reading input file
error reading input file
*** WARNING : deprecated key derivation used.
Using -iter or -pbkdf2 would be better.
bad decrypt
40971BD9FB710000:error:1C800064:Provider routines:ossl_cipher_unpadblock:bad decrypt:../providers/implementations/ciphers/ciphercommon_block.c:124:
*** WARNING : deprecated key derivation used.
Using -iter or -pbkdf2 would be better.
bad decrypt
40F7B618DE740000:error:1C80006B:Provider routines:ossl_cipher_generic_block_final:wrong final block length:../providers/implementations/ciphers/ciphercommon.c:443:
error reading input file
*** WARNING : deprecated key derivation used.
Using -iter or -pbkdf2 would be better.
error writing output file
4017B0278E730000:error:1C800066:Provider routines:aes_wrap_cipher_internal:cipher operation failed:../providers/implementations/ciphers/cipher_aes_wrp.c:212:
4017B0278E730000:error:030000BD:digital envelope routines:EVP_DecryptUpdate:update error:../crypto/evp/evp_enc.c:837:
error reading input file
error reading input file
*** WARNING : deprecated key derivation used.
Using -iter or -pbkdf2 would be better.
error writing output file
40F7383B697C0000:error:1C800066:Provider routines:aes_wrap_cipher_internal:cipher operation failed:../providers/implementations/ciphers/cipher_aes_wrp.c:212:
40F7383B697C0000:error:030000BD:digital envelope routines:EVP_DecryptUpdate:update error:../crypto/evp/evp_enc.c:837:
error reading input file
error reading input file
*** WARNING : deprecated key derivation used.
Using -iter or -pbkdf2 would be better.
error writing output file
40079D4F577C0000:error:1C800066:Provider routines:aes_wrap_cipher_internal:cipher operation failed:../providers/implementations/ciphers/cipher_aes_wrp.c:212:
40079D4F577C0000:error:030000BD:digital envelope routines:EVP_DecryptUpdate:update error:../crypto/evp/evp_enc.c:837:
error reading input file
error reading input file
*** WARNING : deprecated key derivation used.
Using -iter or -pbkdf2 would be better.
error writing output file
40F7042C35790000:error:1C800066:Provider routines:aes_wrap_cipher_internal:cipher operation failed:../providers/implementations/ciphers/cipher_aes_wrp.c:212:
40F7042C35790000:error:030000BD:digital envelope routines:EVP_DecryptUpdate:update error:../crypto/evp/evp_enc.c:837:
error reading input file
error reading input file
*** WARNING : deprecated key derivation used.
Using -iter or -pbkdf2 would be better.
error writing output file
4037B6003B7C0000:error:1C800066:Provider routines:aes_wrap_cipher_internal:cipher operation failed:../providers/implementations/ciphers/cipher_aes_wrp.c:212:
4037B6003B7C0000:error:030000BD:digital envelope routines:EVP_DecryptUpdate:update error:../crypto/evp/evp_enc.c:837:
error reading input file
error reading input file
*** WARNING : deprecated key derivation used.
Using -iter or -pbkdf2 would be better.
error writing output file
40370C4F3F7E0000:error:1C800066:Provider routines:aes_wrap_cipher_internal:cipher operation failed:../providers/implementations/ciphers/cipher_aes_wrp.c:212:
40370C4F3F7E0000:error:030000BD:digital envelope routines:EVP_DecryptUpdate:update error:../crypto/evp/evp_enc.c:837:
error reading input file
error reading input file
*** WARNING : deprecated key derivation used.
Using -iter or -pbkdf2 would be better.
error writing output file
40670065AC7D0000:error:1C800066:Provider routines:aes_wrap_cipher_internal:cipher operation failed:../providers/implementations/ciphers/cipher_aes_wrp.c:212:
40670065AC7D0000:error:030000BD:digital envelope routines:EVP_DecryptUpdate:update error:../crypto/evp/evp_enc.c:837:
error reading input file
error reading input file
*** WARNING : deprecated key derivation used.
Using -iter or -pbkdf2 would be better.
bad decrypt
40473713037D0000:error:1C800064:Provider routines:ossl_cipher_unpadblock:bad decrypt:../providers/implementations/ciphers/ciphercommon_block.c:124:
bad magic number
error reading input file
*** WARNING : deprecated key derivation used.
Using -iter or -pbkdf2 would be better.
bad magic number
error reading input file
*** WARNING : deprecated key derivation used.
Using -iter or -pbkdf2 would be better.
bad magic number
error reading input file
*** WARNING : deprecated key derivation used.
Using -iter or -pbkdf2 would be better.
bad magic number
error reading input file
*** WARNING : deprecated key derivation used.
Using -iter or -pbkdf2 would be better.
bad magic number
error reading input file
*** WARNING : deprecated key derivation used.
Using -iter or -pbkdf2 would be better.
bad decrypt
40577ECCF77E0000:error:1C800064:Provider routines:ossl_cipher_unpadblock:bad decrypt:../providers/implementations/ciphers/ciphercommon_block.c:124:
bad magic number
error reading input file
*** WARNING : deprecated key derivation used.
Using -iter or -pbkdf2 would be better.
bad magic number
error reading input file
*** WARNING : deprecated key derivation used.
Using -iter or -pbkdf2 would be better.
bad decrypt
40B7A08616750000:error:1C800064:Provider routines:ossl_cipher_unpadblock:bad decrypt:../providers/implementations/ciphers/ciphercommon_block.c:124:
bad magic number
error reading input file
*** WARNING : deprecated key derivation used.
Using -iter or -pbkdf2 would be better.
bad magic number
error reading input file
*** WARNING : deprecated key derivation used.
Using -iter or -pbkdf2 would be better.
bad magic number
error reading input file
*** WARNING : deprecated key derivation used.
Using -iter or -pbkdf2 would be better.
bad magic number
error reading input file
*** WARNING : deprecated key derivation used.
Using -iter or -pbkdf2 would be better.
bad magic number
error reading input file
*** WARNING : deprecated key derivation used.
Using -iter or -pbkdf2 would be better.
bad decrypt
40F70A9A6B740000:error:1C800064:Provider routines:ossl_cipher_unpadblock:bad decrypt:../providers/implementations/ciphers/ciphercommon_block.c:124:
bad magic number
error reading input file
*** WARNING : deprecated key derivation used.
Using -iter or -pbkdf2 would be better.
bad magic number
error reading input file
*** WARNING : deprecated key derivation used.
Using -iter or -pbkdf2 would be better.
bad decrypt
40A765F34B740000:error:1C800064:Provider routines:ossl_cipher_unpadblock:bad decrypt:../providers/implementations/ciphers/ciphercommon_block.c:124:
*** WARNING : deprecated key derivation used.
Using -iter or -pbkdf2 would be better.
bad decrypt
40F7AD5879700000:error:1C80006B:Provider routines:ossl_cipher_generic_block_final:wrong final block length:../providers/implementations/ciphers/ciphercommon.c:443:
error reading input file
*** WARNING : deprecated key derivation used.
Using -iter or -pbkdf2 would be better.
bad magic number
error reading input file
*** WARNING : deprecated key derivation used.
Using -iter or -pbkdf2 would be better.
bad magic number
error reading input file
*** WARNING : deprecated key derivation used.
Using -iter or -pbkdf2 would be better.
bad magic number
error reading input file
*** WARNING : deprecated key derivation used.
Using -iter or -pbkdf2 would be better.
bad magic number
error reading input file
*** WARNING : deprecated key derivation used.
Using -iter or -pbkdf2 would be better.
bad decrypt
40972FB3DF770000:error:1C800064:Provider routines:ossl_cipher_unpadblock:bad decrypt:../providers/implementations/ciphers/ciphercommon_block.c:124:
bad magic number
error reading input file
*** WARNING : deprecated key derivation used.
Using -iter or -pbkdf2 would be better.
bad magic number
error reading input file
*** WARNING : deprecated key derivation used.
Using -iter or -pbkdf2 would be better.
bad decrypt
4027C132C57C0000:error:1C800064:Provider routines:ossl_cipher_unpadblock:bad decrypt:../providers/implementations/ciphers/ciphercommon_block.c:124:
bad magic number
error reading input file
*** WARNING : deprecated key derivation used.
Using -iter or -pbkdf2 would be better.
error writing output file
4097914BB9750000:error:1C800066:Provider routines:aes_wrap_cipher_internal:cipher operation failed:../providers/implementations/ciphers/cipher_aes_wrp.c:212:
4097914BB9750000:error:030000BD:digital envelope routines:EVP_DecryptUpdate:update error:../crypto/evp/evp_enc.c:837:
error reading input file
error reading input file
*** WARNING : deprecated key derivation used.
Using -iter or -pbkdf2 would be better.
bad decrypt
40C7DD972C7A0000:error:1C800064:Provider routines:ossl_cipher_unpadblock:bad decrypt:../providers/implementations/ciphers/ciphercommon_block.c:124:
bad magic number
error reading input file
*** WARNING : deprecated key derivation used.
Using -iter or -pbkdf2 would be better.
error writing output file
4097D7F54D770000:error:1C800066:Provider routines:aes_wrap_cipher_internal:cipher operation failed:../providers/implementations/ciphers/cipher_aes_wrp.c:212:
4097D7F54D770000:error:030000BD:digital envelope routines:EVP_DecryptUpdate:update error:../crypto/evp/evp_enc.c:837:
error reading input file
error reading input file
*** WARNING : deprecated key derivation used.
Using -iter or -pbkdf2 would be better.
bad decrypt
40F7C47C2D7A0000:error:1C800064:Provider routines:ossl_cipher_unpadblock:bad decrypt:../providers/implementations/ciphers/ciphercommon_block.c:124:
*** WARNING : deprecated key derivation used.
Using -iter or -pbkdf2 would be better.
bad decrypt
40E70CAE5D700000:error:1C80006B:Provider routines:ossl_cipher_generic_block_final:wrong final block length:../providers/implementations/ciphers/ciphercommon.c:443:
error reading input file
*** WARNING : deprecated key derivation used.
Using -iter or -pbkdf2 would be better.
error writing output file
4067B2BCA07D0000:error:1C800066:Provider routines:aes_wrap_cipher_internal:cipher operation failed:../providers/implementations/ciphers/cipher_aes_wrp.c:212:
4067B2BCA07D0000:error:030000BD:digital envelope routines:EVP_DecryptUpdate:update error:../crypto/evp/evp_enc.c:837:
error reading input file
error reading input file
*** WARNING : deprecated key derivation used.
Using -iter or -pbkdf2 would be better.
error writing output file
40F701C3BD780000:error:1C800066:Provider routines:aes_wrap_cipher_internal:cipher operation failed:../providers/implementations/ciphers/cipher_aes_wrp.c:212:
40F701C3BD780000:error:030000BD:digital envelope routines:EVP_DecryptUpdate:update error:../crypto/evp/evp_enc.c:837:
error reading input file
error reading input file
*** WARNING : deprecated key derivation used.
Using -iter or -pbkdf2 would be better.
error writing output file
4057A97945780000:error:1C800066:Provider routines:aes_wrap_cipher_internal:cipher operation failed:../providers/implementations/ciphers/cipher_aes_wrp.c:212:
4057A97945780000:error:030000BD:digital envelope routines:EVP_DecryptUpdate:update error:../crypto/evp/evp_enc.c:837:
error reading input file
error reading input file
*** WARNING : deprecated key derivation used.
Using -iter or -pbkdf2 would be better.
error writing output file
40F79D6723710000:error:1C800066:Provider routines:aes_wrap_cipher_internal:cipher operation failed:../providers/implementations/ciphers/cipher_aes_wrp.c:212:
40F79D6723710000:error:030000BD:digital envelope routines:EVP_DecryptUpdate:update error:../crypto/evp/evp_enc.c:837:
error reading input file
error reading input file
*** WARNING : deprecated key derivation used.
Using -iter or -pbkdf2 would be better.
error writing output file
40674671B7710000:error:1C800066:Provider routines:aes_wrap_cipher_internal:cipher operation failed:../providers/implementations/ciphers/cipher_aes_wrp.c:212:
40674671B7710000:error:030000BD:digital envelope routines:EVP_DecryptUpdate:update error:../crypto/evp/evp_enc.c:837:
error reading input file
error reading input file
*** WARNING : deprecated key derivation used.
Using -iter or -pbkdf2 would be better.
error writing output file
40D7E39450760000:error:1C800066:Provider routines:aes_wrap_cipher_internal:cipher operation failed:../providers/implementations/ciphers/cipher_aes_wrp.c:212:
40D7E39450760000:error:030000BD:digital envelope routines:EVP_DecryptUpdate:update error:../crypto/evp/evp_enc.c:837:
error reading input file
error reading input file
*** WARNING : deprecated key derivation used.
Using -iter or -pbkdf2 would be better.
error writing output file
40A707DF14780000:error:1C800066:Provider routines:aes_wrap_cipher_internal:cipher operation failed:../providers/implementations/ciphers/cipher_aes_wrp.c:212:
40A707DF14780000:error:030000BD:digital envelope routines:EVP_DecryptUpdate:update error:../crypto/evp/evp_enc.c:837:
error reading input file
error reading input file
*** WARNING : deprecated key derivation used.
Using -iter or -pbkdf2 would be better.
bad decrypt
40E781CB267F0000:error:1C800064:Provider routines:ossl_cipher_unpadblock:bad decrypt:../providers/implementations/ciphers/ciphercommon_block.c:124:
bad magic number
error reading input file
*** WARNING : deprecated key derivation used.
Using -iter or -pbkdf2 would be better.
bad magic number
error reading input file
*** WARNING : deprecated key derivation used.
Using -iter or -pbkdf2 would be better.
bad magic number
error reading input file
*** WARNING : deprecated key derivation used.
Using -iter or -pbkdf2 would be better.
bad magic number
error reading input file
*** WARNING : deprecated key derivation used.
Using -iter or -pbkdf2 would be better.
bad magic number
error reading input file
*** WARNING : deprecated key derivation used.
Using -iter or -pbkdf2 would be better.
bad decrypt
4047A8B2F8750000:error:1C800064:Provider routines:ossl_cipher_unpadblock:bad decrypt:../providers/implementations/ciphers/ciphercommon_block.c:124:
bad magic number
error reading input file
*** WARNING : deprecated key derivation used.
Using -iter or -pbkdf2 would be better.
bad magic number
error reading input file
*** WARNING : deprecated key derivation used.
Using -iter or -pbkdf2 would be better.
bad decrypt
407782DF947F0000:error:1C800064:Provider routines:ossl_cipher_unpadblock:bad decrypt:../providers/implementations/ciphers/ciphercommon_block.c:124:
bad magic number
error reading input file
*** WARNING : deprecated key derivation used.
Using -iter or -pbkdf2 would be better.
bad magic number
error reading input file
*** WARNING : deprecated key derivation used.
Using -iter or -pbkdf2 would be better.
bad magic number
error reading input file
*** WARNING : deprecated key derivation used.
Using -iter or -pbkdf2 would be better.
bad magic number
error reading input file
*** WARNING : deprecated key derivation used.
Using -iter or -pbkdf2 would be better.
bad magic number
error reading input file
*** WARNING : deprecated key derivation used.
Using -iter or -pbkdf2 would be better.
bad decrypt
4007EF9EE4790000:error:1C800064:Provider routines:ossl_cipher_unpadblock:bad decrypt:../providers/implementations/ciphers/ciphercommon_block.c:124:
bad magic number
error reading input file
*** WARNING : deprecated key derivation used.
Using -iter or -pbkdf2 would be better.
bad magic number
error reading input file
*** WARNING : deprecated key derivation used.
Using -iter or -pbkdf2 would be better.
*** WARNING : deprecated key derivation used.
Using -iter or -pbkdf2 would be better.
*** WARNING : deprecated key derivation used.
Using -iter or -pbkdf2 would be better.
*** WARNING : deprecated key derivation used.
Using -iter or -pbkdf2 would be better.
bad magic number
error reading input file
*** WARNING : deprecated key derivation used.
Using -iter or -pbkdf2 would be better.
bad magic number
error reading input file
*** WARNING : deprecated key derivation used.
Using -iter or -pbkdf2 would be better.
bad magic number
error reading input file
*** WARNING : deprecated key derivation used.
Using -iter or -pbkdf2 would be better.
bad magic number
error reading input file
*** WARNING : deprecated key derivation used.
Using -iter or -pbkdf2 would be better.
bad decrypt
40D7264936710000:error:1C800064:Provider routines:ossl_cipher_unpadblock:bad decrypt:../providers/implementations/ciphers/ciphercommon_block.c:124:
bad magic number
error reading input file
*** WARNING : deprecated key derivation used.
Using -iter or -pbkdf2 would be better.
bad magic number
error reading input file
*** WARNING : deprecated key derivation used.
Using -iter or -pbkdf2 would be better.
bad decrypt
40E731E8F4780000:error:1C800064:Provider routines:ossl_cipher_unpadblock:bad decrypt:../providers/implementations/ciphers/ciphercommon_block.c:124:
bad magic number
error reading input file
*** WARNING : deprecated key derivation used.
Using -iter or -pbkdf2 would be better.
error writing output file
40B7A098A7780000:error:1C800066:Provider routines:aes_wrap_cipher_internal:cipher operation failed:../providers/implementations/ciphers/cipher_aes_wrp.c:212:
40B7A098A7780000:error:030000BD:digital envelope routines:EVP_DecryptUpdate:update error:../crypto/evp/evp_enc.c:837:
error reading input file
error reading input file
*** WARNING : deprecated key derivation used.
Using -iter or -pbkdf2 would be better.
bad decrypt
40A7230976790000:error:1C800064:Provider routines:ossl_cipher_unpadblock:bad decrypt:../providers/implementations/ciphers/ciphercommon_block.c:124:
bad magic number
error reading input file
*** WARNING : deprecated key derivation used.
Using -iter or -pbkdf2 would be better.
error writing output file
4097239D1B7B0000:error:1C800066:Provider routines:aes_wrap_cipher_internal:cipher operation failed:../providers/implementations/ciphers/cipher_aes_wrp.c:212:
4097239D1B7B0000:error:030000BD:digital envelope routines:EVP_DecryptUpdate:update error:../crypto/evp/evp_enc.c:837:
error reading input file
error reading input file
*** WARNING : deprecated key derivation used.
Using -iter or -pbkdf2 would be better.
*** WARNING : deprecated key derivation used.
Using -iter or -pbkdf2 would be better.
*** WARNING : deprecated key derivation used.
Using -iter or -pbkdf2 would be better.
*** WARNING : deprecated key derivation used.
Using -iter or -pbkdf2 would be better.
error writing output file
40F7439871770000:error:1C800066:Provider routines:aes_wrap_cipher_internal:cipher operation failed:../providers/implementations/ciphers/cipher_aes_wrp.c:212:
40F7439871770000:error:030000BD:digital envelope routines:EVP_DecryptUpdate:update error:../crypto/evp/evp_enc.c:837:
error reading input file
error reading input file
*** WARNING : deprecated key derivation used.
Using -iter or -pbkdf2 would be better.
error writing output file
40D78D2071790000:error:1C800066:Provider routines:aes_wrap_cipher_internal:cipher operation failed:../providers/implementations/ciphers/cipher_aes_wrp.c:212:
40D78D2071790000:error:030000BD:digital envelope routines:EVP_DecryptUpdate:update error:../crypto/evp/evp_enc.c:837:
error reading input file
error reading input file
*** WARNING : deprecated key derivation used.
Using -iter or -pbkdf2 would be better.
error writing output file
4077461D1B790000:error:1C800066:Provider routines:aes_wrap_cipher_internal:cipher operation failed:../providers/implementations/ciphers/cipher_aes_wrp.c:212:
4077461D1B790000:error:030000BD:digital envelope routines:EVP_DecryptUpdate:update error:../crypto/evp/evp_enc.c:837:
error reading input file
error reading input file
*** WARNING : deprecated key derivation used.
Using -iter or -pbkdf2 would be better.
error writing output file
40271D8A077C0000:error:1C800066:Provider routines:aes_wrap_cipher_internal:cipher operation failed:../providers/implementations/ciphers/cipher_aes_wrp.c:212:
40271D8A077C0000:error:030000BD:digital envelope routines:EVP_DecryptUpdate:update error:../crypto/evp/evp_enc.c:837:
error reading input file
error reading input file
*** WARNING : deprecated key derivation used.
Using -iter or -pbkdf2 would be better.
error writing output file
4097E6DD91790000:error:1C800066:Provider routines:aes_wrap_cipher_internal:cipher operation failed:../providers/implementations/ciphers/cipher_aes_wrp.c:212:
4097E6DD91790000:error:030000BD:digital envelope routines:EVP_DecryptUpdate:update error:../crypto/evp/evp_enc.c:837:
error reading input file
error reading input file
*** WARNING : deprecated key derivation used.
Using -iter or -pbkdf2 would be better.
error writing output file
40F7E5A492770000:error:1C800066:Provider routines:aes_wrap_cipher_internal:cipher operation failed:../providers/implementations/ciphers/cipher_aes_wrp.c:212:
40F7E5A492770000:error:030000BD:digital envelope routines:EVP_DecryptUpdate:update error:../crypto/evp/evp_enc.c:837:
error reading input file
error reading input file
*** WARNING : deprecated key derivation used.
Using -iter or -pbkdf2 would be better.
error writing output file
4027CD37B9780000:error:1C800066:Provider routines:aes_wrap_cipher_internal:cipher operation failed:../providers/implementations/ciphers/cipher_aes_wrp.c:212:
4027CD37B9780000:error:030000BD:digital envelope routines:EVP_DecryptUpdate:update error:../crypto/evp/evp_enc.c:837:
error reading input file
error reading input file
