*** WARNING : deprecated key derivation used.
Using -iter or -pbkdf2 would be better.
bad decrypt
4057FB0008700000:error:1C800064:Provider routines:ossl_cipher_unpadblock:bad decrypt:../providers/implementations/ciphers/ciphercommon_block.c:124:
bad magic number
error reading input file
*** WARNING : deprecated key derivation used.
Using -iter or -pbkdf2 would be better.
bad magic number
error reading input file
*** WARNING : deprecated key derivation used.
Using -iter or -pbkdf2 would be better.
bad magic number
error reading input file
*** WARNING : deprecated key derivation used.
Using -iter or -pbkdf2 would be better.
bad magic number
error reading input file
*** WARNING : deprecated key derivation used.
Using -iter or -pbkdf2 would be better.
bad magic number
error reading input file
*** WARNING : deprecated key derivation used.
Using -iter or -pbkdf2 would be better.
bad decrypt
400718C0747C0000:error:1C800064:Provider routines:ossl_cipher_unpadblock:bad decrypt:../providers/implementations/ciphers/ciphercommon_block.c:124:
bad magic number
error reading input file
*** WARNING : deprecated key derivation used.
Using -iter or -pbkdf2 would be better.
bad magic number
error reading input file
*** WARNING : deprecated key derivation used.
Using -iter or -pbkdf2 would be better.
bad decrypt
4027F636CE720000:error:1C800064:Provider routines:ossl_cipher_unpadblock:bad decrypt:../providers/implementations/ciphers/ciphercommon_block.c:124:
bad magic number
error reading input file
*** WARNING : deprecated key derivation used.
Using -iter or -pbkdf2 would be better.
bad magic number
error reading input file
*** WARNING : deprecated key derivation used.
Using -iter or -pbkdf2 would be better.
bad magic number
error reading input file
*** WARNING : deprecated key derivation used.
Using -iter or -pbkdf2 would be better.
bad magic number
error reading input file
*** WARNING : deprecated key derivation used.
Using -iter or -pbkdf2 would be better.
bad magic number
error reading input file
*** WARNING : deprecated key derivation used.
Using -iter or -pbkdf2 would be better.
bad decrypt
40475C2EEA7A0000:error:1C800064:Provider routines:ossl_cipher_unpadblock:bad decrypt:../providers/implementations/ciphers/ciphercommon_block.c:124:
bad magic number
error reading input file
*** WARNING : deprecated key derivation used.
Using -iter or -pbkdf2 would be better.
bad magic number
error reading input file
*** WARNING : deprecated key derivation used.
Using -iter or -pbkdf2 would be better.
*** WARNING : deprecated key derivation used.
Using -iter or -pbkdf2 would be better.
*** WARNING : deprecated key derivation used.
Using -iter or -pbkdf2 would be better.
*** WARNING : deprecated key derivation used.
Using -iter or -pbkdf2 would be better.
bad magic number
error reading input file
*** WARNING : deprecated key derivation used.
Using -iter or -pbkdf2 would be better.
bad magic number
error reading input file
*** WARNING : deprecated key derivation used.
Using -iter or -pbkdf2 would be better.
bad magic number
error reading input file
*** WARNING : deprecated key derivation used.
Using -iter or -pbkdf2 would be better.
bad magic number
error reading input file
*** WARNING : deprecated key derivation used.
Using -iter or -pbkdf2 would be better.
bad decrypt
40D790A1457B0000:error:1C800064:Provider routines:ossl_cipher_unpadblock:bad decrypt:../providers/implementations/ciphers/ciphercommon_block.c:124:
bad magic number
error reading input file
*** WARNING : deprecated key derivation used.
Using -iter or -pbkdf2 would be better.
bad magic number
error reading input file
*** WARNING : deprecated key derivation used.
Using -iter or -pbkdf2 would be better.
bad decrypt
4097F41A3D700000:error:1C800064:Provider routines:ossl_cipher_unpadblock:bad decrypt:../providers/implementations/ciphers/ciphercommon_block.c:124:
bad magic number
error reading input file
*** WARNING : deprecated key derivation used.
Using -iter or -pbkdf2 would be better.
error writing output file
4017DB52D47A0000:error:1C800066:Provider routines:aes_wrap_cipher_internal:cipher operation failed:../providers/implementations/ciphers/cipher_aes_wrp.c:212:
4017DB52D47A0000:error:030000BD:digital envelope routines:EVP_DecryptUpdate:update error:../crypto/evp/evp_enc.c:837:
error reading input file
error reading input file
*** WARNING : deprecated key derivation used.
Using -iter or -pbkdf2 would be better.
bad decrypt
40775E20AF750000:error:1C800064:Provider routines:ossl_cipher_unpadblock:bad decrypt:../providers/implementations/ciphers/ciphercommon_block.c:124:
bad magic number
error reading input file
*** WARNING : deprecated key derivation used.
Using -iter or -pbkdf2 would be better.
error writing output file
40F71890DC7F0000:error:1C800066:Provider routines:aes_wrap_cipher_internal:cipher operation failed:../providers/implementations/ciphers/cipher_aes_wrp.c:212:
40F71890DC7F0000:error:030000BD:digital envelope routines:EVP_DecryptUpdate:update error:../crypto/evp/evp_enc.c:837:
error reading input file
error reading input file
*** WARNING : deprecated key derivation used.
Using -iter or -pbkdf2 would be better.
*** WARNING : deprecated key derivation used.
Using -iter or -pbkdf2 would be better.
*** WARNING : deprecated key derivation used.
Using -iter or -pbkdf2 would be better.
*** WARNING : deprecated key derivation used.
Using -iter or -pbkdf2 would be better.
error writing output file
40B775E1FC730000:error:1C800066:Provider routines:aes_wrap_cipher_internal:cipher operation failed:../providers/implementations/ciphers/cipher_aes_wrp.c:212:
40B775E1FC730000:error:030000BD:digital envelope routines:EVP_DecryptUpdate:update error:../crypto/evp/evp_enc.c:837:
error reading input file
error reading input file
*** WARNING : deprecated key derivation used.
Using -iter or -pbkdf2 would be better.
error writing output file
40E711B76D720000:error:1C800066:Provider routines:aes_wrap_cipher_internal:cipher operation failed:../providers/implementations/ciphers/cipher_aes_wrp.c:212:
40E711B76D720000:error:030000BD:digital envelope routines:EVP_DecryptUpdate:update error:../crypto/evp/evp_enc.c:837:
error reading input file
error reading input file
*** WARNING : deprecated key derivation used.
Using -iter or -pbkdf2 would be better.
error writing output file
40A708FB6B770000:error:1C800066:Provider routines:aes_wrap_cipher_internal:cipher operation failed:../providers/implementations/ciphers/cipher_aes_wrp.c:212:
40A708FB6B770000:error:030000BD:digital envelope routines:EVP_DecryptUpdate:update error:../crypto/evp/evp_enc.c:837:
error reading input file
error reading input file
*** WARNING : deprecated key derivation used.
Using -iter or -pbkdf2 would be better.
error writing output file
408784CD317E0000:error:1C800066:Provider routines:aes_wrap_cipher_internal:cipher operation failed:../providers/implementations/ciphers/cipher_aes_wrp.c:212:
408784CD317E0000:error:030000BD:digital envelope routines:EVP_DecryptUpdate:update error:../crypto/evp/evp_enc.c:837:
error reading input file
error reading input file
*** WARNING : deprecated key derivation used.
Using -iter or -pbkdf2 would be better.
error writing output file
40477FA9087C0000:error:1C800066:Provider routines:aes_wrap_cipher_internal:cipher operation failed:../providers/implementations/ciphers/cipher_aes_wrp.c:212:
40477FA9087C0000:error:030000BD:digital envelope routines:EVP_DecryptUpdate:update error:../crypto/evp/evp_enc.c:837:
error reading input file
error reading input file
*** WARNING : deprecated key derivation used.
Using -iter or -pbkdf2 would be better.
error writing output file
40A774CE9E790000:error:1C800066:Provider routines:aes_wrap_cipher_internal:cipher operation failed:../providers/implementations/ciphers/cipher_aes_wrp.c:212:
40A774CE9E790000:error:030000BD:digital envelope routines:EVP_DecryptUpdate:update error:../crypto/evp/evp_enc.c:837:
error reading input file
error reading input file
*** WARNING : deprecated key derivation used.
Using -iter or -pbkdf2 would be better.
error writing output file
40B7263252730000:error:1C800066:Provider routines:aes_wrap_cipher_internal:cipher operation failed:../providers/implementations/ciphers/cipher_aes_wrp.c:212:
40B7263252730000:error:030000BD:digital envelope routines:EVP_DecryptUpdate:update error:../crypto/evp/evp_enc.c:837:
error reading input file
error reading input file
*** WARNING : deprecated key derivation used.
Using -iter or -pbkdf2 would be better.
bad decrypt
4037B4C7E7700000:error:1C800064:Provider routines:ossl_cipher_unpadblock:bad decrypt:../providers/implementations/ciphers/ciphercommon_block.c:124:
bad magic number
error reading input file
*** WARNING : deprecated key derivation used.
Using -iter or -pbkdf2 would be better.
bad magic number
error reading input file
*** WARNING : deprecated key derivation used.
Using -iter or -pbkdf2 would be better.
bad magic number
error reading input file
*** WARNING : deprecated key derivation used.
Using -iter or -pbkdf2 would be better.
bad magic number
error reading input file
*** WARNING : deprecated key derivation used.
Using -iter or -pbkdf2 would be better.
bad magic number
error reading input file
*** WARNING : deprecated key derivation used.
Using -iter or -pbkdf2 would be better.
bad decrypt
40570DA3087A0000:error:1C800064:Provider routines:ossl_cipher_unpadblock:bad decrypt:../providers/implementations/ciphers/ciphercommon_block.c:124:
bad magic number
error reading input file
*** WARNING : deprecated key derivation used.
Using -iter or -pbkdf2 would be better.
bad magic number
error reading input file
*** WARNING : deprecated key derivation used.
Using -iter or -pbkdf2 would be better.
bad decrypt
4077AA57227C0000:error:1C800064:Provider routines:ossl_cipher_unpadblock:bad decrypt:../providers/implementations/ciphers/ciphercommon_block.c:124:
bad magic number
error reading input file
*** WARNING : deprecated key derivation used.
Using -iter or -pbkdf2 would be better.
bad magic number
error reading input file
*** WARNING : deprecated key derivation used.
Using -iter or -pbkdf2 would be better.
bad magic number
error reading input file
*** WARNING : deprecated key derivation used.
Using -iter or -pbkdf2 would be better.
bad magic number
error reading input file
*** WARNING : deprecated key derivation used.
Using -iter or -pbkdf2 would be better.
bad magic number
error reading input file
*** WARNING : deprecated key derivation used.
Using -iter or -pbkdf2 would be better.
bad decrypt
40E7FA38E17B0000:error:1C800064:Provider routines:ossl_cipher_unpadblock:bad decrypt:../providers/implementations/ciphers/ciphercommon_block.c:124:
bad magic number
error reading input file
*** WARNING : deprecated key derivation used.
Using -iter or -pbkdf2 would be better.
bad magic number
error reading input file
*** WARNING : deprecated key derivation used.
Using -iter or -pbkdf2 would be better.
*** WARNING : deprecated key derivation used.
Using -iter or -pbkdf2 would be better.
*** WARNING : deprecated key derivation used.
Using -iter or -pbkdf2 would be better.
*** WARNING : deprecated key derivation used.
Using -iter or -pbkdf2 would be better.
bad magic number
error reading input file
*** WARNING : deprecated key derivation used.
Using -iter or -pbkdf2 would be better.
bad magic number
error reading input file
*** WARNING : deprecated key derivation used.
Using -iter or -pbkdf2 would be better.
bad magic number
error reading input file
*** WARNING : deprecated key derivation used.
Using -iter or -pbkdf2 would be better.
bad magic number
error reading input file
*** WARNING : deprecated key derivation used.
Using -iter or -pbkdf2 would be better.
bad decrypt
40E7849DFE710000:error:1C800064:Provider routines:ossl_cipher_unpadblock:bad decrypt:../providers/implementations/ciphers/ciphercommon_block.c:124:
bad magic number
error reading input file
*** WARNING : deprecated key derivation used.
Using -iter or -pbkdf2 would be better.
bad magic number
error reading input file
*** WARNING : deprecated key derivation used.
Using -iter or -pbkdf2 would be better.
bad decrypt
40B759A4D8730000:error:1C800064:Provider routines:ossl_cipher_unpadblock:bad decrypt:../providers/implementations/ciphers/ciphercommon_block.c:124:
bad magic number
error reading input file
*** WARNING : deprecated key derivation used.
Using -iter or -pbkdf2 would be better.
error writing output file
4087451F9D7F0000:error:1C800066:Provider routines:aes_wrap_cipher_internal:cipher operation failed:../providers/implementations/ciphers/cipher_aes_wrp.c:212:
4087451F9D7F0000:error:030000BD:digital envelope routines:EVP_DecryptUpdate:update error:../crypto/evp/evp_enc.c:837:
error reading input file
error reading input file
*** WARNING : deprecated key derivation used.
Using -iter or -pbkdf2 would be better.
bad decrypt
40971E7C7B730000:error:1C800064:Provider routines:ossl_cipher_unpadblock:bad decrypt:../providers/implementations/ciphers/ciphercommon_block.c:124:
bad magic number
error reading input file
*** WARNING : deprecated key derivation used.
Using -iter or -pbkdf2 would be better.
error writing output file
4007EE2422740000:error:1C800066:Provider routines:aes_wrap_cipher_internal:cipher operation failed:../providers/implementations/ciphers/cipher_aes_wrp.c:212:
4007EE2422740000:error:030000BD:digital envelope routines:EVP_DecryptUpdate:update error:../crypto/evp/evp_enc.c:837:
error reading input file
error reading input file
*** WARNING : deprecated key derivation used.
Using -iter or -pbkdf2 would be better.
*** WARNING : deprecated key derivation used.
Using -iter or -pbkdf2 would be better.
*** WARNING : deprecated key derivation used.
Using -iter or -pbkdf2 would be better.
*** WARNING : deprecated key derivation used.
Using -iter or -pbkdf2 would be better.
error writing output file
4027696213700000:error:1C800066:Provider routines:aes_wrap_cipher_internal:cipher operation failed:../providers/implementations/ciphers/cipher_aes_wrp.c:212:
4027696213700000:error:030000BD:digital envelope routines:EVP_DecryptUpdate:update error:../crypto/evp/evp_enc.c:837:
error reading input file
error reading input file
*** WARNING : deprecated key derivation used.
Using -iter or -pbkdf2 would be better.
error writing output file
4067434774740000:error:1C800066:Provider routines:aes_wrap_cipher_internal:cipher operation failed:../providers/implementations/ciphers/cipher_aes_wrp.c:212:
4067434774740000:error:030000BD:digital envelope routines:EVP_DecryptUpdate:update error:../crypto/evp/evp_enc.c:837:
error reading input file
error reading input file
*** WARNING : deprecated key derivation used.
Using -iter or -pbkdf2 would be better.
error writing output file
407713CFB6700000:error:1C800066:Provider routines:aes_wrap_cipher_internal:cipher operation failed:../providers/implementations/ciphers/cipher_aes_wrp.c:212:
407713CFB6700000:error:030000BD:digital envelope routines:EVP_DecryptUpdate:update error:../crypto/evp/evp_enc.c:837:
error reading input file
error reading input file
*** WARNING : deprecated key derivation used.
Using -iter or -pbkdf2 would be better.
error writing output file
40E7BF20BB7B0000:error:1C800066:Provider routines:aes_wrap_cipher_internal:cipher operation failed:../providers/implementations/ciphers/cipher_aes_wrp.c:212:
40E7BF20BB7B0000:error:030000BD:digital envelope routines:EVP_DecryptUpdate:update error:../crypto/evp/evp_enc.c:837:
error reading input file
error reading input file
*** WARNING : deprecated key derivation used.
Using -iter or -pbkdf2 would be better.
error writing output file
40376666C17A0000:error:1C800066:Provider routines:aes_wrap_cipher_internal:cipher operation failed:../providers/implementations/ciphers/cipher_aes_wrp.c:212:
40376666C17A0000:error:030000BD:digital envelope routines:EVP_DecryptUpdate:update error:../crypto/evp/evp_enc.c:837:
error reading input file
error reading input file
*** WARNING : deprecated key derivation used.
Using -iter or -pbkdf2 would be better.
error writing output file
4037DEFDFA7E0000:error:1C800066:Provider routines:aes_wrap_cipher_internal:cipher operation failed:../providers/implementations/ciphers/cipher_aes_wrp.c:212:
4037DEFDFA7E0000:error:030000BD:digital envelope routines:EVP_DecryptUpdate:update error:../crypto/evp/evp_enc.c:837:
error reading input file
error reading input file
*** WARNING : deprecated key derivation used.
Using -iter or -pbkdf2 would be better.
error writing output file
4067312C4E7D0000:error:1C800066:Provider routines:aes_wrap_cipher_internal:cipher operation failed:../providers/implementations/ciphers/cipher_aes_wrp.c:212:
4067312C4E7D0000:error:030000BD:digital envelope routines:EVP_DecryptUpdate:update error:../crypto/evp/evp_enc.c:837:
error reading input file
error reading input file
*** WARNING : deprecated key derivation used.
Using -iter or -pbkdf2 would be better.
bad decrypt
4087FE476A7F0000:error:1C800064:Provider routines:ossl_cipher_unpadblock:bad decrypt:../providers/implementations/ciphers/ciphercommon_block.c:124:
bad magic number
error reading input file
*** WARNING : deprecated key derivation used.
Using -iter or -pbkdf2 would be better.
bad magic number
error reading input file
*** WARNING : deprecated key derivation used.
Using -iter or -pbkdf2 would be better.
bad magic number
error reading input file
*** WARNING : deprecated key derivation used.
Using -iter or -pbkdf2 would be better.
bad magic number
error reading input file
*** WARNING : deprecated key derivation used.
Using -iter or -pbkdf2 would be better.
bad magic number
error reading input file
*** WARNING : deprecated key derivation used.
Using -iter or -pbkdf2 would be better.
bad decrypt
40A7196BE4790000:error:1C800064:Provider routines:ossl_cipher_unpadblock:bad decrypt:../providers/implementations/ciphers/ciphercommon_block.c:124:
bad magic number
error reading input file
*** WARNING : deprecated key derivation used.
Using -iter or -pbkdf2 would be better.
bad magic number
error reading input file
*** WARNING : deprecated key derivation used.
Using -iter or -pbkdf2 would be better.
bad decrypt
40574E73AB7B0000:error:1C800064:Provider routines:ossl_cipher_unpadblock:bad decrypt:../providers/implementations/ciphers/ciphercommon_block.c:124:
bad magic number
error reading input file
*** WARNING : deprecated key derivation used.
Using -iter or -pbkdf2 would be better.
bad magic number
error reading input file
*** WARNING : deprecated key derivation used.
Using -iter or -pbkdf2 would be better.
bad magic number
error reading input file
*** WARNING : deprecated key derivation used.
Using -iter or -pbkdf2 would be better.
bad magic number
error reading input file
*** WARNING : deprecated key derivation used.
Using -iter or -pbkdf2 would be better.
bad magic number
error reading input file
*** WARNING : deprecated key derivation used.
Using -iter or -pbkdf2 would be better.
bad decrypt
40C766E3C2700000:error:1C800064:Provider routines:ossl_cipher_unpadblock:bad decrypt:../providers/implementations/ciphers/ciphercommon_block.c:124:
bad magic number
error reading input file
*** WARNING : deprecated key derivation used.
Using -iter or -pbkdf2 would be better.
bad magic number
error reading input file
*** WARNING : deprecated key derivation used.
Using -iter or -pbkdf2 would be better.
*** WARNING : deprecated key derivation used.
Using -iter or -pbkdf2 would be better.
*** WARNING : deprecated key derivation used.
Using -iter or -pbkdf2 would be better.
*** WARNING : deprecated key derivation used.
Using -iter or -pbkdf2 would be better.
bad magic number
error reading input file
*** WARNING : deprecated key derivation used.
Using -iter or -pbkdf2 would be better.
bad magic number
error reading input file
*** WARNING : deprecated key derivation used.
Using -iter or -pbkdf2 would be better.
bad magic number
error reading input file
*** WARNING : deprecated key derivation used.
Using -iter or -pbkdf2 would be better.
bad magic number
error reading input file
*** WARNING : deprecated key derivation used.
Using -iter or -pbkdf2 would be better.
bad decrypt
404743BBF9700000:error:1C800064:Provider routines:ossl_cipher_unpadblock:bad decrypt:../providers/implementations/ciphers/ciphercommon_block.c:124:
bad magic number
error reading input file
*** WARNING : deprecated key derivation used.
Using -iter or -pbkdf2 would be better.
bad magic number
error reading input file
*** WARNING : deprecated key derivation used.
Using -iter or -pbkdf2 would be better.
bad decrypt
40F7964C45760000:error:1C800064:Provider routines:ossl_cipher_unpadblock:bad decrypt:../providers/implementations/ciphers/ciphercommon_block.c:124:
bad magic number
error reading input file
*** WARNING : deprecated key derivation used.
Using -iter or -pbkdf2 would be better.
error writing output file
407746DB8B760000:error:1C800066:Provider routines:aes_wrap_cipher_internal:cipher operation failed:../providers/implementations/ciphers/cipher_aes_wrp.c:212:
407746DB8B760000:error:030000BD:digital envelope routines:EVP_DecryptUpdate:update error:../crypto/evp/evp_enc.c:837:
error reading input file
error reading input file
*** WARNING : deprecated key derivation used.
Using -iter or -pbkdf2 would be better.
bad decrypt
40879E7D40740000:error:1C800064:Provider routines:ossl_cipher_unpadblock:bad decrypt:../providers/implementations/ciphers/ciphercommon_block.c:124:
bad magic number
error reading input file
*** WARNING : deprecated key derivation used.
Using -iter or -pbkdf2 would be better.
error writing output file
40878C3521760000:error:1C800066:Provider routines:aes_wrap_cipher_internal:cipher operation failed:../providers/implementations/ciphers/cipher_aes_wrp.c:212:
40878C3521760000:error:030000BD:digital envelope routines:EVP_DecryptUpdate:update error:../crypto/evp/evp_enc.c:837:
error reading input file
error reading input file
*** WARNING : deprecated key derivation used.
Using -iter or -pbkdf2 would be better.
*** WARNING : deprecated key derivation used.
Using -iter or -pbkdf2 would be better.
*** WARNING : deprecated key derivation used.
Using -iter or -pbkdf2 would be better.
*** WARNING : deprecated key derivation used.
Using -iter or -pbkdf2 would be better.
error writing output file
4017C1DA67740000:error:1C800066:Provider routines:aes_wrap_cipher_internal:cipher operation failed:../providers/implementations/ciphers/cipher_aes_wrp.c:212:
4017C1DA67740000:error:030000BD:digital envelope routines:EVP_DecryptUpdate:update error:../crypto/evp/evp_enc.c:837:
error reading input file
error reading input file
*** WARNING : deprecated key derivation used.
Using -iter or -pbkdf2 would be better.
error writing output file
40F7BF9B5B7F0000:error:1C800066:Provider routines:aes_wrap_cipher_internal:cipher operation failed:../providers/implementations/ciphers/cipher_aes_wrp.c:212:
40F7BF9B5B7F0000:error:030000BD:digital envelope routines:EVP_DecryptUpdate:update error:../crypto/evp/evp_enc.c:837:
error reading input file
error reading input file
*** WARNING : deprecated key derivation used.
Using -iter or -pbkdf2 would be better.
error writing output file
40C7EF80867A0000:error:1C800066:Provider routines:aes_wrap_cipher_internal:cipher operation failed:../providers/implementations/ciphers/cipher_aes_wrp.c:212:
40C7EF80867A0000:error:030000BD:digital envelope routines:EVP_DecryptUpdate:update error:../crypto/evp/evp_enc.c:837:
error reading input file
error reading input file
*** WARNING : deprecated key derivation used.
Using -iter or -pbkdf2 would be better.
error writing output file
40C761E3F8740000:error:1C800066:Provider routines:aes_wrap_cipher_internal:cipher operation failed:../providers/implementations/ciphers/cipher_aes_wrp.c:212:
40C761E3F8740000:error:030000BD:digital envelope routines:EVP_DecryptUpdate:update error:../crypto/evp/evp_enc.c:837:
error reading input file
error reading input file
*** WARNING : deprecated key derivation used.
Using -iter or -pbkdf2 would be better.
error writing output file
4097C45D84720000:error:1C800066:Provider routines:aes_wrap_cipher_internal:cipher operation failed:../providers/implementations/ciphers/cipher_aes_wrp.c:212:
4097C45D84720000:error:030000BD:digital envelope routines:EVP_DecryptUpdate:update error:../crypto/evp/evp_enc.c:837:
error reading input file
error reading input file
*** WARNING : deprecated key derivation used.
Using -iter or -pbkdf2 would be better.
error writing output file
4017E0FD4A7D0000:error:1C800066:Provider routines:aes_wrap_cipher_internal:cipher operation failed:../providers/implementations/ciphers/cipher_aes_wrp.c:212:
4017E0FD4A7D0000:error:030000BD:digital envelope routines:EVP_DecryptUpdate:update error:../crypto/evp/evp_enc.c:837:
error reading input file
error reading input file
*** WARNING : deprecated key derivation used.
Using -iter or -pbkdf2 would be better.
error writing output file
4047A2C9CB7A0000:error:1C800066:Provider routines:aes_wrap_cipher_internal:cipher operation failed:../providers/implementations/ciphers/cipher_aes_wrp.c:212:
4047A2C9CB7A0000:error:030000BD:digital envelope routines:EVP_DecryptUpdate:update error:../crypto/evp/evp_enc.c:837:
error reading input file
error reading input file
