Importing keystore keystore10.jks to deststore.p12...
Existing entry alias server exists, overwrite? [no]:  Entry for alias server successfully imported.
Import command completed:  1 entries successfully imported, 0 entries failed or cancelled
The command rsautl was deprecated in version 3.0. Use 'pkeyutl' instead.
rsautl: Use -help for summary.
Importing keystore keystore11.jks to deststore.p12...
Existing entry alias server exists, overwrite? [no]:  Enter new alias name	(RETURN to cancel import for this entry):  Entry for alias server not imported.
Import command completed:  0 entries successfully imported, 1 entries failed or cancelled
The command rsautl was deprecated in version 3.0. Use 'pkeyutl' instead.
rsautl: Use -help for summary.
Importing keystore keystore12.jks to deststore.p12...
Existing entry alias server exists, overwrite? [no]:  Enter new alias name	(RETURN to cancel import for this entry):  Entry for alias server not imported.
Import command completed:  0 entries successfully imported, 1 entries failed or cancelled
The command rsautl was deprecated in version 3.0. Use 'pkeyutl' instead.
rsautl: Use -help for summary.
Importing keystore keystore13.jks to deststore.p12...
Existing entry alias server exists, overwrite? [no]:  Enter new alias name	(RETURN to cancel import for this entry):  Entry for alias server not imported.
Import command completed:  0 entries successfully imported, 1 entries failed or cancelled
The command rsautl was deprecated in version 3.0. Use 'pkeyutl' instead.
rsautl: Use -help for summary.
Importing keystore keystore14.jks to deststore.p12...
Existing entry alias server exists, overwrite? [no]:  Enter new alias name	(RETURN to cancel import for this entry):  Entry for alias server not imported.
Import command completed:  0 entries successfully imported, 1 entries failed or cancelled
The command rsautl was deprecated in version 3.0. Use 'pkeyutl' instead.
rsautl: Use -help for summary.
Importing keystore keystore15.jks to deststore.p12...
Existing entry alias server exists, overwrite? [no]:  Enter new alias name	(RETURN to cancel import for this entry):  Entry for alias server not imported.
Import command completed:  0 entries successfully imported, 1 entries failed or cancelled
The command rsautl was deprecated in version 3.0. Use 'pkeyutl' instead.
rsautl: Use -help for summary.
Importing keystore keystore16.jks to deststore.p12...
Existing entry alias server exists, overwrite? [no]:  Enter new alias name	(RETURN to cancel import for this entry):  Entry for alias server not imported.
Import command completed:  0 entries successfully imported, 1 entries failed or cancelled
The command rsautl was deprecated in version 3.0. Use 'pkeyutl' instead.
rsautl: Use -help for summary.
Importing keystore keystore17.jks to deststore.p12...
Existing entry alias server exists, overwrite? [no]:  Enter new alias name	(RETURN to cancel import for this entry):  Entry for alias server not imported.
Import command completed:  0 entries successfully imported, 1 entries failed or cancelled
The command rsautl was deprecated in version 3.0. Use 'pkeyutl' instead.
rsautl: Use -help for summary.
Importing keystore keystore18.jks to deststore.p12...
Existing entry alias server exists, overwrite? [no]:  Enter new alias name	(RETURN to cancel import for this entry):  Entry for alias server not imported.
Import command completed:  0 entries successfully imported, 1 entries failed or cancelled
The command rsautl was deprecated in version 3.0. Use 'pkeyutl' instead.
rsautl: Use -help for summary.
Importing keystore keystore19.jks to deststore.p12...
Existing entry alias server exists, overwrite? [no]:  Enter new alias name	(RETURN to cancel import for this entry):  Entry for alias server not imported.
Import command completed:  0 entries successfully imported, 1 entries failed or cancelled
The command rsautl was deprecated in version 3.0. Use 'pkeyutl' instead.
rsautl: Use -help for summary.
Importing keystore keystore1.jks to deststore.p12...
Existing entry alias server exists, overwrite? [no]:  Enter new alias name	(RETURN to cancel import for this entry):  Entry for alias server not imported.
Import command completed:  0 entries successfully imported, 1 entries failed or cancelled
The command rsautl was deprecated in version 3.0. Use 'pkeyutl' instead.
rsautl: Use -help for summary.
Importing keystore keystore20.jks to deststore.p12...
Existing entry alias server exists, overwrite? [no]:  Enter new alias name	(RETURN to cancel import for this entry):  Entry for alias server not imported.
Import command completed:  0 entries successfully imported, 1 entries failed or cancelled
The command rsautl was deprecated in version 3.0. Use 'pkeyutl' instead.
rsautl: Use -help for summary.
Importing keystore keystore21.jks to deststore.p12...
Existing entry alias server exists, overwrite? [no]:  Enter new alias name	(RETURN to cancel import for this entry):  Entry for alias server not imported.
Import command completed:  0 entries successfully imported, 1 entries failed or cancelled
The command rsautl was deprecated in version 3.0. Use 'pkeyutl' instead.
rsautl: Use -help for summary.
Importing keystore keystore22.jks to deststore.p12...
Existing entry alias server exists, overwrite? [no]:  Enter new alias name	(RETURN to cancel import for this entry):  Entry for alias server not imported.
Import command completed:  0 entries successfully imported, 1 entries failed or cancelled
The command rsautl was deprecated in version 3.0. Use 'pkeyutl' instead.
rsautl: Use -help for summary.
Importing keystore keystore23.jks to deststore.p12...
Existing entry alias server exists, overwrite? [no]:  Enter new alias name	(RETURN to cancel import for this entry):  Entry for alias server not imported.
Import command completed:  0 entries successfully imported, 1 entries failed or cancelled
The command rsautl was deprecated in version 3.0. Use 'pkeyutl' instead.
rsautl: Use -help for summary.
Importing keystore keystore24.jks to deststore.p12...
Existing entry alias server exists, overwrite? [no]:  Enter new alias name	(RETURN to cancel import for this entry):  Entry for alias server not imported.
Import command completed:  0 entries successfully imported, 1 entries failed or cancelled
The command rsautl was deprecated in version 3.0. Use 'pkeyutl' instead.
rsautl: Use -help for summary.
Importing keystore keystore25.jks to deststore.p12...
Existing entry alias server exists, overwrite? [no]:  Enter new alias name	(RETURN to cancel import for this entry):  Entry for alias server not imported.
Import command completed:  0 entries successfully imported, 1 entries failed or cancelled
The command rsautl was deprecated in version 3.0. Use 'pkeyutl' instead.
rsautl: Use -help for summary.
Importing keystore keystore26.jks to deststore.p12...
Existing entry alias server exists, overwrite? [no]:  Enter new alias name	(RETURN to cancel import for this entry):  Entry for alias server not imported.
Import command completed:  0 entries successfully imported, 1 entries failed or cancelled
The command rsautl was deprecated in version 3.0. Use 'pkeyutl' instead.
rsautl: Use -help for summary.
Importing keystore keystore27.jks to deststore.p12...
Existing entry alias server exists, overwrite? [no]:  Enter new alias name	(RETURN to cancel import for this entry):  Entry for alias server not imported.
Import command completed:  0 entries successfully imported, 1 entries failed or cancelled
The command rsautl was deprecated in version 3.0. Use 'pkeyutl' instead.
rsautl: Use -help for summary.
Importing keystore keystore28.jks to deststore.p12...
Existing entry alias server exists, overwrite? [no]:  Enter new alias name	(RETURN to cancel import for this entry):  Entry for alias server not imported.
Import command completed:  0 entries successfully imported, 1 entries failed or cancelled
The command rsautl was deprecated in version 3.0. Use 'pkeyutl' instead.
rsautl: Use -help for summary.
Importing keystore keystore29.jks to deststore.p12...
Existing entry alias server exists, overwrite? [no]:  Enter new alias name	(RETURN to cancel import for this entry):  Entry for alias server not imported.
Import command completed:  0 entries successfully imported, 1 entries failed or cancelled
The command rsautl was deprecated in version 3.0. Use 'pkeyutl' instead.
rsautl: Use -help for summary.
Importing keystore keystore2.jks to deststore.p12...
Existing entry alias server exists, overwrite? [no]:  Enter new alias name	(RETURN to cancel import for this entry):  Entry for alias server not imported.
Import command completed:  0 entries successfully imported, 1 entries failed or cancelled
The command rsautl was deprecated in version 3.0. Use 'pkeyutl' instead.
rsautl: Use -help for summary.
Importing keystore keystore30.jks to deststore.p12...
Existing entry alias server exists, overwrite? [no]:  Enter new alias name	(RETURN to cancel import for this entry):  Entry for alias server not imported.
Import command completed:  0 entries successfully imported, 1 entries failed or cancelled
The command rsautl was deprecated in version 3.0. Use 'pkeyutl' instead.
rsautl: Use -help for summary.
Importing keystore keystore31.jks to deststore.p12...
Existing entry alias server exists, overwrite? [no]:  Enter new alias name	(RETURN to cancel import for this entry):  Entry for alias server not imported.
Import command completed:  0 entries successfully imported, 1 entries failed or cancelled
The command rsautl was deprecated in version 3.0. Use 'pkeyutl' instead.
rsautl: Use -help for summary.
Importing keystore keystore32.jks to deststore.p12...
Existing entry alias server exists, overwrite? [no]:  Enter new alias name	(RETURN to cancel import for this entry):  Entry for alias server not imported.
Import command completed:  0 entries successfully imported, 1 entries failed or cancelled
The command rsautl was deprecated in version 3.0. Use 'pkeyutl' instead.
rsautl: Use -help for summary.
Importing keystore keystore33.jks to deststore.p12...
Existing entry alias server exists, overwrite? [no]:  Enter new alias name	(RETURN to cancel import for this entry):  Entry for alias server not imported.
Import command completed:  0 entries successfully imported, 1 entries failed or cancelled
The command rsautl was deprecated in version 3.0. Use 'pkeyutl' instead.
rsautl: Use -help for summary.
Importing keystore keystore34.jks to deststore.p12...
Existing entry alias server exists, overwrite? [no]:  Enter new alias name	(RETURN to cancel import for this entry):  Entry for alias server not imported.
Import command completed:  0 entries successfully imported, 1 entries failed or cancelled
The command rsautl was deprecated in version 3.0. Use 'pkeyutl' instead.
rsautl: Use -help for summary.
Importing keystore keystore35.jks to deststore.p12...
Existing entry alias server exists, overwrite? [no]:  Enter new alias name	(RETURN to cancel import for this entry):  Entry for alias server not imported.
Import command completed:  0 entries successfully imported, 1 entries failed or cancelled
The command rsautl was deprecated in version 3.0. Use 'pkeyutl' instead.
rsautl: Use -help for summary.
Importing keystore keystore36.jks to deststore.p12...
Existing entry alias server exists, overwrite? [no]:  Enter new alias name	(RETURN to cancel import for this entry):  Entry for alias server not imported.
Import command completed:  0 entries successfully imported, 1 entries failed or cancelled
The command rsautl was deprecated in version 3.0. Use 'pkeyutl' instead.
rsautl: Use -help for summary.
Importing keystore keystore37.jks to deststore.p12...
Existing entry alias server exists, overwrite? [no]:  Enter new alias name	(RETURN to cancel import for this entry):  Entry for alias server not imported.
Import command completed:  0 entries successfully imported, 1 entries failed or cancelled
The command rsautl was deprecated in version 3.0. Use 'pkeyutl' instead.
rsautl: Use -help for summary.
Importing keystore keystore38.jks to deststore.p12...
Existing entry alias server exists, overwrite? [no]:  Enter new alias name	(RETURN to cancel import for this entry):  Entry for alias server not imported.
Import command completed:  0 entries successfully imported, 1 entries failed or cancelled
The command rsautl was deprecated in version 3.0. Use 'pkeyutl' instead.
rsautl: Use -help for summary.
Importing keystore keystore39.jks to deststore.p12...
Existing entry alias server exists, overwrite? [no]:  Enter new alias name	(RETURN to cancel import for this entry):  Entry for alias server not imported.
Import command completed:  0 entries successfully imported, 1 entries failed or cancelled
The command rsautl was deprecated in version 3.0. Use 'pkeyutl' instead.
rsautl: Use -help for summary.
Importing keystore keystore3.jks to deststore.p12...
Existing entry alias server exists, overwrite? [no]:  Enter new alias name	(RETURN to cancel import for this entry):  Entry for alias server not imported.
Import command completed:  0 entries successfully imported, 1 entries failed or cancelled
The command rsautl was deprecated in version 3.0. Use 'pkeyutl' instead.
rsautl: Use -help for summary.
Importing keystore keystore40.jks to deststore.p12...
Existing entry alias server exists, overwrite? [no]:  Enter new alias name	(RETURN to cancel import for this entry):  Entry for alias server not imported.
Import command completed:  0 entries successfully imported, 1 entries failed or cancelled
The command rsautl was deprecated in version 3.0. Use 'pkeyutl' instead.
rsautl: Use -help for summary.
Importing keystore keystore41.jks to deststore.p12...
Existing entry alias server exists, overwrite? [no]:  Enter new alias name	(RETURN to cancel import for this entry):  Entry for alias server not imported.
Import command completed:  0 entries successfully imported, 1 entries failed or cancelled
The command rsautl was deprecated in version 3.0. Use 'pkeyutl' instead.
rsautl: Use -help for summary.
Importing keystore keystore42.jks to deststore.p12...
Existing entry alias server exists, overwrite? [no]:  Enter new alias name	(RETURN to cancel import for this entry):  Entry for alias server not imported.
Import command completed:  0 entries successfully imported, 1 entries failed or cancelled
The command rsautl was deprecated in version 3.0. Use 'pkeyutl' instead.
rsautl: Use -help for summary.
Importing keystore keystore43.jks to deststore.p12...
Existing entry alias server exists, overwrite? [no]:  Enter new alias name	(RETURN to cancel import for this entry):  Entry for alias server not imported.
Import command completed:  0 entries successfully imported, 1 entries failed or cancelled
The command rsautl was deprecated in version 3.0. Use 'pkeyutl' instead.
rsautl: Use -help for summary.
Importing keystore keystore44.jks to deststore.p12...
Existing entry alias server exists, overwrite? [no]:  Enter new alias name	(RETURN to cancel import for this entry):  Entry for alias server not imported.
Import command completed:  0 entries successfully imported, 1 entries failed or cancelled
The command rsautl was deprecated in version 3.0. Use 'pkeyutl' instead.
rsautl: Use -help for summary.
Importing keystore keystore45.jks to deststore.p12...
Existing entry alias server exists, overwrite? [no]:  Enter new alias name	(RETURN to cancel import for this entry):  Entry for alias server not imported.
Import command completed:  0 entries successfully imported, 1 entries failed or cancelled
The command rsautl was deprecated in version 3.0. Use 'pkeyutl' instead.
rsautl: Use -help for summary.
Importing keystore keystore46.jks to deststore.p12...
Existing entry alias server exists, overwrite? [no]:  Enter new alias name	(RETURN to cancel import for this entry):  Entry for alias server not imported.
Import command completed:  0 entries successfully imported, 1 entries failed or cancelled
The command rsautl was deprecated in version 3.0. Use 'pkeyutl' instead.
rsautl: Use -help for summary.
Importing keystore keystore47.jks to deststore.p12...
Existing entry alias server exists, overwrite? [no]:  Enter new alias name	(RETURN to cancel import for this entry):  Entry for alias server not imported.
Import command completed:  0 entries successfully imported, 1 entries failed or cancelled
The command rsautl was deprecated in version 3.0. Use 'pkeyutl' instead.
rsautl: Use -help for summary.
Importing keystore keystore48.jks to deststore.p12...
Existing entry alias server exists, overwrite? [no]:  Enter new alias name	(RETURN to cancel import for this entry):  Entry for alias server not imported.
Import command completed:  0 entries successfully imported, 1 entries failed or cancelled
The command rsautl was deprecated in version 3.0. Use 'pkeyutl' instead.
rsautl: Use -help for summary.
Importing keystore keystore49.jks to deststore.p12...
Existing entry alias server exists, overwrite? [no]:  Enter new alias name	(RETURN to cancel import for this entry):  Entry for alias server not imported.
Import command completed:  0 entries successfully imported, 1 entries failed or cancelled
The command rsautl was deprecated in version 3.0. Use 'pkeyutl' instead.
rsautl: Use -help for summary.
Importing keystore keystore4.jks to deststore.p12...
Existing entry alias server exists, overwrite? [no]:  Enter new alias name	(RETURN to cancel import for this entry):  Entry for alias server not imported.
Import command completed:  0 entries successfully imported, 1 entries failed or cancelled
The command rsautl was deprecated in version 3.0. Use 'pkeyutl' instead.
rsautl: Use -help for summary.
Importing keystore keystore50.jks to deststore.p12...
Existing entry alias server exists, overwrite? [no]:  Enter new alias name	(RETURN to cancel import for this entry):  Entry for alias server not imported.
Import command completed:  0 entries successfully imported, 1 entries failed or cancelled
The command rsautl was deprecated in version 3.0. Use 'pkeyutl' instead.
rsautl: Use -help for summary.
Importing keystore keystore5.jks to deststore.p12...
Existing entry alias server exists, overwrite? [no]:  Enter new alias name	(RETURN to cancel import for this entry):  Entry for alias server not imported.
Import command completed:  0 entries successfully imported, 1 entries failed or cancelled
The command rsautl was deprecated in version 3.0. Use 'pkeyutl' instead.
rsautl: Use -help for summary.
Importing keystore keystore6.jks to deststore.p12...
Existing entry alias server exists, overwrite? [no]:  Enter new alias name	(RETURN to cancel import for this entry):  Entry for alias server not imported.
Import command completed:  0 entries successfully imported, 1 entries failed or cancelled
The command rsautl was deprecated in version 3.0. Use 'pkeyutl' instead.
rsautl: Use -help for summary.
Importing keystore keystore7.jks to deststore.p12...
Existing entry alias server exists, overwrite? [no]:  Enter new alias name	(RETURN to cancel import for this entry):  Entry for alias server not imported.
Import command completed:  0 entries successfully imported, 1 entries failed or cancelled
The command rsautl was deprecated in version 3.0. Use 'pkeyutl' instead.
rsautl: Use -help for summary.
Importing keystore keystore8.jks to deststore.p12...
Existing entry alias server exists, overwrite? [no]:  Enter new alias name	(RETURN to cancel import for this entry):  Entry for alias server not imported.
Import command completed:  0 entries successfully imported, 1 entries failed or cancelled
The command rsautl was deprecated in version 3.0. Use 'pkeyutl' instead.
rsautl: Use -help for summary.
Importing keystore keystore9.jks to deststore.p12...
Existing entry alias server exists, overwrite? [no]:  Enter new alias name	(RETURN to cancel import for this entry):  Entry for alias server not imported.
Import command completed:  0 entries successfully imported, 1 entries failed or cancelled
The command rsautl was deprecated in version 3.0. Use 'pkeyutl' instead.
rsautl: Use -help for summary.
Importing keystore keystore10.jks to dest_keystore10.jks.p12...
Entry for alias server successfully imported.
Import command completed:  1 entries successfully imported, 0 entries failed or cancelled
The command rsautl was deprecated in version 3.0. Use 'pkeyutl' instead.
Importing keystore keystore11.jks to dest_keystore11.jks.p12...
Entry for alias server successfully imported.
Import command completed:  1 entries successfully imported, 0 entries failed or cancelled
The command rsautl was deprecated in version 3.0. Use 'pkeyutl' instead.
Importing keystore keystore12.jks to dest_keystore12.jks.p12...
Entry for alias server successfully imported.
Import command completed:  1 entries successfully imported, 0 entries failed or cancelled
The command rsautl was deprecated in version 3.0. Use 'pkeyutl' instead.
Importing keystore keystore13.jks to dest_keystore13.jks.p12...
Entry for alias server successfully imported.
Import command completed:  1 entries successfully imported, 0 entries failed or cancelled
The command rsautl was deprecated in version 3.0. Use 'pkeyutl' instead.
Importing keystore keystore14.jks to dest_keystore14.jks.p12...
Entry for alias server successfully imported.
Import command completed:  1 entries successfully imported, 0 entries failed or cancelled
The command rsautl was deprecated in version 3.0. Use 'pkeyutl' instead.
Importing keystore keystore15.jks to dest_keystore15.jks.p12...
Entry for alias server successfully imported.
Import command completed:  1 entries successfully imported, 0 entries failed or cancelled
The command rsautl was deprecated in version 3.0. Use 'pkeyutl' instead.
Importing keystore keystore16.jks to dest_keystore16.jks.p12...
Entry for alias server successfully imported.
Import command completed:  1 entries successfully imported, 0 entries failed or cancelled
The command rsautl was deprecated in version 3.0. Use 'pkeyutl' instead.
Importing keystore keystore17.jks to dest_keystore17.jks.p12...
Entry for alias server successfully imported.
Import command completed:  1 entries successfully imported, 0 entries failed or cancelled
The command rsautl was deprecated in version 3.0. Use 'pkeyutl' instead.
Importing keystore keystore18.jks to dest_keystore18.jks.p12...
Entry for alias server successfully imported.
Import command completed:  1 entries successfully imported, 0 entries failed or cancelled
The command rsautl was deprecated in version 3.0. Use 'pkeyutl' instead.
Importing keystore keystore19.jks to dest_keystore19.jks.p12...
Entry for alias server successfully imported.
Import command completed:  1 entries successfully imported, 0 entries failed or cancelled
The command rsautl was deprecated in version 3.0. Use 'pkeyutl' instead.
Importing keystore keystore1.jks to dest_keystore1.jks.p12...
Entry for alias server successfully imported.
Import command completed:  1 entries successfully imported, 0 entries failed or cancelled
The command rsautl was deprecated in version 3.0. Use 'pkeyutl' instead.
Importing keystore keystore20.jks to dest_keystore20.jks.p12...
Entry for alias server successfully imported.
Import command completed:  1 entries successfully imported, 0 entries failed or cancelled
The command rsautl was deprecated in version 3.0. Use 'pkeyutl' instead.
Importing keystore keystore21.jks to dest_keystore21.jks.p12...
Entry for alias server successfully imported.
Import command completed:  1 entries successfully imported, 0 entries failed or cancelled
The command rsautl was deprecated in version 3.0. Use 'pkeyutl' instead.
Importing keystore keystore22.jks to dest_keystore22.jks.p12...
Entry for alias server successfully imported.
Import command completed:  1 entries successfully imported, 0 entries failed or cancelled
The command rsautl was deprecated in version 3.0. Use 'pkeyutl' instead.
Importing keystore keystore23.jks to dest_keystore23.jks.p12...
Entry for alias server successfully imported.
Import command completed:  1 entries successfully imported, 0 entries failed or cancelled
The command rsautl was deprecated in version 3.0. Use 'pkeyutl' instead.
Importing keystore keystore24.jks to dest_keystore24.jks.p12...
Entry for alias server successfully imported.
Import command completed:  1 entries successfully imported, 0 entries failed or cancelled
The command rsautl was deprecated in version 3.0. Use 'pkeyutl' instead.
Importing keystore keystore25.jks to dest_keystore25.jks.p12...
Entry for alias server successfully imported.
Import command completed:  1 entries successfully imported, 0 entries failed or cancelled
The command rsautl was deprecated in version 3.0. Use 'pkeyutl' instead.
Importing keystore keystore26.jks to dest_keystore26.jks.p12...
Entry for alias server successfully imported.
Import command completed:  1 entries successfully imported, 0 entries failed or cancelled
The command rsautl was deprecated in version 3.0. Use 'pkeyutl' instead.
Importing keystore keystore27.jks to dest_keystore27.jks.p12...
Entry for alias server successfully imported.
Import command completed:  1 entries successfully imported, 0 entries failed or cancelled
The command rsautl was deprecated in version 3.0. Use 'pkeyutl' instead.
Importing keystore keystore28.jks to dest_keystore28.jks.p12...
Entry for alias server successfully imported.
Import command completed:  1 entries successfully imported, 0 entries failed or cancelled
The command rsautl was deprecated in version 3.0. Use 'pkeyutl' instead.
Importing keystore keystore29.jks to dest_keystore29.jks.p12...
Entry for alias server successfully imported.
Import command completed:  1 entries successfully imported, 0 entries failed or cancelled
The command rsautl was deprecated in version 3.0. Use 'pkeyutl' instead.
Importing keystore keystore2.jks to dest_keystore2.jks.p12...
Entry for alias server successfully imported.
Import command completed:  1 entries successfully imported, 0 entries failed or cancelled
The command rsautl was deprecated in version 3.0. Use 'pkeyutl' instead.
Importing keystore keystore30.jks to dest_keystore30.jks.p12...
Entry for alias server successfully imported.
Import command completed:  1 entries successfully imported, 0 entries failed or cancelled
The command rsautl was deprecated in version 3.0. Use 'pkeyutl' instead.
Importing keystore keystore31.jks to dest_keystore31.jks.p12...
Entry for alias server successfully imported.
Import command completed:  1 entries successfully imported, 0 entries failed or cancelled
The command rsautl was deprecated in version 3.0. Use 'pkeyutl' instead.
Importing keystore keystore32.jks to dest_keystore32.jks.p12...
Entry for alias server successfully imported.
Import command completed:  1 entries successfully imported, 0 entries failed or cancelled
The command rsautl was deprecated in version 3.0. Use 'pkeyutl' instead.
Importing keystore keystore33.jks to dest_keystore33.jks.p12...
Entry for alias server successfully imported.
Import command completed:  1 entries successfully imported, 0 entries failed or cancelled
The command rsautl was deprecated in version 3.0. Use 'pkeyutl' instead.
Importing keystore keystore34.jks to dest_keystore34.jks.p12...
Entry for alias server successfully imported.
Import command completed:  1 entries successfully imported, 0 entries failed or cancelled
The command rsautl was deprecated in version 3.0. Use 'pkeyutl' instead.
Importing keystore keystore35.jks to dest_keystore35.jks.p12...
Entry for alias server successfully imported.
Import command completed:  1 entries successfully imported, 0 entries failed or cancelled
The command rsautl was deprecated in version 3.0. Use 'pkeyutl' instead.
Importing keystore keystore36.jks to dest_keystore36.jks.p12...
Entry for alias server successfully imported.
Import command completed:  1 entries successfully imported, 0 entries failed or cancelled
The command rsautl was deprecated in version 3.0. Use 'pkeyutl' instead.
Importing keystore keystore37.jks to dest_keystore37.jks.p12...
Entry for alias server successfully imported.
Import command completed:  1 entries successfully imported, 0 entries failed or cancelled
The command rsautl was deprecated in version 3.0. Use 'pkeyutl' instead.
Importing keystore keystore38.jks to dest_keystore38.jks.p12...
Entry for alias server successfully imported.
Import command completed:  1 entries successfully imported, 0 entries failed or cancelled
The command rsautl was deprecated in version 3.0. Use 'pkeyutl' instead.
Importing keystore keystore39.jks to dest_keystore39.jks.p12...
Entry for alias server successfully imported.
Import command completed:  1 entries successfully imported, 0 entries failed or cancelled
The command rsautl was deprecated in version 3.0. Use 'pkeyutl' instead.
Importing keystore keystore3.jks to dest_keystore3.jks.p12...
Entry for alias server successfully imported.
Import command completed:  1 entries successfully imported, 0 entries failed or cancelled
The command rsautl was deprecated in version 3.0. Use 'pkeyutl' instead.
Importing keystore keystore40.jks to dest_keystore40.jks.p12...
Entry for alias server successfully imported.
Import command completed:  1 entries successfully imported, 0 entries failed or cancelled
The command rsautl was deprecated in version 3.0. Use 'pkeyutl' instead.
Importing keystore keystore41.jks to dest_keystore41.jks.p12...
Entry for alias server successfully imported.
Import command completed:  1 entries successfully imported, 0 entries failed or cancelled
The command rsautl was deprecated in version 3.0. Use 'pkeyutl' instead.
Importing keystore keystore42.jks to dest_keystore42.jks.p12...
Entry for alias server successfully imported.
Import command completed:  1 entries successfully imported, 0 entries failed or cancelled
The command rsautl was deprecated in version 3.0. Use 'pkeyutl' instead.
Importing keystore keystore43.jks to dest_keystore43.jks.p12...
Entry for alias server successfully imported.
Import command completed:  1 entries successfully imported, 0 entries failed or cancelled
The command rsautl was deprecated in version 3.0. Use 'pkeyutl' instead.
Importing keystore keystore44.jks to dest_keystore44.jks.p12...
Entry for alias server successfully imported.
Import command completed:  1 entries successfully imported, 0 entries failed or cancelled
The command rsautl was deprecated in version 3.0. Use 'pkeyutl' instead.
Importing keystore keystore45.jks to dest_keystore45.jks.p12...
Entry for alias server successfully imported.
Import command completed:  1 entries successfully imported, 0 entries failed or cancelled
The command rsautl was deprecated in version 3.0. Use 'pkeyutl' instead.
Importing keystore keystore46.jks to dest_keystore46.jks.p12...
Entry for alias server successfully imported.
Import command completed:  1 entries successfully imported, 0 entries failed or cancelled
The command rsautl was deprecated in version 3.0. Use 'pkeyutl' instead.
Importing keystore keystore47.jks to dest_keystore47.jks.p12...
Entry for alias server successfully imported.
Import command completed:  1 entries successfully imported, 0 entries failed or cancelled
The command rsautl was deprecated in version 3.0. Use 'pkeyutl' instead.
Importing keystore keystore48.jks to dest_keystore48.jks.p12...
Entry for alias server successfully imported.
Import command completed:  1 entries successfully imported, 0 entries failed or cancelled
The command rsautl was deprecated in version 3.0. Use 'pkeyutl' instead.
Importing keystore keystore49.jks to dest_keystore49.jks.p12...
Entry for alias server successfully imported.
Import command completed:  1 entries successfully imported, 0 entries failed or cancelled
The command rsautl was deprecated in version 3.0. Use 'pkeyutl' instead.
Importing keystore keystore4.jks to dest_keystore4.jks.p12...
Entry for alias server successfully imported.
Import command completed:  1 entries successfully imported, 0 entries failed or cancelled
The command rsautl was deprecated in version 3.0. Use 'pkeyutl' instead.
Importing keystore keystore50.jks to dest_keystore50.jks.p12...
Entry for alias server successfully imported.
Import command completed:  1 entries successfully imported, 0 entries failed or cancelled
The command rsautl was deprecated in version 3.0. Use 'pkeyutl' instead.
Importing keystore keystore5.jks to dest_keystore5.jks.p12...
Entry for alias server successfully imported.
Import command completed:  1 entries successfully imported, 0 entries failed or cancelled
The command rsautl was deprecated in version 3.0. Use 'pkeyutl' instead.
Importing keystore keystore6.jks to dest_keystore6.jks.p12...
Entry for alias server successfully imported.
Import command completed:  1 entries successfully imported, 0 entries failed or cancelled
The command rsautl was deprecated in version 3.0. Use 'pkeyutl' instead.
Importing keystore keystore7.jks to dest_keystore7.jks.p12...
Entry for alias server successfully imported.
Import command completed:  1 entries successfully imported, 0 entries failed or cancelled
The command rsautl was deprecated in version 3.0. Use 'pkeyutl' instead.
Importing keystore keystore8.jks to dest_keystore8.jks.p12...
Entry for alias server successfully imported.
Import command completed:  1 entries successfully imported, 0 entries failed or cancelled
The command rsautl was deprecated in version 3.0. Use 'pkeyutl' instead.
Importing keystore keystore9.jks to dest_keystore9.jks.p12...
Entry for alias server successfully imported.
Import command completed:  1 entries successfully imported, 0 entries failed or cancelled
The command rsautl was deprecated in version 3.0. Use 'pkeyutl' instead.
